Component: ARM Compiler 5.06 update 6 (build 750) Tool: armlink [4d35ed]

==============================================================================

Section Cross References

    startup_stm32h743xx.o(STACK) refers (Special) to heapauxi.o(.text) for __use_two_region_memory
    startup_stm32h743xx.o(HEAP) refers (Special) to heapauxi.o(.text) for __use_two_region_memory
    startup_stm32h743xx.o(RESET) refers (Special) to heapauxi.o(.text) for __use_two_region_memory
    startup_stm32h743xx.o(RESET) refers to startup_stm32h743xx.o(STACK) for __initial_sp
    startup_stm32h743xx.o(RESET) refers to startup_stm32h743xx.o(.text) for Reset_Handler
    startup_stm32h743xx.o(RESET) refers to stm32h7xx_it.o(i.NMI_Handler) for NMI_Handler
    startup_stm32h743xx.o(RESET) refers to stm32h7xx_it.o(i.HardFault_Handler) for HardFault_Handler
    startup_stm32h743xx.o(RESET) refers to stm32h7xx_it.o(i.MemManage_Handler) for MemManage_Handler
    startup_stm32h743xx.o(RESET) refers to stm32h7xx_it.o(i.BusFault_Handler) for BusFault_Handler
    startup_stm32h743xx.o(RESET) refers to stm32h7xx_it.o(i.UsageFault_Handler) for UsageFault_Handler
    startup_stm32h743xx.o(RESET) refers to stm32h7xx_it.o(i.SVC_Handler) for SVC_Handler
    startup_stm32h743xx.o(RESET) refers to stm32h7xx_it.o(i.DebugMon_Handler) for DebugMon_Handler
    startup_stm32h743xx.o(RESET) refers to stm32h7xx_it.o(i.PendSV_Handler) for PendSV_Handler
    startup_stm32h743xx.o(RESET) refers to stm32h7xx_it.o(i.SysTick_Handler) for SysTick_Handler
    startup_stm32h743xx.o(RESET) refers to stm32h7xx_it.o(i.DMA1_Stream0_IRQHandler) for DMA1_Stream0_IRQHandler
    startup_stm32h743xx.o(RESET) refers to stm32h7xx_it.o(i.I2C2_EV_IRQHandler) for I2C2_EV_IRQHandler
    startup_stm32h743xx.o(RESET) refers to stm32h7xx_it.o(i.I2C2_ER_IRQHandler) for I2C2_ER_IRQHandler
    startup_stm32h743xx.o(RESET) refers to stm32h7xx_it.o(i.USART1_IRQHandler) for USART1_IRQHandler
    startup_stm32h743xx.o(.text) refers (Special) to heapauxi.o(.text) for __use_two_region_memory
    startup_stm32h743xx.o(.text) refers to system_stm32h7xx.o(i.SystemInit) for SystemInit
    startup_stm32h743xx.o(.text) refers to __main.o(!!!main) for __main
    startup_stm32h743xx.o(.text) refers to startup_stm32h743xx.o(HEAP) for Heap_Mem
    startup_stm32h743xx.o(.text) refers to startup_stm32h743xx.o(STACK) for Stack_Mem
    main.o(i.SystemClock_Config) refers to rt_memclr_w.o(.text) for __aeabi_memclr4
    main.o(i.SystemClock_Config) refers to stm32h7xx_hal_pwr_ex.o(i.HAL_PWREx_ConfigSupply) for HAL_PWREx_ConfigSupply
    main.o(i.SystemClock_Config) refers to stm32h7xx_hal_rcc.o(i.HAL_RCC_OscConfig) for HAL_RCC_OscConfig
    main.o(i.SystemClock_Config) refers to main.o(i.Error_Handler) for Error_Handler
    main.o(i.SystemClock_Config) refers to stm32h7xx_hal_rcc.o(i.HAL_RCC_ClockConfig) for HAL_RCC_ClockConfig
    main.o(i.main) refers to stm32h7xx_hal.o(i.HAL_Init) for HAL_Init
    main.o(i.main) refers to main.o(i.SystemClock_Config) for SystemClock_Config
    main.o(i.main) refers to gpio.o(i.MX_GPIO_Init) for MX_GPIO_Init
    main.o(i.main) refers to dma.o(i.MX_DMA_Init) for MX_DMA_Init
    main.o(i.main) refers to i2c.o(i.MX_I2C2_Init) for MX_I2C2_Init
    main.o(i.main) refers to usart.o(i.MX_USART1_UART_Init) for MX_USART1_UART_Init
    main.o(i.main) refers to oled.o(i.OLED_Init) for OLED_Init
    main.o(i.main) refers to oled.o(i.OLED_Test) for OLED_Test
    main.o(i.main) refers to oled.o(i.OLED_Update) for OLED_Update
    main.o(i.main) refers to stm32h7xx_hal.o(i.HAL_Delay) for HAL_Delay
    main.o(i.main) refers to oled.o(i.OLED_Clear) for OLED_Clear
    main.o(i.main) refers to oled.o(i.OLED_ShowString) for OLED_ShowString
    dma.o(i.MX_DMA_Init) refers to stm32h7xx_hal_cortex.o(i.HAL_NVIC_SetPriority) for HAL_NVIC_SetPriority
    dma.o(i.MX_DMA_Init) refers to stm32h7xx_hal_cortex.o(i.HAL_NVIC_EnableIRQ) for HAL_NVIC_EnableIRQ
    i2c.o(i.HAL_I2C_MspDeInit) refers to stm32h7xx_hal_gpio.o(i.HAL_GPIO_DeInit) for HAL_GPIO_DeInit
    i2c.o(i.HAL_I2C_MspDeInit) refers to stm32h7xx_hal_dma.o(i.HAL_DMA_DeInit) for HAL_DMA_DeInit
    i2c.o(i.HAL_I2C_MspDeInit) refers to stm32h7xx_hal_cortex.o(i.HAL_NVIC_DisableIRQ) for HAL_NVIC_DisableIRQ
    i2c.o(i.HAL_I2C_MspInit) refers to rt_memclr_w.o(.text) for __aeabi_memclr4
    i2c.o(i.HAL_I2C_MspInit) refers to stm32h7xx_hal_rcc_ex.o(i.HAL_RCCEx_PeriphCLKConfig) for HAL_RCCEx_PeriphCLKConfig
    i2c.o(i.HAL_I2C_MspInit) refers to main.o(i.Error_Handler) for Error_Handler
    i2c.o(i.HAL_I2C_MspInit) refers to stm32h7xx_hal_gpio.o(i.HAL_GPIO_Init) for HAL_GPIO_Init
    i2c.o(i.HAL_I2C_MspInit) refers to stm32h7xx_hal_dma.o(i.HAL_DMA_Init) for HAL_DMA_Init
    i2c.o(i.HAL_I2C_MspInit) refers to stm32h7xx_hal_cortex.o(i.HAL_NVIC_SetPriority) for HAL_NVIC_SetPriority
    i2c.o(i.HAL_I2C_MspInit) refers to stm32h7xx_hal_cortex.o(i.HAL_NVIC_EnableIRQ) for HAL_NVIC_EnableIRQ
[...]
    .ARM.Collect$$libshutdown$$00000010      0x0800031e   Section        2  libshutdown2.o(.ARM.Collect$$libshutdown$$00000010)
    .ARM.Collect$$rtentry$$00000000          0x08000320   Section        0  __rtentry.o(.ARM.Collect$$rtentry$$00000000)
    .ARM.Collect$$rtentry$$00000002          0x08000320   Section        0  __rtentry2.o(.ARM.Collect$$rtentry$$00000002)
    .ARM.Collect$$rtentry$$00000004          0x08000320   Section        6  __rtentry4.o(.ARM.Collect$$rtentry$$00000004)
    .ARM.Collect$$rtentry$$00000009          0x08000326   Section        0  __rtentry2.o(.ARM.Collect$$rtentry$$00000009)
    .ARM.Collect$$rtentry$$0000000A          0x08000326   Section        4  __rtentry2.o(.ARM.Collect$$rtentry$$0000000A)
    .ARM.Collect$$rtentry$$0000000C          0x0800032a   Section        0  __rtentry2.o(.ARM.Collect$$rtentry$$0000000C)
    .ARM.Collect$$rtentry$$0000000D          0x0800032a   Section        8  __rtentry2.o(.ARM.Collect$$rtentry$$0000000D)
    .ARM.Collect$$rtexit$$00000000           0x08000332   Section        2  rtexit.o(.ARM.Collect$$rtexit$$00000000)
    .ARM.Collect$$rtexit$$00000002           0x08000334   Section        0  rtexit2.o(.ARM.Collect$$rtexit$$00000002)
    .ARM.Collect$$rtexit$$00000003           0x08000334   Section        4  rtexit2.o(.ARM.Collect$$rtexit$$00000003)
    .ARM.Collect$$rtexit$$00000004           0x08000338   Section        6  rtexit2.o(.ARM.Collect$$rtexit$$00000004)
    .emb_text                                0x08000340   Section        0  maybetermalloc1.o(.emb_text)
    .text                                    0x08000340   Section       64  startup_stm32h743xx.o(.text)
    $v0                                      0x08000340   Number         0  startup_stm32h743xx.o(.text)
    .text                                    0x08000380   Section        0  h1_alloc.o(.text)
    .text                                    0x080003de   Section        0  h1_free.o(.text)
    .text                                    0x0800042c   Section      238  lludivv7m.o(.text)
    .text                                    0x0800051a   Section       78  rt_memclr_w.o(.text)
    .text                                    0x08000568   Section      104  strcmpv7m_pel.o(.text)
    .text                                    0x080005d0   Section        0  heapauxi.o(.text)
    .text                                    0x080005d8   Section        8  rt_heap_descriptor_intlibspace.o(.text)
    .text                                    0x080005e0   Section        0  hguard.o(.text)
    .text                                    0x080005e4   Section        0  init_alloc.o(.text)
    .text                                    0x0800066e   Section        0  h1_init.o(.text)
    .text                                    0x0800067c   Section        8  libspace.o(.text)
    .text                                    0x08000684   Section        0  h1_extend.o(.text)
    .text                                    0x080006b8   Section        0  defsig_rtmem_outer.o(.text)
    .text                                    0x080006c6   Section        2  use_no_semi.o(.text)
    .text                                    0x080006c8   Section       74  sys_stackheap_outer.o(.text)
    .text                                    0x080006c8   Section        0  indicate_semi.o(.text)
    .text                                    0x08000712   Section        0  exit.o(.text)
    .text                                    0x08000724   Section        0  defsig_exit.o(.text)
    .text                                    0x08000730   Section        0  defsig_rtmem_inner.o(.text)
    .text                                    0x08000780   Section        0  sys_exit.o(.text)
    .text                                    0x0800078c   Section        0  defsig_general.o(.text)
    .text                                    0x080007be   Section        0  sys_wrch.o(.text)
    i.BusFault_Handler                       0x080007cc   Section        0  stm32h7xx_it.o(i.BusFault_Handler)
    i.DMA1_Stream0_IRQHandler                0x080007d0   Section        0  stm32h7xx_it.o(i.DMA1_Stream0_IRQHandler)
    i.DMA_CalcBaseAndBitshift                0x080007e0   Section        0  stm32h7xx_hal_dma.o(i.DMA_CalcBaseAndBitshift)
    DMA_CalcBaseAndBitshift                  0x080007e1   Thumb Code   224  stm32h7xx_hal_dma.o(i.DMA_CalcBaseAndBitshift)
    i.DMA_CalcDMAMUXChannelBaseAndMask       0x080008cc   Section        0  stm32h7xx_hal_dma.o(i.DMA_CalcDMAMUXChannelBaseAndMask)
    DMA_CalcDMAMUXChannelBaseAndMask         0x080008cd   Thumb Code   178  stm32h7xx_hal_dma.o(i.DMA_CalcDMAMUXChannelBaseAndMask)
    i.DMA_CalcDMAMUXRequestGenBaseAndMask    0x08000990   Section        0  stm32h7xx_hal_dma.o(i.DMA_CalcDMAMUXRequestGenBaseAndMask)
    DMA_CalcDMAMUXRequestGenBaseAndMask      0x08000991   Thumb Code   140  stm32h7xx_hal_dma.o(i.DMA_CalcDMAMUXRequestGenBaseAndMask)
    i.DMA_CheckFifoParam                     0x08000a28   Section        0  stm32h7xx_hal_dma.o(i.DMA_CheckFifoParam)
    DMA_CheckFifoParam                       0x08000a29   Thumb Code   174  stm32h7xx_hal_dma.o(i.DMA_CheckFifoParam)
    i.DebugMon_Handler                       0x08000ad6   Section        0  stm32h7xx_it.o(i.DebugMon_Handler)
    i.Error_Handler                          0x08000ad8   Section        0  main.o(i.Error_Handler)
    i.HAL_DMA_Abort                          0x08000ae0   Section        0  stm32h7xx_hal_dma.o(i.HAL_DMA_Abort)
    i.HAL_DMA_Abort_IT                       0x08000fbc   Section        0  stm32h7xx_hal_dma.o(i.HAL_DMA_Abort_IT)
    i.HAL_DMA_GetState                       0x08001354   Section        0  stm32h7xx_hal_dma.o(i.HAL_DMA_GetState)
    i.HAL_DMA_IRQHandler                     0x0800135c   Section        0  stm32h7xx_hal_dma.o(i.HAL_DMA_IRQHandler)
    i.HAL_DMA_Init                           0x08001e54   Section        0  stm32h7xx_hal_dma.o(i.HAL_DMA_Init)
    i.HAL_Delay                              0x08002374   Section        0  stm32h7xx_hal.o(i.HAL_Delay)
    i.HAL_GPIO_Init                          0x0800239c   Section        0  stm32h7xx_hal_gpio.o(i.HAL_GPIO_Init)
    i.HAL_GetREVID                           0x08002598   Section        0  stm32h7xx_hal.o(i.HAL_GetREVID)
    i.HAL_GetTick                            0x080025a4   Section        0  stm32h7xx_hal.o(i.HAL_GetTick)
    i.HAL_I2CEx_ConfigAnalogFilter           0x080025b0   Section        0  stm32h7xx_hal_i2c_ex.o(i.HAL_I2CEx_ConfigAnalogFilter)
    i.HAL_I2CEx_ConfigDigitalFilter          0x0800261a   Section        0  stm32h7xx_hal_i2c_ex.o(i.HAL_I2CEx_ConfigDigitalFilter)
    i.HAL_I2CEx_EnableFastModePlus           0x08002684   Section        0  stm32h7xx_hal_i2c_ex.o(i.HAL_I2CEx_EnableFastModePlus)
    i.HAL_I2C_AbortCpltCallback              0x080026b8   Section        0  stm32h7xx_hal_i2c.o(i.HAL_I2C_AbortCpltCallback)
    i.HAL_I2C_AddrCallback                   0x080026ba   Section        0  stm32h7xx_hal_i2c.o(i.HAL_I2C_AddrCallback)
    i.HAL_I2C_ER_IRQHandler                  0x080026bc   Section        0  stm32h7xx_hal_i2c.o(i.HAL_I2C_ER_IRQHandler)
    i.HAL_I2C_EV_IRQHandler                  0x08002732   Section        0  stm32h7xx_hal_i2c.o(i.HAL_I2C_EV_IRQHandler)
    i.HAL_I2C_ErrorCallback                  0x0800274e   Section        0  stm32h7xx_hal_i2c.o(i.HAL_I2C_ErrorCallback)
    i.HAL_I2C_Init                           0x08002750   Section        0  stm32h7xx_hal_i2c.o(i.HAL_I2C_Init)
    i.HAL_I2C_ListenCpltCallback             0x08002828   Section        0  stm32h7xx_hal_i2c.o(i.HAL_I2C_ListenCpltCallback)
    i.HAL_I2C_Master_Transmit                0x0800282c   Section        0  stm32h7xx_hal_i2c.o(i.HAL_I2C_Master_Transmit)
    i.HAL_I2C_MspInit                        0x080029bc   Section        0  i2c.o(i.HAL_I2C_MspInit)
    i.HAL_I2C_SlaveRxCpltCallback            0x08002abc   Section        0  stm32h7xx_hal_i2c.o(i.HAL_I2C_SlaveRxCpltCallback)
    i.HAL_I2C_SlaveTxCpltCallback            0x08002abe   Section        0  stm32h7xx_hal_i2c.o(i.HAL_I2C_SlaveTxCpltCallback)
    i.HAL_IncTick                            0x08002ac0   Section        0  stm32h7xx_hal.o(i.HAL_IncTick)
    i.HAL_Init                               0x08002ad8   Section        0  stm32h7xx_hal.o(i.HAL_Init)
    i.HAL_InitTick                           0x08002b38   Section        0  stm32h7xx_hal.o(i.HAL_InitTick)
    i.HAL_MspInit                            0x08002b90   Section        0  stm32h7xx_hal_msp.o(i.HAL_MspInit)
    i.HAL_NVIC_EnableIRQ                     0x08002bb4   Section        0  stm32h7xx_hal_cortex.o(i.HAL_NVIC_EnableIRQ)
    i.HAL_NVIC_SetPriority                   0x08002bdc   Section        0  stm32h7xx_hal_cortex.o(i.HAL_NVIC_SetPriority)
    i.HAL_NVIC_SetPriorityGrouping           0x08002c58   Section        0  stm32h7xx_hal_cortex.o(i.HAL_NVIC_SetPriorityGrouping)
    i.HAL_PWREx_ConfigSupply                 0x08002c80   Section        0  stm32h7xx_hal_pwr_ex.o(i.HAL_PWREx_ConfigSupply)
    i.HAL_RCCEx_GetD3PCLK1Freq               0x08002ce0   Section        0  stm32h7xx_hal_rcc_ex.o(i.HAL_RCCEx_GetD3PCLK1Freq)
    i.HAL_RCCEx_GetPLL2ClockFreq             0x08002d04   Section        0  stm32h7xx_hal_rcc_ex.o(i.HAL_RCCEx_GetPLL2ClockFreq)
    i.HAL_RCCEx_GetPLL3ClockFreq             0x08002f34   Section        0  stm32h7xx_hal_rcc_ex.o(i.HAL_RCCEx_GetPLL3ClockFreq)
    i.HAL_RCCEx_PeriphCLKConfig              0x08003164   Section        0  stm32h7xx_hal_rcc_ex.o(i.HAL_RCCEx_PeriphCLKConfig)
    i.HAL_RCC_ClockConfig                    0x08003ecc   Section        0  stm32h7xx_hal_rcc.o(i.HAL_RCC_ClockConfig)
    i.HAL_RCC_GetHCLKFreq                    0x080041ec   Section        0  stm32h7xx_hal_rcc.o(i.HAL_RCC_GetHCLKFreq)
    i.HAL_RCC_GetPCLK1Freq                   0x08004238   Section        0  stm32h7xx_hal_rcc.o(i.HAL_RCC_GetPCLK1Freq)
    i.HAL_RCC_GetPCLK2Freq                   0x0800425c   Section        0  stm32h7xx_hal_rcc.o(i.HAL_RCC_GetPCLK2Freq)
    i.HAL_RCC_GetSysClockFreq                0x08004280   Section        0  stm32h7xx_hal_rcc.o(i.HAL_RCC_GetSysClockFreq)
    i.HAL_RCC_OscConfig                      0x080044ac   Section        0  stm32h7xx_hal_rcc.o(i.HAL_RCC_OscConfig)
    i.HAL_SYSTICK_Config                     0x08004d04   Section        0  stm32h7xx_hal_cortex.o(i.HAL_SYSTICK_Config)
    i.HAL_UARTEx_DisableFifoMode             0x08004d38   Section        0  stm32h7xx_hal_uart_ex.o(i.HAL_UARTEx_DisableFifoMode)
    i.HAL_UARTEx_RxEventCallback             0x08004d86   Section        0  stm32h7xx_hal_uart.o(i.HAL_UARTEx_RxEventCallback)
    i.HAL_UARTEx_RxFifoFullCallback          0x08004d88   Section        0  stm32h7xx_hal_uart_ex.o(i.HAL_UARTEx_RxFifoFullCallback)
    i.HAL_UARTEx_SetRxFifoThreshold          0x08004d8a   Section        0  stm32h7xx_hal_uart_ex.o(i.HAL_UARTEx_SetRxFifoThreshold)
    i.HAL_UARTEx_SetTxFifoThreshold          0x08004de8   Section        0  stm32h7xx_hal_uart_ex.o(i.HAL_UARTEx_SetTxFifoThreshold)
    i.HAL_UARTEx_TxFifoEmptyCallback         0x08004e46   Section        0  stm32h7xx_hal_uart_ex.o(i.HAL_UARTEx_TxFifoEmptyCallback)
    i.HAL_UARTEx_WakeupCallback              0x08004e48   Section        0  stm32h7xx_hal_uart_ex.o(i.HAL_UARTEx_WakeupCallback)
    i.HAL_UART_ErrorCallback                 0x08004e4a   Section        0  stm32h7xx_hal_uart.o(i.HAL_UART_ErrorCallback)
    i.HAL_UART_IRQHandler                    0x08004e4c   Section        0  stm32h7xx_hal_uart.o(i.HAL_UART_IRQHandler)
    i.HAL_UART_Init                          0x080052e0   Section        0  stm32h7xx_hal_uart.o(i.HAL_UART_Init)
    i.HAL_UART_MspInit                       0x08005358   Section        0  usart.o(i.HAL_UART_MspInit)
    i.HAL_UART_TxCpltCallback                0x08005404   Section        0  stm32h7xx_hal_uart.o(i.HAL_UART_TxCpltCallback)
    i.HardFault_Handler                      0x08005406   Section        0  stm32h7xx_it.o(i.HardFault_Handler)
    i.I2C2_ER_IRQHandler                     0x0800540c   Section        0  stm32h7xx_it.o(i.I2C2_ER_IRQHandler)
    i.I2C2_EV_IRQHandler                     0x0800541c   Section        0  stm32h7xx_it.o(i.I2C2_EV_IRQHandler)
    i.I2C_DMAAbort                           0x0800542c   Section        0  stm32h7xx_hal_i2c.o(i.I2C_DMAAbort)
    I2C_DMAAbort                             0x0800542d   Thumb Code    34  stm32h7xx_hal_i2c.o(i.I2C_DMAAbort)
    i.I2C_Disable_IRQ                        0x0800544e   Section        0  stm32h7xx_hal_i2c.o(i.I2C_Disable_IRQ)
    I2C_Disable_IRQ                          0x0800544f   Thumb Code   110  stm32h7xx_hal_i2c.o(i.I2C_Disable_IRQ)
    i.I2C_Flush_TXDR                         0x080054bc   Section        0  stm32h7xx_hal_i2c.o(i.I2C_Flush_TXDR)
    I2C_Flush_TXDR                           0x080054bd   Thumb Code    40  stm32h7xx_hal_i2c.o(i.I2C_Flush_TXDR)
    i.I2C_ITAddrCplt                         0x080054e4   Section        0  stm32h7xx_hal_i2c.o(i.I2C_ITAddrCplt)
    I2C_ITAddrCplt                           0x080054e5   Thumb Code   206  stm32h7xx_hal_i2c.o(i.I2C_ITAddrCplt)
    i.I2C_ITError                            0x080055b4   Section        0  stm32h7xx_hal_i2c.o(i.I2C_ITError)
    I2C_ITError                              0x080055b5   Thumb Code   326  stm32h7xx_hal_i2c.o(i.I2C_ITError)
    i.I2C_ITListenCplt                       0x08005708   Section        0  stm32h7xx_hal_i2c.o(i.I2C_ITListenCplt)
    I2C_ITListenCplt                         0x08005709   Thumb Code   106  stm32h7xx_hal_i2c.o(i.I2C_ITListenCplt)
    i.I2C_ITSlaveCplt                        0x08005778   Section        0  stm32h7xx_hal_i2c.o(i.I2C_ITSlaveCplt)
    I2C_ITSlaveCplt                          0x08005779   Thumb Code   896  stm32h7xx_hal_i2c.o(i.I2C_ITSlaveCplt)
    i.I2C_ITSlaveSeqCplt                     0x08005b08   Section        0  stm32h7xx_hal_i2c.o(i.I2C_ITSlaveSeqCplt)
    I2C_ITSlaveSeqCplt                       0x08005b09   Thumb Code   140  stm32h7xx_hal_i2c.o(i.I2C_ITSlaveSeqCplt)
    i.I2C_IsErrorOccurred                    0x08005b94   Section        0  stm32h7xx_hal_i2c.o(i.I2C_IsErrorOccurred)
    I2C_IsErrorOccurred                      0x08005b95   Thumb Code   300  stm32h7xx_hal_i2c.o(i.I2C_IsErrorOccurred)
    i.I2C_Slave_ISR_IT                       0x08005cc4   Section        0  stm32h7xx_hal_i2c.o(i.I2C_Slave_ISR_IT)
    I2C_Slave_ISR_IT                         0x08005cc5   Thumb Code   330  stm32h7xx_hal_i2c.o(i.I2C_Slave_ISR_IT)
    i.I2C_TransferConfig                     0x08005e0e   Section        0  stm32h7xx_hal_i2c.o(i.I2C_TransferConfig)
    I2C_TransferConfig                       0x08005e0f   Thumb Code    56  stm32h7xx_hal_i2c.o(i.I2C_TransferConfig)
    i.I2C_TreatErrorCallback                 0x08005e46   Section        0  stm32h7xx_hal_i2c.o(i.I2C_TreatErrorCallback)
    I2C_TreatErrorCallback                   0x08005e47   Thumb Code    58  stm32h7xx_hal_i2c.o(i.I2C_TreatErrorCallback)
    i.I2C_WaitOnFlagUntilTimeout             0x08005e80   Section        0  stm32h7xx_hal_i2c.o(i.I2C_WaitOnFlagUntilTimeout)
    I2C_WaitOnFlagUntilTimeout               0x08005e81   Thumb Code   130  stm32h7xx_hal_i2c.o(i.I2C_WaitOnFlagUntilTimeout)
    i.I2C_WaitOnSTOPFlagUntilTimeout         0x08005f02   Section        0  stm32h7xx_hal_i2c.o(i.I2C_WaitOnSTOPFlagUntilTimeout)
    I2C_WaitOnSTOPFlagUntilTimeout           0x08005f03   Thumb Code    96  stm32h7xx_hal_i2c.o(i.I2C_WaitOnSTOPFlagUntilTimeout)
    i.I2C_WaitOnTXISFlagUntilTimeout         0x08005f62   Section        0  stm32h7xx_hal_i2c.o(i.I2C_WaitOnTXISFlagUntilTimeout)
    I2C_WaitOnTXISFlagUntilTimeout           0x08005f63   Thumb Code   100  stm32h7xx_hal_i2c.o(i.I2C_WaitOnTXISFlagUntilTimeout)
    i.MX_DMA_Init                            0x08005fc8   Section        0  dma.o(i.MX_DMA_Init)
    i.MX_GPIO_Init                           0x08005ffc   Section        0  gpio.o(i.MX_GPIO_Init)
    i.MX_I2C2_Init                           0x08006054   Section        0  i2c.o(i.MX_I2C2_Init)
    i.MX_USART1_UART_Init                    0x080060b0   Section        0  usart.o(i.MX_USART1_UART_Init)
    i.MemManage_Handler                      0x0800611c   Section        0  stm32h7xx_it.o(i.MemManage_Handler)
    i.NMI_Handler                            0x08006120   Section        0  stm32h7xx_it.o(i.NMI_Handler)
    i.OLED_Clear                             0x08006124   Section        0  oled.o(i.OLED_Clear)
    i.OLED_ClearArea                         0x08006150   Section        0  oled.o(i.OLED_ClearArea)
    i.OLED_Init                              0x080061e8   Section        0  oled.o(i.OLED_Init)
    i.OLED_SetCursor                         0x08006290   Section        0  oled.o(i.OLED_SetCursor)
    i.OLED_ShowChar                          0x080062b4   Section        0  oled.o(i.OLED_ShowChar)
    i.OLED_ShowImage                         0x08006308   Section        0  oled.o(i.OLED_ShowImage)
    i.OLED_ShowString                        0x08006410   Section        0  oled.o(i.OLED_ShowString)
    i.OLED_Test                              0x080065d4   Section        0  oled.o(i.OLED_Test)
    i.OLED_Update                            0x08006600   Section        0  oled.o(i.OLED_Update)
    i.OLED_WriteCommand                      0x0800662c   Section        0  oled.o(i.OLED_WriteCommand)
    i.OLED_WriteData                         0x08006650   Section        0  oled.o(i.OLED_WriteData)
    i.PendSV_Handler                         0x08006698   Section        0  stm32h7xx_it.o(i.PendSV_Handler)
    i.RCCEx_PLL2_Config                      0x0800669c   Section        0  stm32h7xx_hal_rcc_ex.o(i.RCCEx_PLL2_Config)
    RCCEx_PLL2_Config                        0x0800669d   Thumb Code   350  stm32h7xx_hal_rcc_ex.o(i.RCCEx_PLL2_Config)
    i.RCCEx_PLL3_Config                      0x08006800   Section        0  stm32h7xx_hal_rcc_ex.o(i.RCCEx_PLL3_Config)
    RCCEx_PLL3_Config                        0x08006801   Thumb Code   350  stm32h7xx_hal_rcc_ex.o(i.RCCEx_PLL3_Config)
    i.SVC_Handler                            0x08006964   Section        0  stm32h7xx_it.o(i.SVC_Handler)
    i.SysTick_Handler                        0x08006966   Section        0  stm32h7xx_it.o(i.SysTick_Handler)
    i.SystemClock_Config                     0x08006970   Section        0  main.o(i.SystemClock_Config)
    i.SystemInit                             0x08006aa4   Section        0  system_stm32h7xx.o(i.SystemInit)
    i.UARTEx_SetNbDataToProcess              0x08006ba0   Section        0  stm32h7xx_hal_uart_ex.o(i.UARTEx_SetNbDataToProcess)
    UARTEx_SetNbDataToProcess                0x08006ba1   Thumb Code    78  stm32h7xx_hal_uart_ex.o(i.UARTEx_SetNbDataToProcess)
    i.UART_AdvFeatureConfig                  0x08006bf8   Section        0  stm32h7xx_hal_uart.o(i.UART_AdvFeatureConfig)
    i.UART_CheckIdleState                    0x08006cf0   Section        0  stm32h7xx_hal_uart.o(i.UART_CheckIdleState)
    i.UART_DMAAbortOnError                   0x08006dda   Section        0  stm32h7xx_hal_uart.o(i.UART_DMAAbortOnError)
    UART_DMAAbortOnError                     0x08006ddb   Thumb Code    24  stm32h7xx_hal_uart.o(i.UART_DMAAbortOnError)
    i.UART_EndRxTransfer                     0x08006df4   Section        0  stm32h7xx_hal_uart.o(i.UART_EndRxTransfer)
    UART_EndRxTransfer                       0x08006df5   Thumb Code   104  stm32h7xx_hal_uart.o(i.UART_EndRxTransfer)
    i.UART_EndTransmit_IT                    0x08006e60   Section        0  stm32h7xx_hal_uart.o(i.UART_EndTransmit_IT)
    UART_EndTransmit_IT                      0x08006e61   Thumb Code    48  stm32h7xx_hal_uart.o(i.UART_EndTransmit_IT)
    i.UART_SetConfig                         0x08006e90   Section        0  stm32h7xx_hal_uart.o(i.UART_SetConfig)
    i.UART_WaitOnFlagUntilTimeout            0x0800741c   Section        0  stm32h7xx_hal_uart.o(i.UART_WaitOnFlagUntilTimeout)
    i.USART1_IRQHandler                      0x080074c8   Section        0  stm32h7xx_it.o(i.USART1_IRQHandler)
    i.UsageFault_Handler                     0x080074d8   Section        0  stm32h7xx_it.o(i.UsageFault_Handler)
    i.__NVIC_GetPriorityGrouping             0x080074dc   Section        0  stm32h7xx_hal_cortex.o(i.__NVIC_GetPriorityGrouping)
    __NVIC_GetPriorityGrouping               0x080074dd   Thumb Code    10  stm32h7xx_hal_cortex.o(i.__NVIC_GetPriorityGrouping)
    i.__NVIC_SetPriority                     0x080074ec   Section        0  stm32h7xx_hal_cortex.o(i.__NVIC_SetPriority)
    __NVIC_SetPriority                       0x080074ed   Thumb Code    32  stm32h7xx_hal_cortex.o(i.__NVIC_SetPriority)
    i.main                                   0x08007514   Section        0  main.o(i.main)
    x$fpl$fpinit                             0x08007568   Section       10  fpinit.o(x$fpl$fpinit)
    $v0                                      0x08007568   Number         0  fpinit.o(x$fpl$fpinit)
    .constdata                               0x08007572   Section        8  stm32h7xx_hal_dma.o(.constdata)
    flagBitshiftOffset                       0x08007572   Data           8  stm32h7xx_hal_dma.o(.constdata)
    .constdata                               0x0800757a   Section       24  stm32h7xx_hal_uart.o(.constdata)
    .constdata                               0x08007592   Section       16  stm32h7xx_hal_uart_ex.o(.constdata)
    numerator                                0x08007592   Data           8  stm32h7xx_hal_uart_ex.o(.constdata)
    denominator                              0x0800759a   Data           8  stm32h7xx_hal_uart_ex.o(.constdata)
    .constdata                               0x080075a2   Section       16  system_stm32h7xx.o(.constdata)
    .constdata                               0x080075b2   Section     3405  oled_data.o(.constdata)
    .data                                    0x24000000   Section        9  stm32h7xx_hal.o(.data)
    .data                                    0x2400000c   Section        8  system_stm32h7xx.o(.data)
    .data                                    0x24000014   Section       15  oled.o(.data)
    PgEnd                                    0x24000020   Data           1  oled.o(.data)
    Page                                     0x24000021   Data           1  oled.o(.data)
    X                                        0x24000022   Data           1  oled.o(.data)
    .bss                                     0x24000024   Section      204  i2c.o(.bss)
    .bss                                     0x240000f0   Section      148  usart.o(.bss)
    .bss                                     0x24000184   Section       96  libspace.o(.bss)
    HEAP                                     0x240001e8   Section     2048  startup_stm32h743xx.o(HEAP)
    Heap_Mem                                 0x240001e8   Data        2048  startup_stm32h743xx.o(HEAP)
    STACK                                    0x240009e8   Section     1024  startup_stm32h743xx.o(STACK)
    Stack_Mem                                0x240009e8   Data        1024  startup_stm32h743xx.o(STACK)
    __initial_sp                             0x24000de8   Data           0  startup_stm32h743xx.o(STACK)

    Global Symbols

    Symbol Name                              Value     Ov Type        Size  Object(Section)

    BuildAttributes$$THM_ISAv4$E$P$D$K$B$S$7EM$VFPv5_D16$PE$PLD8$A:L22UL41UL21$X:L11$S22US41US21$IEEE1$IW$USESV6$~STKCKD$USESV7$~SHL$OTIME$ROPI$IEEEX$EBA8$UX$STANDARDLIB$REQ8$PRES8$EABIv2 0x00000000   Number         0  anon$$obj.o ABSOLUTE
    __ARM_use_no_argv                        0x00000000   Number         0  main.o ABSOLUTE
    _printf_flags                            0x00000000   Number         0  printf_stubs.o ABSOLUTE
    _printf_return_value                     0x00000000   Number         0  printf_stubs.o ABSOLUTE
    _printf_sizespec                         0x00000000   Number         0  printf_stubs.o ABSOLUTE
    _printf_widthprec                        0x00000000   Number         0  printf_stubs.o ABSOLUTE
    __ARM_exceptions_init                     - Undefined Weak Reference
    __alloca_initialize                       - Undefined Weak Reference
    __arm_preinit_                            - Undefined Weak Reference
    __cpp_initialize__aeabi_                  - Undefined Weak Reference
    __cxa_finalize                            - Undefined Weak Reference
    __sigvec_lookup                           - Undefined Weak Reference
    __user_heap_extent                        - Undefined Weak Reference
    _atexit_init                              - Undefined Weak Reference
    _call_atexit_fns                          - Undefined Weak Reference
    _clock_init                               - Undefined Weak Reference
    _fp_trap_init                             - Undefined Weak Reference
    _fp_trap_shutdown                         - Undefined Weak Reference
    _get_lc_collate                           - Undefined Weak Reference
    _get_lc_monetary                          - Undefined Weak Reference
    _get_lc_time                              - Undefined Weak Reference
    _getenv_init                              - Undefined Weak Reference
    _handle_redirection                       - Undefined Weak Reference
    _initio                                   - Undefined Weak Reference
    _mutex_acquire                            - Undefined Weak Reference
    _mutex_free                               - Undefined Weak Reference
    _mutex_release                            - Undefined Weak Reference
    _printf_mbtowc                            - Undefined Weak Reference
    _printf_wc                                - Undefined Weak Reference
    _rand_init                                - Undefined Weak Reference
    _signal_finish                            - Undefined Weak Reference
    _signal_init                              - Undefined Weak Reference
    _terminateio                              - Undefined Weak Reference
    __Vectors_Size                           0x00000298   Number         0  startup_stm32h743xx.o ABSOLUTE
    __Vectors                                0x08000000   Data           4  startup_stm32h743xx.o(RESET)
    __Vectors_End                            0x08000298   Data           0  startup_stm32h743xx.o(RESET)
    __main                                   0x08000299   Thumb Code     8  __main.o(!!!main)
    __scatterload                            0x080002a1   Thumb Code     0  __scatter.o(!!!scatter)
    __scatterload_rt2                        0x080002a1   Thumb Code    44  __scatter.o(!!!scatter)
    __scatterload_rt2_thumb_only             0x080002a1   Thumb Code     0  __scatter.o(!!!scatter)
    __scatterload_null                       0x080002af   Thumb Code     0  __scatter.o(!!!scatter)
    __scatterload_copy                       0x080002d5   Thumb Code    26  __scatter_copy.o(!!handler_copy)
    __scatterload_zeroinit                   0x080002f1   Thumb Code    28  __scatter_zi.o(!!handler_zi)
    __rt_lib_init                            0x0800030d   Thumb Code     0  libinit.o(.ARM.Collect$$libinit$$00000000)
    __rt_lib_init_fp_1                       0x0800030f   Thumb Code     0  libinit2.o(.ARM.Collect$$libinit$$00000001)
    __rt_lib_init_heap_2                     0x08000313   Thumb Code     0  libinit2.o(.ARM.Collect$$libinit$$00000005)
    __rt_lib_init_preinit_1                  0x08000313   Thumb Code     0  libinit2.o(.ARM.Collect$$libinit$$00000004)
    __rt_lib_init_alloca_1                   0x0800031b   Thumb Code     0  libinit2.o(.ARM.Collect$$libinit$$0000002E)
    __rt_lib_init_argv_1                     0x0800031b   Thumb Code     0  libinit2.o(.ARM.Collect$$libinit$$0000002C)
    __rt_lib_init_atexit_1                   0x0800031b   Thumb Code     0  libinit2.o(.ARM.Collect$$libinit$$0000001B)
    __rt_lib_init_clock_1                    0x0800031b   Thumb Code     0  libinit2.o(.ARM.Collect$$libinit$$00000021)
    __rt_lib_init_cpp_1                      0x0800031b   Thumb Code     0  libinit2.o(.ARM.Collect$$libinit$$00000032)
    __rt_lib_init_exceptions_1               0x0800031b   Thumb Code     0  libinit2.o(.ARM.Collect$$libinit$$00000030)
    __rt_lib_init_fp_trap_1                  0x0800031b   Thumb Code     0  libinit2.o(.ARM.Collect$$libinit$$0000001F)
    __rt_lib_init_getenv_1                   0x0800031b   Thumb Code     0  libinit2.o(.ARM.Collect$$libinit$$00000023)
    __rt_lib_init_heap_1                     0x0800031b   Thumb Code     0  libinit2.o(.ARM.Collect$$libinit$$0000000A)
    __rt_lib_init_lc_collate_1               0x0800031b   Thumb Code     0  libinit2.o(.ARM.Collect$$libinit$$00000011)
    __rt_lib_init_lc_ctype_1                 0x0800031b   Thumb Code     0  libinit2.o(.ARM.Collect$$libinit$$00000013)
    __rt_lib_init_lc_monetary_1              0x0800031b   Thumb Code     0  libinit2.o(.ARM.Collect$$libinit$$00000015)
    __rt_lib_init_lc_numeric_1               0x0800031b   Thumb Code     0  libinit2.o(.ARM.Collect$$libinit$$00000017)
    __rt_lib_init_lc_time_1                  0x0800031b   Thumb Code     0  libinit2.o(.ARM.Collect$$libinit$$00000019)
    __rt_lib_init_rand_1                     0x0800031b   Thumb Code     0  libinit2.o(.ARM.Collect$$libinit$$0000000E)
    __rt_lib_init_return                     0x0800031b   Thumb Code     0  libinit2.o(.ARM.Collect$$libinit$$00000033)
    __rt_lib_init_signal_1                   0x0800031b   Thumb Code     0  libinit2.o(.ARM.Collect$$libinit$$0000001D)
    __rt_lib_init_stdio_1                    0x0800031b   Thumb Code     0  libinit2.o(.ARM.Collect$$libinit$$00000025)
    __rt_lib_init_user_alloc_1               0x0800031b   Thumb Code     0  libinit2.o(.ARM.Collect$$libinit$$0000000C)
    __rt_lib_shutdown                        0x0800031d   Thumb Code     0  libshutdown.o(.ARM.Collect$$libshutdown$$00000000)
    __rt_lib_shutdown_cpp_1                  0x0800031f   Thumb Code     0  libshutdown2.o(.ARM.Collect$$libshutdown$$00000002)
    __rt_lib_shutdown_fp_trap_1              0x0800031f   Thumb Code     0  libshutdown2.o(.ARM.Collect$$libshutdown$$00000007)
    __rt_lib_shutdown_heap_1                 0x0800031f   Thumb Code     0  libshutdown2.o(.ARM.Collect$$libshutdown$$0000000F)
    __rt_lib_shutdown_return                 0x0800031f   Thumb Code     0  libshutdown2.o(.ARM.Collect$$libshutdown$$00000010)
    __rt_lib_shutdown_signal_1               0x0800031f   Thumb Code     0  libshutdown2.o(.ARM.Collect$$libshutdown$$0000000A)
    __rt_lib_shutdown_stdio_1                0x0800031f   Thumb Code     0  libshutdown2.o(.ARM.Collect$$libshutdown$$00000004)
    __rt_lib_shutdown_user_alloc_1           0x0800031f   Thumb Code     0  libshutdown2.o(.ARM.Collect$$libshutdown$$0000000C)
    __rt_entry                               0x08000321   Thumb Code     0  __rtentry.o(.ARM.Collect$$rtentry$$00000000)
    __rt_entry_presh_1                       0x08000321   Thumb Code     0  __rtentry2.o(.ARM.Collect$$rtentry$$00000002)
    __rt_entry_sh                            0x08000321   Thumb Code     0  __rtentry4.o(.ARM.Collect$$rtentry$$00000004)
    __rt_entry_li                            0x08000327   Thumb Code     0  __rtentry2.o(.ARM.Collect$$rtentry$$0000000A)
    __rt_entry_postsh_1                      0x08000327   Thumb Code     0  __rtentry2.o(.ARM.Collect$$rtentry$$00000009)
    __rt_entry_main                          0x0800032b   Thumb Code     0  __rtentry2.o(.ARM.Collect$$rtentry$$0000000D)
    __rt_entry_postli_1                      0x0800032b   Thumb Code     0  __rtentry2.o(.ARM.Collect$$rtentry$$0000000C)
    __rt_exit                                0x08000333   Thumb Code     0  rtexit.o(.ARM.Collect$$rtexit$$00000000)
    __rt_exit_ls                             0x08000335   Thumb Code     0  rtexit2.o(.ARM.Collect$$rtexit$$00000003)
    __rt_exit_prels_1                        0x08000335   Thumb Code     0  rtexit2.o(.ARM.Collect$$rtexit$$00000002)
    __rt_exit_exit                           0x08000339   Thumb Code     0  rtexit2.o(.ARM.Collect$$rtexit$$00000004)
    Reset_Handler                            0x08000341   Thumb Code     8  startup_stm32h743xx.o(.text)
    _maybe_terminate_alloc                   0x08000341   Thumb Code     0  maybetermalloc1.o(.emb_text)
    ADC3_IRQHandler                          0x0800035b   Thumb Code     0  startup_stm32h743xx.o(.text)
    ADC_IRQHandler                           0x0800035b   Thumb Code     0  startup_stm32h743xx.o(.text)
    BDMA_Channel0_IRQHandler                 0x0800035b   Thumb Code     0  startup_stm32h743xx.o(.text)
    BDMA_Channel1_IRQHandler                 0x0800035b   Thumb Code     0  startup_stm32h743xx.o(.text)
    BDMA_Channel2_IRQHandler                 0x0800035b   Thumb Code     0  startup_stm32h743xx.o(.text)
    BDMA_Channel3_IRQHandler                 0x0800035b   Thumb Code     0  startup_stm32h743xx.o(.text)
    BDMA_Channel4_IRQHandler                 0x0800035b   Thumb Code     0  startup_stm32h743xx.o(.text)
    BDMA_Channel5_IRQHandler                 0x0800035b   Thumb Code     0  startup_stm32h743xx.o(.text)
    BDMA_Channel6_IRQHandler                 0x0800035b   Thumb Code     0  startup_stm32h743xx.o(.text)
    BDMA_Channel7_IRQHandler                 0x0800035b   Thumb Code     0  startup_stm32h743xx.o(.text)
    CEC_IRQHandler                           0x0800035b   Thumb Code     0  startup_stm32h743xx.o(.text)
    COMP1_IRQHandler                         0x0800035b   Thumb Code     0  startup_stm32h743xx.o(.text)
    CRS_IRQHandler                           0x0800035b   Thumb Code     0  startup_stm32h743xx.o(.text)
    DCMI_IRQHandler                          0x0800035b   Thumb Code     0  startup_stm32h743xx.o(.text)
    DFSDM1_FLT0_IRQHandler                   0x0800035b   Thumb Code     0  startup_stm32h743xx.o(.text)
    DFSDM1_FLT1_IRQHandler                   0x0800035b   Thumb Code     0  startup_stm32h743xx.o(.text)
    DFSDM1_FLT2_IRQHandler                   0x0800035b   Thumb Code     0  startup_stm32h743xx.o(.text)
    DFSDM1_FLT3_IRQHandler                   0x0800035b   Thumb Code     0  startup_stm32h743xx.o(.text)
    DMA1_Stream1_IRQHandler                  0x0800035b   Thumb Code     0  startup_stm32h743xx.o(.text)
    DMA1_Stream2_IRQHandler                  0x0800035b   Thumb Code     0  startup_stm32h743xx.o(.text)
    DMA1_Stream3_IRQHandler                  0x0800035b   Thumb Code     0  startup_stm32h743xx.o(.text)
    DMA1_Stream4_IRQHandler                  0x0800035b   Thumb Code     0  startup_stm32h743xx.o(.text)
    DMA1_Stream5_IRQHandler                  0x0800035b   Thumb Code     0  startup_stm32h743xx.o(.text)
    DMA1_Stream6_IRQHandler                  0x0800035b   Thumb Code     0  startup_stm32h743xx.o(.text)
    DMA1_Stream7_IRQHandler                  0x0800035b   Thumb Code     0  startup_stm32h743xx.o(.text)
    DMA2D_IRQHandler                         0x0800035b   Thumb Code     0  startup_stm32h743xx.o(.text)
    DMA2_Stream0_IRQHandler                  0x0800035b   Thumb Code     0  startup_stm32h743xx.o(.text)
    DMA2_Stream1_IRQHandler                  0x0800035b   Thumb Code     0  startup_stm32h743xx.o(.text)
    DMA2_Stream2_IRQHandler                  0x0800035b   Thumb Code     0  startup_stm32h743xx.o(.text)
    DMA2_Stream3_IRQHandler                  0x0800035b   Thumb Code     0  startup_stm32h743xx.o(.text)
    DMA2_Stream4_IRQHandler                  0x0800035b   Thumb Code     0  startup_stm32h743xx.o(.text)
    DMA2_Stream5_IRQHandler                  0x0800035b   Thumb Code     0  startup_stm32h743xx.o(.text)
    DMA2_Stream6_IRQHandler                  0x0800035b   Thumb Code     0  startup_stm32h743xx.o(.text)
    DMA2_Stream7_IRQHandler                  0x0800035b   Thumb Code     0  startup_stm32h743xx.o(.text)
    DMAMUX1_OVR_IRQHandler                   0x0800035b   Thumb Code     0  startup_stm32h743xx.o(.text)
    DMAMUX2_OVR_IRQHandler                   0x0800035b   Thumb Code     0  startup_stm32h743xx.o(.text)
    ECC_IRQHandler                           0x0800035b   Thumb Code     0  startup_stm32h743xx.o(.text)
    ETH_IRQHandler                           0x0800035b   Thumb Code     0  startup_stm32h743xx.o(.text)
    ETH_WKUP_IRQHandler                      0x0800035b   Thumb Code     0  startup_stm32h743xx.o(.text)
    EXTI0_IRQHandler                         0x0800035b   Thumb Code     0  startup_stm32h743xx.o(.text)
    EXTI15_10_IRQHandler                     0x0800035b   Thumb Code     0  startup_stm32h743xx.o(.text)
    EXTI1_IRQHandler                         0x0800035b   Thumb Code     0  startup_stm32h743xx.o(.text)
    EXTI2_IRQHandler                         0x0800035b   Thumb Code     0  startup_stm32h743xx.o(.text)
    EXTI3_IRQHandler                         0x0800035b   Thumb Code     0  startup_stm32h743xx.o(.text)
    EXTI4_IRQHandler                         0x0800035b   Thumb Code     0  startup_stm32h743xx.o(.text)
    EXTI9_5_IRQHandler                       0x0800035b   Thumb Code     0  startup_stm32h743xx.o(.text)
    FDCAN1_IT0_IRQHandler                    0x0800035b   Thumb Code     0  startup_stm32h743xx.o(.text)
    FDCAN1_IT1_IRQHandler                    0x0800035b   Thumb Code     0  startup_stm32h743xx.o(.text)
    FDCAN2_IT0_IRQHandler                    0x0800035b   Thumb Code     0  startup_stm32h743xx.o(.text)
    FDCAN2_IT1_IRQHandler                    0x0800035b   Thumb Code     0  startup_stm32h743xx.o(.text)
    FDCAN_CAL_IRQHandler                     0x0800035b   Thumb Code     0  startup_stm32h743xx.o(.text)
    FLASH_IRQHandler                         0x0800035b   Thumb Code     0  startup_stm32h743xx.o(.text)
    FMC_IRQHandler                           0x0800035b   Thumb Code     0  startup_stm32h743xx.o(.text)
    FPU_IRQHandler                           0x0800035b   Thumb Code     0  startup_stm32h743xx.o(.text)
    HRTIM1_FLT_IRQHandler                    0x0800035b   Thumb Code     0  startup_stm32h743xx.o(.text)
    HRTIM1_Master_IRQHandler                 0x0800035b   Thumb Code     0  startup_stm32h743xx.o(.text)
    HRTIM1_TIMA_IRQHandler                   0x0800035b   Thumb Code     0  startup_stm32h743xx.o(.text)
    HRTIM1_TIMB_IRQHandler                   0x0800035b   Thumb Code     0  startup_stm32h743xx.o(.text)
    HRTIM1_TIMC_IRQHandler                   0x0800035b   Thumb Code     0  startup_stm32h743xx.o(.text)
    HRTIM1_TIMD_IRQHandler                   0x0800035b   Thumb Code     0  startup_stm32h743xx.o(.text)
    HRTIM1_TIME_IRQHandler                   0x0800035b   Thumb Code     0  startup_stm32h743xx.o(.text)
    HSEM1_IRQHandler                         0x0800035b   Thumb Code     0  startup_stm32h743xx.o(.text)
    I2C1_ER_IRQHandler                       0x0800035b   Thumb Code     0  startup_stm32h743xx.o(.text)
    I2C1_EV_IRQHandler                       0x0800035b   Thumb Code     0  startup_stm32h743xx.o(.text)
    I2C3_ER_IRQHandler                       0x0800035b   Thumb Code     0  startup_stm32h743xx.o(.text)
    I2C3_EV_IRQHandler                       0x0800035b   Thumb Code     0  startup_stm32h743xx.o(.text)
    I2C4_ER_IRQHandler                       0x0800035b   Thumb Code     0  startup_stm32h743xx.o(.text)
    I2C4_EV_IRQHandler                       0x0800035b   Thumb Code     0  startup_stm32h743xx.o(.text)
    JPEG_IRQHandler                          0x0800035b   Thumb Code     0  startup_stm32h743xx.o(.text)
    LPTIM1_IRQHandler                        0x0800035b   Thumb Code     0  startup_stm32h743xx.o(.text)
    LPTIM2_IRQHandler                        0x0800035b   Thumb Code     0  startup_stm32h743xx.o(.text)
    LPTIM3_IRQHandler                        0x0800035b   Thumb Code     0  startup_stm32h743xx.o(.text)
    LPTIM4_IRQHandler                        0x0800035b   Thumb Code     0  startup_stm32h743xx.o(.text)
    LPTIM5_IRQHandler                        0x0800035b   Thumb Code     0  startup_stm32h743xx.o(.text)
    LPUART1_IRQHandler                       0x0800035b   Thumb Code     0  startup_stm32h743xx.o(.text)
    LTDC_ER_IRQHandler                       0x0800035b   Thumb Code     0  startup_stm32h743xx.o(.text)
    LTDC_IRQHandler                          0x0800035b   Thumb Code     0  startup_stm32h743xx.o(.text)
    MDIOS_IRQHandler                         0x0800035b   Thumb Code     0  startup_stm32h743xx.o(.text)
    MDIOS_WKUP_IRQHandler                    0x0800035b   Thumb Code     0  startup_stm32h743xx.o(.text)
    MDMA_IRQHandler                          0x0800035b   Thumb Code     0  startup_stm32h743xx.o(.text)
    OTG_FS_EP1_IN_IRQHandler                 0x0800035b   Thumb Code     0  startup_stm32h743xx.o(.text)
    OTG_FS_EP1_OUT_IRQHandler                0x0800035b   Thumb Code     0  startup_stm32h743xx.o(.text)
    OTG_FS_IRQHandler                        0x0800035b   Thumb Code     0  startup_stm32h743xx.o(.text)
    OTG_FS_WKUP_IRQHandler                   0x0800035b   Thumb Code     0  startup_stm32h743xx.o(.text)
    OTG_HS_EP1_IN_IRQHandler                 0x0800035b   Thumb Code     0  startup_stm32h743xx.o(.text)
    OTG_HS_EP1_OUT_IRQHandler                0x0800035b   Thumb Code     0  startup_stm32h743xx.o(.text)
    OTG_HS_IRQHandler                        0x0800035b   Thumb Code     0  startup_stm32h743xx.o(.text)
    OTG_HS_WKUP_IRQHandler                   0x0800035b   Thumb Code     0  startup_stm32h743xx.o(.text)
    PVD_AVD_IRQHandler                       0x0800035b   Thumb Code     0  startup_stm32h743xx.o(.text)
    QUADSPI_IRQHandler                       0x0800035b   Thumb Code     0  startup_stm32h743xx.o(.text)
    RCC_IRQHandler                           0x0800035b   Thumb Code     0  startup_stm32h743xx.o(.text)
    RNG_IRQHandler                           0x0800035b   Thumb Code     0  startup_stm32h743xx.o(.text)
    RTC_Alarm_IRQHandler                     0x0800035b   Thumb Code     0  startup_stm32h743xx.o(.text)
    RTC_WKUP_IRQHandler                      0x0800035b   Thumb Code     0  startup_stm32h743xx.o(.text)
    SAI1_IRQHandler                          0x0800035b   Thumb Code     0  startup_stm32h743xx.o(.text)
    SAI2_IRQHandler                          0x0800035b   Thumb Code     0  startup_stm32h743xx.o(.text)
    SAI3_IRQHandler                          0x0800035b   Thumb Code     0  startup_stm32h743xx.o(.text)
    SAI4_IRQHandler                          0x0800035b   Thumb Code     0  startup_stm32h743xx.o(.text)
    SDMMC1_IRQHandler                        0x0800035b   Thumb Code     0  startup_stm32h743xx.o(.text)
    SDMMC2_IRQHandler                        0x0800035b   Thumb Code     0  startup_stm32h743xx.o(.text)
    SPDIF_RX_IRQHandler                      0x0800035b   Thumb Code     0  startup_stm32h743xx.o(.text)
    SPI1_IRQHandler                          0x0800035b   Thumb Code     0  startup_stm32h743xx.o(.text)
    SPI2_IRQHandler                          0x0800035b   Thumb Code     0  startup_stm32h743xx.o(.text)
    SPI3_IRQHandler                          0x0800035b   Thumb Code     0  startup_stm32h743xx.o(.text)
    SPI4_IRQHandler                          0x0800035b   Thumb Code     0  startup_stm32h743xx.o(.text)
    SPI5_IRQHandler                          0x0800035b   Thumb Code     0  startup_stm32h743xx.o(.text)
    SPI6_IRQHandler                          0x0800035b   Thumb Code     0  startup_stm32h743xx.o(.text)
    SWPMI1_IRQHandler                        0x0800035b   Thumb Code     0  startup_stm32h743xx.o(.text)
    TAMP_STAMP_IRQHandler                    0x0800035b   Thumb Code     0  startup_stm32h743xx.o(.text)
    TIM15_IRQHandler                         0x0800035b   Thumb Code     0  startup_stm32h743xx.o(.text)
    TIM16_IRQHandler                         0x0800035b   Thumb Code     0  startup_stm32h743xx.o(.text)
    TIM17_IRQHandler                         0x0800035b   Thumb Code     0  startup_stm32h743xx.o(.text)
    TIM1_BRK_IRQHandler                      0x0800035b   Thumb Code     0  startup_stm32h743xx.o(.text)
    TIM1_CC_IRQHandler                       0x0800035b   Thumb Code     0  startup_stm32h743xx.o(.text)
    TIM1_TRG_COM_IRQHandler                  0x0800035b   Thumb Code     0  startup_stm32h743xx.o(.text)
    TIM1_UP_IRQHandler                       0x0800035b   Thumb Code     0  startup_stm32h743xx.o(.text)
    TIM2_IRQHandler                          0x0800035b   Thumb Code     0  startup_stm32h743xx.o(.text)
    TIM3_IRQHandler                          0x0800035b   Thumb Code     0  startup_stm32h743xx.o(.text)
    TIM4_IRQHandler                          0x0800035b   Thumb Code     0  startup_stm32h743xx.o(.text)
    TIM5_IRQHandler                          0x0800035b   Thumb Code     0  startup_stm32h743xx.o(.text)
    TIM6_DAC_IRQHandler                      0x0800035b   Thumb Code     0  startup_stm32h743xx.o(.text)
    TIM7_IRQHandler                          0x0800035b   Thumb Code     0  startup_stm32h743xx.o(.text)
    TIM8_BRK_TIM12_IRQHandler                0x0800035b   Thumb Code     0  startup_stm32h743xx.o(.text)
    TIM8_CC_IRQHandler                       0x0800035b   Thumb Code     0  startup_stm32h743xx.o(.text)
    TIM8_TRG_COM_TIM14_IRQHandler            0x0800035b   Thumb Code     0  startup_stm32h743xx.o(.text)
    TIM8_UP_TIM13_IRQHandler                 0x0800035b   Thumb Code     0  startup_stm32h743xx.o(.text)
    UART4_IRQHandler                         0x0800035b   Thumb Code     0  startup_stm32h743xx.o(.text)
    UART5_IRQHandler                         0x0800035b   Thumb Code     0  startup_stm32h743xx.o(.text)
    UART7_IRQHandler                         0x0800035b   Thumb Code     0  startup_stm32h743xx.o(.text)
    UART8_IRQHandler                         0x0800035b   Thumb Code     0  startup_stm32h743xx.o(.text)
    USART2_IRQHandler                        0x0800035b   Thumb Code     0  startup_stm32h743xx.o(.text)
    USART3_IRQHandler                        0x0800035b   Thumb Code     0  startup_stm32h743xx.o(.text)
    USART6_IRQHandler                        0x0800035b   Thumb Code     0  startup_stm32h743xx.o(.text)
    WAKEUP_PIN_IRQHandler                    0x0800035b   Thumb Code     0  startup_stm32h743xx.o(.text)
    WWDG_IRQHandler                          0x0800035b   Thumb Code     0  startup_stm32h743xx.o(.text)
    __user_initial_stackheap                 0x0800035d   Thumb Code     0  startup_stm32h743xx.o(.text)
    malloc                                   0x08000381   Thumb Code    94  h1_alloc.o(.text)
    free                                     0x080003df   Thumb Code    78  h1_free.o(.text)
    __aeabi_uldivmod                         0x0800042d   Thumb Code     0  lludivv7m.o(.text)
    _ll_udiv                                 0x0800042d   Thumb Code   238  lludivv7m.o(.text)
    __aeabi_memclr4                          0x0800051b   Thumb Code     0  rt_memclr_w.o(.text)
    __aeabi_memclr8                          0x0800051b   Thumb Code     0  rt_memclr_w.o(.text)
    __rt_memclr_w                            0x0800051b   Thumb Code    78  rt_memclr_w.o(.text)
    _memset_w                                0x0800051f   Thumb Code     0  rt_memclr_w.o(.text)
    strcmp                                   0x08000569   Thumb Code   104  strcmpv7m_pel.o(.text)
    __use_two_region_memory                  0x080005d1   Thumb Code     2  heapauxi.o(.text)
    __rt_heap_escrow                         0x080005d3   Thumb Code     2  heapauxi.o(.text)
    __rt_heap_expand                         0x080005d5   Thumb Code     2  heapauxi.o(.text)
    __rt_heap_descriptor                     0x080005d9   Thumb Code     8  rt_heap_descriptor_intlibspace.o(.text)
    __use_no_heap                            0x080005e1   Thumb Code     2  hguard.o(.text)
    __heap$guard                             0x080005e3   Thumb Code     2  hguard.o(.text)
    _terminate_user_alloc                    0x080005e5   Thumb Code     2  init_alloc.o(.text)
    _init_user_alloc                         0x080005e7   Thumb Code     2  init_alloc.o(.text)
    __Heap_Full                              0x080005e9   Thumb Code    34  init_alloc.o(.text)
    __Heap_Broken                            0x0800060b   Thumb Code     6  init_alloc.o(.text)
    _init_alloc                              0x08000611   Thumb Code    94  init_alloc.o(.text)
    __Heap_Initialize                        0x0800066f   Thumb Code    10  h1_init.o(.text)
    __Heap_DescSize                          0x08000679   Thumb Code     4  h1_init.o(.text)
    __user_libspace                          0x0800067d   Thumb Code     8  libspace.o(.text)
    __user_perproc_libspace                  0x0800067d   Thumb Code     0  libspace.o(.text)
    __user_perthread_libspace                0x0800067d   Thumb Code     0  libspace.o(.text)
    __Heap_ProvideMemory                     0x08000685   Thumb Code    52  h1_extend.o(.text)
    __rt_SIGRTMEM                            0x080006b9   Thumb Code    14  defsig_rtmem_outer.o(.text)
    __I$use$semihosting                      0x080006c7   Thumb Code     0  use_no_semi.o(.text)
    __use_no_semihosting_swi                 0x080006c7   Thumb Code     2  use_no_semi.o(.text)
    __semihosting_library_function           0x080006c9   Thumb Code     0  indicate_semi.o(.text)
    __user_setup_stackheap                   0x080006c9   Thumb Code    74  sys_stackheap_outer.o(.text)
    exit                                     0x08000713   Thumb Code    18  exit.o(.text)
    __sig_exit                               0x08000725   Thumb Code    10  defsig_exit.o(.text)
    __rt_SIGRTMEM_inner                      0x08000731   Thumb Code    22  defsig_rtmem_inner.o(.text)
    _sys_exit                                0x08000781   Thumb Code     8  sys_exit.o(.text)
    __default_signal_display                 0x0800078d   Thumb Code    50  defsig_general.o(.text)
    _ttywrch                                 0x080007bf   Thumb Code    14  sys_wrch.o(.text)
    BusFault_Handler                         0x080007cd   Thumb Code     4  stm32h7xx_it.o(i.BusFault_Handler)
    DMA1_Stream0_IRQHandler                  0x080007d1   Thumb Code    10  stm32h7xx_it.o(i.DMA1_Stream0_IRQHandler)
    DebugMon_Handler                         0x08000ad7   Thumb Code     2  stm32h7xx_it.o(i.DebugMon_Handler)
    Error_Handler                            0x08000ad9   Thumb Code     6  main.o(i.Error_Handler)
    HAL_DMA_Abort                            0x08000ae1   Thumb Code  1236  stm32h7xx_hal_dma.o(i.HAL_DMA_Abort)
    HAL_DMA_Abort_IT                         0x08000fbd   Thumb Code   906  stm32h7xx_hal_dma.o(i.HAL_DMA_Abort_IT)
    HAL_DMA_GetState                         0x08001355   Thumb Code     8  stm32h7xx_hal_dma.o(i.HAL_DMA_GetState)
    HAL_DMA_IRQHandler                       0x0800135d   Thumb Code  2798  stm32h7xx_hal_dma.o(i.HAL_DMA_IRQHandler)
    HAL_DMA_Init                             0x08001e55   Thumb Code  1304  stm32h7xx_hal_dma.o(i.HAL_DMA_Init)
    HAL_Delay                                0x08002375   Thumb Code    36  stm32h7xx_hal.o(i.HAL_Delay)
    HAL_GPIO_Init                            0x0800239d   Thumb Code   456  stm32h7xx_hal_gpio.o(i.HAL_GPIO_Init)
    HAL_GetREVID                             0x08002599   Thumb Code     8  stm32h7xx_hal.o(i.HAL_GetREVID)
    HAL_GetTick                              0x080025a5   Thumb Code     6  stm32h7xx_hal.o(i.HAL_GetTick)
    HAL_I2CEx_ConfigAnalogFilter             0x080025b1   Thumb Code   106  stm32h7xx_hal_i2c_ex.o(i.HAL_I2CEx_ConfigAnalogFilter)
    HAL_I2CEx_ConfigDigitalFilter            0x0800261b   Thumb Code   104  stm32h7xx_hal_i2c_ex.o(i.HAL_I2CEx_ConfigDigitalFilter)
    HAL_I2CEx_EnableFastModePlus             0x08002685   Thumb Code    42  stm32h7xx_hal_i2c_ex.o(i.HAL_I2CEx_EnableFastModePlus)
    HAL_I2C_AbortCpltCallback                0x080026b9   Thumb Code     2  stm32h7xx_hal_i2c.o(i.HAL_I2C_AbortCpltCallback)
    HAL_I2C_AddrCallback                     0x080026bb   Thumb Code     2  stm32h7xx_hal_i2c.o(i.HAL_I2C_AddrCallback)
    HAL_I2C_ER_IRQHandler                    0x080026bd   Thumb Code   118  stm32h7xx_hal_i2c.o(i.HAL_I2C_ER_IRQHandler)
    HAL_I2C_EV_IRQHandler                    0x08002733   Thumb Code    28  stm32h7xx_hal_i2c.o(i.HAL_I2C_EV_IRQHandler)
    HAL_I2C_ErrorCallback                    0x0800274f   Thumb Code     2  stm32h7xx_hal_i2c.o(i.HAL_I2C_ErrorCallback)
    HAL_I2C_Init                             0x08002751   Thumb Code   212  stm32h7xx_hal_i2c.o(i.HAL_I2C_Init)
    HAL_I2C_ListenCpltCallback               0x08002829   Thumb Code     2  stm32h7xx_hal_i2c.o(i.HAL_I2C_ListenCpltCallback)
    HAL_I2C_Master_Transmit                  0x0800282d   Thumb Code   390  stm32h7xx_hal_i2c.o(i.HAL_I2C_Master_Transmit)
    HAL_I2C_MspInit                          0x080029bd   Thumb Code   234  i2c.o(i.HAL_I2C_MspInit)
    HAL_I2C_SlaveRxCpltCallback              0x08002abd   Thumb Code     2  stm32h7xx_hal_i2c.o(i.HAL_I2C_SlaveRxCpltCallback)
    HAL_I2C_SlaveTxCpltCallback              0x08002abf   Thumb Code     2  stm32h7xx_hal_i2c.o(i.HAL_I2C_SlaveTxCpltCallback)
    HAL_IncTick                              0x08002ac1   Thumb Code    16  stm32h7xx_hal.o(i.HAL_IncTick)
    HAL_Init                                 0x08002ad9   Thumb Code    80  stm32h7xx_hal.o(i.HAL_Init)
    HAL_InitTick                             0x08002b39   Thumb Code    74  stm32h7xx_hal.o(i.HAL_InitTick)
    HAL_MspInit                              0x08002b91   Thumb Code    32  stm32h7xx_hal_msp.o(i.HAL_MspInit)
    HAL_NVIC_EnableIRQ                       0x08002bb5   Thumb Code    40  stm32h7xx_hal_cortex.o(i.HAL_NVIC_EnableIRQ)
    HAL_NVIC_SetPriority                     0x08002bdd   Thumb Code   122  stm32h7xx_hal_cortex.o(i.HAL_NVIC_SetPriority)
    HAL_NVIC_SetPriorityGrouping             0x08002c59   Thumb Code    32  stm32h7xx_hal_cortex.o(i.HAL_NVIC_SetPriorityGrouping)
    HAL_PWREx_ConfigSupply                   0x08002c81   Thumb Code    90  stm32h7xx_hal_pwr_ex.o(i.HAL_PWREx_ConfigSupply)
    HAL_RCCEx_GetD3PCLK1Freq                 0x08002ce1   Thumb Code    26  stm32h7xx_hal_rcc_ex.o(i.HAL_RCCEx_GetD3PCLK1Freq)
    HAL_RCCEx_GetPLL2ClockFreq               0x08002d05   Thumb Code   536  stm32h7xx_hal_rcc_ex.o(i.HAL_RCCEx_GetPLL2ClockFreq)
    HAL_RCCEx_GetPLL3ClockFreq               0x08002f35   Thumb Code   536  stm32h7xx_hal_rcc_ex.o(i.HAL_RCCEx_GetPLL3ClockFreq)
    HAL_RCCEx_PeriphCLKConfig                0x08003165   Thumb Code  3432  stm32h7xx_hal_rcc_ex.o(i.HAL_RCCEx_PeriphCLKConfig)
    HAL_RCC_ClockConfig                      0x08003ecd   Thumb Code   774  stm32h7xx_hal_rcc.o(i.HAL_RCC_ClockConfig)
    HAL_RCC_GetHCLKFreq                      0x080041ed   Thumb Code    60  stm32h7xx_hal_rcc.o(i.HAL_RCC_GetHCLKFreq)
    HAL_RCC_GetPCLK1Freq                     0x08004239   Thumb Code    26  stm32h7xx_hal_rcc.o(i.HAL_RCC_GetPCLK1Freq)
    HAL_RCC_GetPCLK2Freq                     0x0800425d   Thumb Code    26  stm32h7xx_hal_rcc.o(i.HAL_RCC_GetPCLK2Freq)
    HAL_RCC_GetSysClockFreq                  0x08004281   Thumb Code   524  stm32h7xx_hal_rcc.o(i.HAL_RCC_GetSysClockFreq)
    HAL_RCC_OscConfig                        0x080044ad   Thumb Code  2130  stm32h7xx_hal_rcc.o(i.HAL_RCC_OscConfig)
    HAL_SYSTICK_Config                       0x08004d05   Thumb Code    52  stm32h7xx_hal_cortex.o(i.HAL_SYSTICK_Config)
    HAL_UARTEx_DisableFifoMode               0x08004d39   Thumb Code    78  stm32h7xx_hal_uart_ex.o(i.HAL_UARTEx_DisableFifoMode)
    HAL_UARTEx_RxEventCallback               0x08004d87   Thumb Code     2  stm32h7xx_hal_uart.o(i.HAL_UARTEx_RxEventCallback)
    HAL_UARTEx_RxFifoFullCallback            0x08004d89   Thumb Code     2  stm32h7xx_hal_uart_ex.o(i.HAL_UARTEx_RxFifoFullCallback)
    HAL_UARTEx_SetRxFifoThreshold            0x08004d8b   Thumb Code    94  stm32h7xx_hal_uart_ex.o(i.HAL_UARTEx_SetRxFifoThreshold)
    HAL_UARTEx_SetTxFifoThreshold            0x08004de9   Thumb Code    94  stm32h7xx_hal_uart_ex.o(i.HAL_UARTEx_SetTxFifoThreshold)
    HAL_UARTEx_TxFifoEmptyCallback           0x08004e47   Thumb Code     2  stm32h7xx_hal_uart_ex.o(i.HAL_UARTEx_TxFifoEmptyCallback)
    HAL_UARTEx_WakeupCallback                0x08004e49   Thumb Code     2  stm32h7xx_hal_uart_ex.o(i.HAL_UARTEx_WakeupCallback)
    HAL_UART_ErrorCallback                   0x08004e4b   Thumb Code     2  stm32h7xx_hal_uart.o(i.HAL_UART_ErrorCallback)
    HAL_UART_IRQHandler                      0x08004e4d   Thumb Code  1172  stm32h7xx_hal_uart.o(i.HAL_UART_IRQHandler)
    HAL_UART_Init                            0x080052e1   Thumb Code   120  stm32h7xx_hal_uart.o(i.HAL_UART_Init)
    HAL_UART_MspInit                         0x08005359   Thumb Code   160  usart.o(i.HAL_UART_MspInit)
    HAL_UART_TxCpltCallback                  0x08005405   Thumb Code     2  stm32h7xx_hal_uart.o(i.HAL_UART_TxCpltCallback)
    HardFault_Handler                        0x08005407   Thumb Code     4  stm32h7xx_it.o(i.HardFault_Handler)
    I2C2_ER_IRQHandler                       0x0800540d   Thumb Code    10  stm32h7xx_it.o(i.I2C2_ER_IRQHandler)
    I2C2_EV_IRQHandler                       0x0800541d   Thumb Code    10  stm32h7xx_it.o(i.I2C2_EV_IRQHandler)
    MX_DMA_Init                              0x08005fc9   Thumb Code    48  dma.o(i.MX_DMA_Init)
    MX_GPIO_Init                             0x08005ffd   Thumb Code    84  gpio.o(i.MX_GPIO_Init)
    MX_I2C2_Init                             0x08006055   Thumb Code    80  i2c.o(i.MX_I2C2_Init)
    MX_USART1_UART_Init                      0x080060b1   Thumb Code    98  usart.o(i.MX_USART1_UART_Init)
    MemManage_Handler                        0x0800611d   Thumb Code     4  stm32h7xx_it.o(i.MemManage_Handler)
    NMI_Handler                              0x08006121   Thumb Code     4  stm32h7xx_it.o(i.NMI_Handler)
    OLED_Clear                               0x08006125   Thumb Code    38  oled.o(i.OLED_Clear)
    OLED_ClearArea                           0x08006151   Thumb Code   148  oled.o(i.OLED_ClearArea)
    OLED_Init                                0x080061e9   Thumb Code   162  oled.o(i.OLED_Init)
    OLED_SetCursor                           0x08006291   Thumb Code    34  oled.o(i.OLED_SetCursor)
    OLED_ShowChar                            0x080062b5   Thumb Code    74  oled.o(i.OLED_ShowChar)
    OLED_ShowImage                           0x08006309   Thumb Code   258  oled.o(i.OLED_ShowImage)
    OLED_ShowString                          0x08006411   Thumb Code   442  oled.o(i.OLED_ShowString)
    OLED_Test                                0x080065d5   Thumb Code    38  oled.o(i.OLED_Test)
    OLED_Update                              0x08006601   Thumb Code    38  oled.o(i.OLED_Update)
    OLED_WriteCommand                        0x0800662d   Thumb Code    30  oled.o(i.OLED_WriteCommand)
    OLED_WriteData                           0x08006651   Thumb Code    64  oled.o(i.OLED_WriteData)
    PendSV_Handler                           0x08006699   Thumb Code     2  stm32h7xx_it.o(i.PendSV_Handler)
    SVC_Handler                              0x08006965   Thumb Code     2  stm32h7xx_it.o(i.SVC_Handler)
    SysTick_Handler                          0x08006967   Thumb Code     8  stm32h7xx_it.o(i.SysTick_Handler)
    SystemClock_Config                       0x08006971   Thumb Code   296  main.o(i.SystemClock_Config)
    SystemInit                               0x08006aa5   Thumb Code   212  system_stm32h7xx.o(i.SystemInit)
    UART_AdvFeatureConfig                    0x08006bf9   Thumb Code   248  stm32h7xx_hal_uart.o(i.UART_AdvFeatureConfig)
    UART_CheckIdleState                      0x08006cf1   Thumb Code   234  stm32h7xx_hal_uart.o(i.UART_CheckIdleState)
    UART_SetConfig                           0x08006e91   Thumb Code  1402  stm32h7xx_hal_uart.o(i.UART_SetConfig)
    UART_WaitOnFlagUntilTimeout              0x0800741d   Thumb Code   172  stm32h7xx_hal_uart.o(i.UART_WaitOnFlagUntilTimeout)
    USART1_IRQHandler                        0x080074c9   Thumb Code    10  stm32h7xx_it.o(i.USART1_IRQHandler)
    UsageFault_Handler                       0x080074d9   Thumb Code     4  stm32h7xx_it.o(i.UsageFault_Handler)
    main                                     0x08007515   Thumb Code    66  main.o(i.main)
    _fp_init                                 0x08007569   Thumb Code    10  fpinit.o(x$fpl$fpinit)
    __fplib_config_fpu_vfp                   0x08007571   Thumb Code     0  fpinit.o(x$fpl$fpinit)
    __fplib_config_pureend_doubles           0x08007571   Thumb Code     0  fpinit.o(x$fpl$fpinit)
    UARTPrescTable                           0x0800757a   Data          24  stm32h7xx_hal_uart.o(.constdata)
    D1CorePrescTable                         0x080075a2   Data          16  system_stm32h7xx.o(.constdata)
    OLED_F8x16                               0x080075b2   Data        1520  oled_data.o(.constdata)
    OLED_F6x8                                0x08007ba2   Data         570  oled_data.o(.constdata)
    OLED_CF16x16                             0x08007ddc   Data         259  oled_data.o(.constdata)
    Diode                                    0x08007edf   Data          32  oled_data.o(.constdata)
    pictrue                                  0x08007eff   Data        1024  oled_data.o(.constdata)
    Region$$Table$$Base                      0x08008300   Number         0  anon$$obj.o(Region$$Table)
    Region$$Table$$Limit                     0x08008320   Number         0  anon$$obj.o(Region$$Table)
    uwTick                                   0x24000000   Data           4  stm32h7xx_hal.o(.data)
    uwTickPrio                               0x24000004   Data           4  stm32h7xx_hal.o(.data)
    uwTickFreq                               0x24000008   Data           1  stm32h7xx_hal.o(.data)
    SystemCoreClock                          0x2400000c   Data           4  system_stm32h7xx.o(.data)
    SystemD2Clock                            0x24000010   Data           4  system_stm32h7xx.o(.data)
    SendByte_Addr                            0x24000014   Data           4  oled.o(.data)
    PageNum                                  0x24000018   Data           1  oled.o(.data)
    OLED_state                               0x24000019   Data           1  oled.o(.data)
    OLED_Width                               0x2400001a   Data           1  oled.o(.data)
    OLED_DisplayBuf                          0x2400001c   Data           4  oled.o(.data)
    hi2c2                                    0x24000024   Data          84  i2c.o(.bss)
    hdma_i2c2_tx                             0x24000078   Data         120  i2c.o(.bss)
    huart1                                   0x240000f0   Data         148  usart.o(.bss)
    __libspace_start                         0x24000184   Data          96  libspace.o(.bss)
    __temporary_stack_top$libspace           0x240001e4   Data           0  libspace.o(.bss)



==============================================================================

Memory Map of the image

  Image Entry point : 0x08000299

  Load Region LR_IROM1 (Base: 0x08000000, Size: 0x00008344, Max: 0x00200000, ABSOLUTE)

    Execution Region ER_IROM1 (Exec base: 0x08000000, Load base: 0x08000000, Size: 0x00008320, Max: 0x00200000, ABSOLUTE)

    Exec Addr    Load Addr    Size         Type   Attr      Idx    E Section Name        Object

    0x08000000   0x08000000   0x00000298   Data   RO            3    RESET               startup_stm32h743xx.o
    0x08000298   0x08000298   0x00000008   Code   RO         3980  * !!!main             c_w.l(__main.o)
    0x080002a0   0x080002a0   0x00000034   Code   RO         4419    !!!scatter          c_w.l(__scatter.o)
    0x080002d4   0x080002d4   0x0000001a   Code   RO         4421    !!handler_copy      c_w.l(__scatter_copy.o)
    0x080002ee   0x080002ee   0x00000002   PAD
    0x080002f0   0x080002f0   0x0000001c   Code   RO         4423    !!handler_zi        c_w.l(__scatter_zi.o)
    0x0800030c   0x0800030c   0x00000002   Code   RO         4353    .ARM.Collect$$libinit$$00000000  c_w.l(libinit.o)
    0x0800030e   0x0800030e   0x00000004   Code   RO         4127    .ARM.Collect$$libinit$$00000001  c_w.l(libinit2.o)
    0x08000312   0x08000312   0x00000000   Code   RO         4130    .ARM.Collect$$libinit$$00000004  c_w.l(libinit2.o)
    0x08000312   0x08000312   0x00000008   Code   RO         4131    .ARM.Collect$$libinit$$00000005  c_w.l(libinit2.o)
    0x0800031a   0x0800031a   0x00000000   Code   RO         4133    .ARM.Collect$$libinit$$0000000A  c_w.l(libinit2.o)
    0x0800031a   0x0800031a   0x00000000   Code   RO         4135    .ARM.Collect$$libinit$$0000000C  c_w.l(libinit2.o)
    0x0800031a   0x0800031a   0x00000000   Code   RO         4137    .ARM.Collect$$libinit$$0000000E  c_w.l(libinit2.o)
    0x0800031a   0x0800031a   0x00000000   Code   RO         4140    .ARM.Collect$$libinit$$00000011  c_w.l(libinit2.o)
    0x0800031a   0x0800031a   0x00000000   Code   RO         4142    .ARM.Collect$$libinit$$00000013  c_w.l(libinit2.o)
    0x0800031a   0x0800031a   0x00000000   Code   RO         4144    .ARM.Collect$$libinit$$00000015  c_w.l(libinit2.o)
    0x0800031a   0x0800031a   0x00000000   Code   RO         4146    .ARM.Collect$$libinit$$00000017  c_w.l(libinit2.o)
    0x0800031a   0x0800031a   0x00000000   Code   RO         4148    .ARM.Collect$$libinit$$00000019  c_w.l(libinit2.o)
    0x0800031a   0x0800031a   0x00000000   Code   RO         4150    .ARM.Collect$$libinit$$0000001B  c_w.l(libinit2.o)
    0x0800031a   0x0800031a   0x00000000   Code   RO         4152    .ARM.Collect$$libinit$$0000001D  c_w.l(libinit2.o)
    0x0800031a   0x0800031a   0x00000000   Code   RO         4154    .ARM.Collect$$libinit$$0000001F  c_w.l(libinit2.o)
    0x0800031a   0x0800031a   0x00000000   Code   RO         4156    .ARM.Collect$$libinit$$00000021  c_w.l(libinit2.o)
    0x0800031a   0x0800031a   0x00000000   Code   RO         4158    .ARM.Collect$$libinit$$00000023  c_w.l(libinit2.o)
    0x0800031a   0x0800031a   0x00000000   Code   RO         4160    .ARM.Collect$$libinit$$00000025  c_w.l(libinit2.o)
    0x0800031a   0x0800031a   0x00000000   Code   RO         4164    .ARM.Collect$$libinit$$0000002C  c_w.l(libinit2.o)
    0x0800031a   0x0800031a   0x00000000   Code   RO         4166    .ARM.Collect$$libinit$$0000002E  c_w.l(libinit2.o)
    0x0800031a   0x0800031a   0x00000000   Code   RO         4168    .ARM.Collect$$libinit$$00000030  c_w.l(libinit2.o)
    0x0800031a   0x0800031a   0x00000000   Code   RO         4170    .ARM.Collect$$libinit$$00000032  c_w.l(libinit2.o)
    0x0800031a   0x0800031a   0x00000002   Code   RO         4171    .ARM.Collect$$libinit$$00000033  c_w.l(libinit2.o)
    0x0800031c   0x0800031c   0x00000002   Code   RO         4416    .ARM.Collect$$libshutdown$$00000000  c_w.l(libshutdown.o)
    0x0800031e   0x0800031e   0x00000000   Code   RO         4374    .ARM.Collect$$libshutdown$$00000002  c_w.l(libshutdown2.o)
    0x0800031e   0x0800031e   0x00000000   Code   RO         4376    .ARM.Collect$$libshutdown$$00000004  c_w.l(libshutdown2.o)
    0x0800031e   0x0800031e   0x00000000   Code   RO         4379    .ARM.Collect$$libshutdown$$00000007  c_w.l(libshutdown2.o)
    0x0800031e   0x0800031e   0x00000000   Code   RO         4382    .ARM.Collect$$libshutdown$$0000000A  c_w.l(libshutdown2.o)
    0x0800031e   0x0800031e   0x00000000   Code   RO         4384    .ARM.Collect$$libshutdown$$0000000C  c_w.l(libshutdown2.o)
    0x0800031e   0x0800031e   0x00000000   Code   RO         4387    .ARM.Collect$$libshutdown$$0000000F  c_w.l(libshutdown2.o)
    0x0800031e   0x0800031e   0x00000002   Code   RO         4388    .ARM.Collect$$libshutdown$$00000010  c_w.l(libshutdown2.o)
    0x08000320   0x08000320   0x00000000   Code   RO         4000    .ARM.Collect$$rtentry$$00000000  c_w.l(__rtentry.o)
    0x08000320   0x08000320   0x00000000   Code   RO         4224    .ARM.Collect$$rtentry$$00000002  c_w.l(__rtentry2.o)
    0x08000320   0x08000320   0x00000006   Code   RO         4236    .ARM.Collect$$rtentry$$00000004  c_w.l(__rtentry4.o)
    0x08000326   0x08000326   0x00000000   Code   RO         4226    .ARM.Collect$$rtentry$$00000009  c_w.l(__rtentry2.o)
    0x08000326   0x08000326   0x00000004   Code   RO         4227    .ARM.Collect$$rtentry$$0000000A  c_w.l(__rtentry2.o)
    0x0800032a   0x0800032a   0x00000000   Code   RO         4229    .ARM.Collect$$rtentry$$0000000C  c_w.l(__rtentry2.o)
    0x0800032a   0x0800032a   0x00000008   Code   RO         4230    .ARM.Collect$$rtentry$$0000000D  c_w.l(__rtentry2.o)
    0x08000332   0x08000332   0x00000002   Code   RO         4358    .ARM.Collect$$rtexit$$00000000  c_w.l(rtexit.o)
    0x08000334   0x08000334   0x00000000   Code   RO         4392    .ARM.Collect$$rtexit$$00000002  c_w.l(rtexit2.o)
    0x08000334   0x08000334   0x00000004   Code   RO         4393    .ARM.Collect$$rtexit$$00000003  c_w.l(rtexit2.o)
    0x08000338   0x08000338   0x00000006   Code   RO         4394    .ARM.Collect$$rtexit$$00000004  c_w.l(rtexit2.o)
    0x0800033e   0x0800033e   0x00000002   PAD
    0x08000340   0x08000340   0x00000000   Code   RO         4247    .emb_text           c_w.l(maybetermalloc1.o)
    0x08000340   0x08000340   0x00000040   Code   RO            4    .text               startup_stm32h743xx.o
    0x08000380   0x08000380   0x0000005e   Code   RO         3912    .text               c_w.l(h1_alloc.o)
    0x080003de   0x080003de   0x0000004e   Code   RO         3914    .text               c_w.l(h1_free.o)
    0x0800042c   0x0800042c   0x000000ee   Code   RO         3970    .text               c_w.l(lludivv7m.o)
    0x0800051a   0x0800051a   0x0000004e   Code   RO         3974    .text               c_w.l(rt_memclr_w.o)
    0x08000568   0x08000568   0x00000068   Code   RO         3976    .text               c_w.l(strcmpv7m_pel.o)
    0x080005d0   0x080005d0   0x00000006   Code   RO         3978    .text               c_w.l(heapauxi.o)
    0x080005d6   0x080005d6   0x00000002   PAD
    0x080005d8   0x080005d8   0x00000008   Code   RO         4008    .text               c_w.l(rt_heap_descriptor_intlibspace.o)
    0x080005e0   0x080005e0   0x00000004   Code   RO         4010    .text               c_w.l(hguard.o)
    0x080005e4   0x080005e4   0x0000008a   Code   RO         4012    .text               c_w.l(init_alloc.o)
    0x0800066e   0x0800066e   0x0000000e   Code   RO         4016    .text               c_w.l(h1_init.o)
    0x0800067c   0x0800067c   0x00000008   Code   RO         4220    .text               c_w.l(libspace.o)
    0x08000684   0x08000684   0x00000034   Code   RO         4249    .text               c_w.l(h1_extend.o)
    0x080006b8   0x080006b8   0x0000000e   Code   RO         4271    .text               c_w.l(defsig_rtmem_outer.o)
    0x080006c6   0x080006c6   0x00000002   Code   RO         4288    .text               c_w.l(use_no_semi.o)
    0x080006c8   0x080006c8   0x00000000   Code   RO         4290    .text               c_w.l(indicate_semi.o)
    0x080006c8   0x080006c8   0x0000004a   Code   RO         4291    .text               c_w.l(sys_stackheap_outer.o)
    0x08000712   0x08000712   0x00000012   Code   RO         4334    .text               c_w.l(exit.o)
    0x08000724   0x08000724   0x0000000a   Code   RO         4336    .text               c_w.l(defsig_exit.o)
    0x0800072e   0x0800072e   0x00000002   PAD
    0x08000730   0x08000730   0x00000050   Code   RO         4342    .text               c_w.l(defsig_rtmem_inner.o)
    0x08000780   0x08000780   0x0000000c   Code   RO         4356    .text               c_w.l(sys_exit.o)
    0x0800078c   0x0800078c   0x00000032   Code   RO         4369    .text               c_w.l(defsig_general.o)
    0x080007be   0x080007be   0x0000000e   Code   RO         4389    .text               c_w.l(sys_wrch.o)
    0x080007cc   0x080007cc   0x00000004   Code   RO          312    i.BusFault_Handler  stm32h7xx_it.o
    0x080007d0   0x080007d0   0x00000010   Code   RO          313    i.DMA1_Stream0_IRQHandler  stm32h7xx_it.o
    0x080007e0   0x080007e0   0x000000ec   Code   RO         1847    i.DMA_CalcBaseAndBitshift  stm32h7xx_hal_dma.o
    0x080008cc   0x080008cc   0x000000c4   Code   RO         1848    i.DMA_CalcDMAMUXChannelBaseAndMask  stm32h7xx_hal_dma.o
    0x08000990   0x08000990   0x00000098   Code   RO         1849    i.DMA_CalcDMAMUXRequestGenBaseAndMask  stm32h7xx_hal_dma.o
    0x08000a28   0x08000a28   0x000000ae   Code   RO         1850    i.DMA_CheckFifoParam  stm32h7xx_hal_dma.o
    0x08000ad6   0x08000ad6   0x00000002   Code   RO          314    i.DebugMon_Handler  stm32h7xx_it.o
    0x08000ad8   0x08000ad8   0x00000006   Code   RO           13    i.Error_Handler     main.o
    0x08000ade   0x08000ade   0x00000002   PAD
    0x08000ae0   0x08000ae0   0x000004dc   Code   RO         1852    i.HAL_DMA_Abort     stm32h7xx_hal_dma.o
    0x08000fbc   0x08000fbc   0x00000398   Code   RO         1853    i.HAL_DMA_Abort_IT  stm32h7xx_hal_dma.o
    0x08001354   0x08001354   0x00000008   Code   RO         1856    i.HAL_DMA_GetState  stm32h7xx_hal_dma.o
    0x0800135c   0x0800135c   0x00000af8   Code   RO         1857    i.HAL_DMA_IRQHandler  stm32h7xx_hal_dma.o
    0x08001e54   0x08001e54   0x00000520   Code   RO         1858    i.HAL_DMA_Init      stm32h7xx_hal_dma.o
    0x08002374   0x08002374   0x00000028   Code   RO         2561    i.HAL_Delay         stm32h7xx_hal.o
    0x0800239c   0x0800239c   0x000001fc   Code   RO         1700    i.HAL_GPIO_Init     stm32h7xx_hal_gpio.o
    0x08002598   0x08002598   0x0000000c   Code   RO         2572    i.HAL_GetREVID      stm32h7xx_hal.o
    0x080025a4   0x080025a4   0x0000000c   Code   RO         2573    i.HAL_GetTick       stm32h7xx_hal.o
    0x080025b0   0x080025b0   0x0000006a   Code   RO         1081    i.HAL_I2CEx_ConfigAnalogFilter  stm32h7xx_hal_i2c_ex.o
    0x0800261a   0x0800261a   0x00000068   Code   RO         1082    i.HAL_I2CEx_ConfigDigitalFilter  stm32h7xx_hal_i2c_ex.o
    0x08002682   0x08002682   0x00000002   PAD
    0x08002684   0x08002684   0x00000034   Code   RO         1085    i.HAL_I2CEx_EnableFastModePlus  stm32h7xx_hal_i2c_ex.o
    0x080026b8   0x080026b8   0x00000002   Code   RO          609    i.HAL_I2C_AbortCpltCallback  stm32h7xx_hal_i2c.o
    0x080026ba   0x080026ba   0x00000002   Code   RO          610    i.HAL_I2C_AddrCallback  stm32h7xx_hal_i2c.o
    0x080026bc   0x080026bc   0x00000076   Code   RO          613    i.HAL_I2C_ER_IRQHandler  stm32h7xx_hal_i2c.o
    0x08002732   0x08002732   0x0000001c   Code   RO          614    i.HAL_I2C_EV_IRQHandler  stm32h7xx_hal_i2c.o
    0x0800274e   0x0800274e   0x00000002   Code   RO          616    i.HAL_I2C_ErrorCallback  stm32h7xx_hal_i2c.o
    0x08002750   0x08002750   0x000000d8   Code   RO          620    i.HAL_I2C_Init      stm32h7xx_hal_i2c.o
    0x08002828   0x08002828   0x00000002   Code   RO          622    i.HAL_I2C_ListenCpltCallback  stm32h7xx_hal_i2c.o
    0x0800282a   0x0800282a   0x00000002   PAD
    0x0800282c   0x0800282c   0x00000190   Code   RO          633    i.HAL_I2C_Master_Transmit  stm32h7xx_hal_i2c.o
    0x080029bc   0x080029bc   0x00000100   Code   RO          229    i.HAL_I2C_MspInit   i2c.o
    0x08002abc   0x08002abc   0x00000002   Code   RO          646    i.HAL_I2C_SlaveRxCpltCallback  stm32h7xx_hal_i2c.o
    0x08002abe   0x08002abe   0x00000002   Code   RO          647    i.HAL_I2C_SlaveTxCpltCallback  stm32h7xx_hal_i2c.o
    0x08002ac0   0x08002ac0   0x00000018   Code   RO         2579    i.HAL_IncTick       stm32h7xx_hal.o
    0x08002ad8   0x08002ad8   0x00000060   Code   RO         2580    i.HAL_Init          stm32h7xx_hal.o
    0x08002b38   0x08002b38   0x00000058   Code   RO         2581    i.HAL_InitTick      stm32h7xx_hal.o
    0x08002b90   0x08002b90   0x00000024   Code   RO          427    i.HAL_MspInit       stm32h7xx_hal_msp.o
    0x08002bb4   0x08002bb4   0x00000028   Code   RO          459    i.HAL_NVIC_EnableIRQ  stm32h7xx_hal_cortex.o
    0x08002bdc   0x08002bdc   0x0000007a   Code   RO          465    i.HAL_NVIC_SetPriority  stm32h7xx_hal_cortex.o
    0x08002c56   0x08002c56   0x00000002   PAD
    0x08002c58   0x08002c58   0x00000028   Code   RO          466    i.HAL_NVIC_SetPriorityGrouping  stm32h7xx_hal_cortex.o
    0x08002c80   0x08002c80   0x00000060   Code   RO         2301    i.HAL_PWREx_ConfigSupply  stm32h7xx_hal_pwr_ex.o
    0x08002ce0   0x08002ce0   0x00000024   Code   RO         1251    i.HAL_RCCEx_GetD3PCLK1Freq  stm32h7xx_hal_rcc_ex.o
    0x08002d04   0x08002d04   0x00000230   Code   RO         1253    i.HAL_RCCEx_GetPLL2ClockFreq  stm32h7xx_hal_rcc_ex.o
    0x08002f34   0x08002f34   0x00000230   Code   RO         1254    i.HAL_RCCEx_GetPLL3ClockFreq  stm32h7xx_hal_rcc_ex.o
    0x08003164   0x08003164   0x00000d68   Code   RO         1260    i.HAL_RCCEx_PeriphCLKConfig  stm32h7xx_hal_rcc_ex.o
    0x08003ecc   0x08003ecc   0x00000320   Code   RO         1136    i.HAL_RCC_ClockConfig  stm32h7xx_hal_rcc.o
    0x080041ec   0x080041ec   0x0000004c   Code   RO         1141    i.HAL_RCC_GetHCLKFreq  stm32h7xx_hal_rcc.o
    0x08004238   0x08004238   0x00000024   Code   RO         1143    i.HAL_RCC_GetPCLK1Freq  stm32h7xx_hal_rcc.o
    0x0800425c   0x0800425c   0x00000024   Code   RO         1144    i.HAL_RCC_GetPCLK2Freq  stm32h7xx_hal_rcc.o
    0x08004280   0x08004280   0x0000022c   Code   RO         1145    i.HAL_RCC_GetSysClockFreq  stm32h7xx_hal_rcc.o
    0x080044ac   0x080044ac   0x00000858   Code   RO         1148    i.HAL_RCC_OscConfig  stm32h7xx_hal_rcc.o
    0x08004d04   0x08004d04   0x00000034   Code   RO          470    i.HAL_SYSTICK_Config  stm32h7xx_hal_cortex.o
    0x08004d38   0x08004d38   0x0000004e   Code   RO         3399    i.HAL_UARTEx_DisableFifoMode  stm32h7xx_hal_uart_ex.o
    0x08004d86   0x08004d86   0x00000002   Code   RO         2983    i.HAL_UARTEx_RxEventCallback  stm32h7xx_hal_uart.o
    0x08004d88   0x08004d88   0x00000002   Code   RO         3407    i.HAL_UARTEx_RxFifoFullCallback  stm32h7xx_hal_uart_ex.o
    0x08004d8a   0x08004d8a   0x0000005e   Code   RO         3408    i.HAL_UARTEx_SetRxFifoThreshold  stm32h7xx_hal_uart_ex.o
    0x08004de8   0x08004de8   0x0000005e   Code   RO         3409    i.HAL_UARTEx_SetTxFifoThreshold  stm32h7xx_hal_uart_ex.o
    0x08004e46   0x08004e46   0x00000002   Code   RO         3411    i.HAL_UARTEx_TxFifoEmptyCallback  stm32h7xx_hal_uart_ex.o
    0x08004e48   0x08004e48   0x00000002   Code   RO         3412    i.HAL_UARTEx_WakeupCallback  stm32h7xx_hal_uart_ex.o
    0x08004e4a   0x08004e4a   0x00000002   Code   RO         2999    i.HAL_UART_ErrorCallback  stm32h7xx_hal_uart.o
    0x08004e4c   0x08004e4c   0x00000494   Code   RO         3002    i.HAL_UART_IRQHandler  stm32h7xx_hal_uart.o
    0x080052e0   0x080052e0   0x00000078   Code   RO         3003    i.HAL_UART_Init     stm32h7xx_hal_uart.o
    0x08005358   0x08005358   0x000000ac   Code   RO          271    i.HAL_UART_MspInit  usart.o
    0x08005404   0x08005404   0x00000002   Code   RO         3015    i.HAL_UART_TxCpltCallback  stm32h7xx_hal_uart.o
    0x08005406   0x08005406   0x00000004   Code   RO          317    i.HardFault_Handler  stm32h7xx_it.o
    0x0800540a   0x0800540a   0x00000002   PAD
    0x0800540c   0x0800540c   0x00000010   Code   RO          318    i.I2C2_ER_IRQHandler  stm32h7xx_it.o
    0x0800541c   0x0800541c   0x00000010   Code   RO          319    i.I2C2_EV_IRQHandler  stm32h7xx_it.o
    0x0800542c   0x0800542c   0x00000022   Code   RO          659    i.I2C_DMAAbort      stm32h7xx_hal_i2c.o
    0x0800544e   0x0800544e   0x0000006e   Code   RO          665    i.I2C_Disable_IRQ   stm32h7xx_hal_i2c.o
    0x080054bc   0x080054bc   0x00000028   Code   RO          667    i.I2C_Flush_TXDR    stm32h7xx_hal_i2c.o
    0x080054e4   0x080054e4   0x000000ce   Code   RO          668    i.I2C_ITAddrCplt    stm32h7xx_hal_i2c.o
    0x080055b2   0x080055b2   0x00000002   PAD
    0x080055b4   0x080055b4   0x00000154   Code   RO          669    i.I2C_ITError       stm32h7xx_hal_i2c.o
    0x08005708   0x08005708   0x00000070   Code   RO          670    i.I2C_ITListenCplt  stm32h7xx_hal_i2c.o
    0x08005778   0x08005778   0x00000390   Code   RO          673    i.I2C_ITSlaveCplt   stm32h7xx_hal_i2c.o
    0x08005b08   0x08005b08   0x0000008c   Code   RO          674    i.I2C_ITSlaveSeqCplt  stm32h7xx_hal_i2c.o
    0x08005b94   0x08005b94   0x00000130   Code   RO          675    i.I2C_IsErrorOccurred  stm32h7xx_hal_i2c.o
    0x08005cc4   0x08005cc4   0x0000014a   Code   RO          683    i.I2C_Slave_ISR_IT  stm32h7xx_hal_i2c.o
    0x08005e0e   0x08005e0e   0x00000038   Code   RO          684    i.I2C_TransferConfig  stm32h7xx_hal_i2c.o
    0x08005e46   0x08005e46   0x0000003a   Code   RO          685    i.I2C_TreatErrorCallback  stm32h7xx_hal_i2c.o
    0x08005e80   0x08005e80   0x00000082   Code   RO          686    i.I2C_WaitOnFlagUntilTimeout  stm32h7xx_hal_i2c.o
    0x08005f02   0x08005f02   0x00000060   Code   RO          688    i.I2C_WaitOnSTOPFlagUntilTimeout  stm32h7xx_hal_i2c.o
    0x08005f62   0x08005f62   0x00000064   Code   RO          689    i.I2C_WaitOnTXISFlagUntilTimeout  stm32h7xx_hal_i2c.o
    0x08005fc6   0x08005fc6   0x00000002   PAD
    0x08005fc8   0x08005fc8   0x00000034   Code   RO          204    i.MX_DMA_Init       dma.o
    0x08005ffc   0x08005ffc   0x00000058   Code   RO          180    i.MX_GPIO_Init      gpio.o
    0x08006054   0x08006054   0x0000005c   Code   RO          230    i.MX_I2C2_Init      i2c.o
    0x080060b0   0x080060b0   0x0000006c   Code   RO          272    i.MX_USART1_UART_Init  usart.o
    0x0800611c   0x0800611c   0x00000004   Code   RO          320    i.MemManage_Handler  stm32h7xx_it.o
    0x08006120   0x08006120   0x00000004   Code   RO          321    i.NMI_Handler       stm32h7xx_it.o
    0x08006124   0x08006124   0x0000002c   Code   RO         3559    i.OLED_Clear        oled.o
    0x08006150   0x08006150   0x00000098   Code   RO         3560    i.OLED_ClearArea    oled.o
    0x080061e8   0x080061e8   0x000000a8   Code   RO         3570    i.OLED_Init         oled.o
    0x08006290   0x08006290   0x00000022   Code   RO         3576    i.OLED_SetCursor    oled.o
    0x080062b2   0x080062b2   0x00000002   PAD
    0x080062b4   0x080062b4   0x00000054   Code   RO         3578    i.OLED_ShowChar     oled.o
    0x08006308   0x08006308   0x00000108   Code   RO         3581    i.OLED_ShowImage    oled.o
    0x08006410   0x08006410   0x000001c4   Code   RO         3584    i.OLED_ShowString   oled.o
    0x080065d4   0x080065d4   0x0000002c   Code   RO         3585    i.OLED_Test         oled.o
    0x08006600   0x08006600   0x0000002c   Code   RO         3587    i.OLED_Update       oled.o
    0x0800662c   0x0800662c   0x00000024   Code   RO         3589    i.OLED_WriteCommand  oled.o
    0x08006650   0x08006650   0x00000048   Code   RO         3590    i.OLED_WriteData    oled.o
    0x08006698   0x08006698   0x00000002   Code   RO          322    i.PendSV_Handler    stm32h7xx_it.o
    0x0800669a   0x0800669a   0x00000002   PAD
    0x0800669c   0x0800669c   0x00000164   Code   RO         1263    i.RCCEx_PLL2_Config  stm32h7xx_hal_rcc_ex.o
    0x08006800   0x08006800   0x00000164   Code   RO         1264    i.RCCEx_PLL3_Config  stm32h7xx_hal_rcc_ex.o
    0x08006964   0x08006964   0x00000002   Code   RO          323    i.SVC_Handler       stm32h7xx_it.o
    0x08006966   0x08006966   0x00000008   Code   RO          324    i.SysTick_Handler   stm32h7xx_it.o
    0x0800696e   0x0800696e   0x00000002   PAD
    0x08006970   0x08006970   0x00000134   Code   RO           14    i.SystemClock_Config  main.o
    0x08006aa4   0x08006aa4   0x000000fc   Code   RO         3523    i.SystemInit        system_stm32h7xx.o
    0x08006ba0   0x08006ba0   0x00000058   Code   RO         3413    i.UARTEx_SetNbDataToProcess  stm32h7xx_hal_uart_ex.o
    0x08006bf8   0x08006bf8   0x000000f8   Code   RO         3017    i.UART_AdvFeatureConfig  stm32h7xx_hal_uart.o
    0x08006cf0   0x08006cf0   0x000000ea   Code   RO         3018    i.UART_CheckIdleState  stm32h7xx_hal_uart.o
    0x08006dda   0x08006dda   0x00000018   Code   RO         3019    i.UART_DMAAbortOnError  stm32h7xx_hal_uart.o
    0x08006df2   0x08006df2   0x00000002   PAD
    0x08006df4   0x08006df4   0x0000006c   Code   RO         3029    i.UART_EndRxTransfer  stm32h7xx_hal_uart.o
    0x08006e60   0x08006e60   0x00000030   Code   RO         3030    i.UART_EndTransmit_IT  stm32h7xx_hal_uart.o
    0x08006e90   0x08006e90   0x0000058c   Code   RO         3036    i.UART_SetConfig    stm32h7xx_hal_uart.o
    0x0800741c   0x0800741c   0x000000ac   Code   RO         3043    i.UART_WaitOnFlagUntilTimeout  stm32h7xx_hal_uart.o
    0x080074c8   0x080074c8   0x00000010   Code   RO          325    i.USART1_IRQHandler  stm32h7xx_it.o
    0x080074d8   0x080074d8   0x00000004   Code   RO          326    i.UsageFault_Handler  stm32h7xx_it.o
    0x080074dc   0x080074dc   0x00000010   Code   RO          472    i.__NVIC_GetPriorityGrouping  stm32h7xx_hal_cortex.o
    0x080074ec   0x080074ec   0x00000028   Code   RO          473    i.__NVIC_SetPriority  stm32h7xx_hal_cortex.o
    0x08007514   0x08007514   0x00000054   Code   RO           15    i.main              main.o
    0x08007568   0x08007568   0x0000000a   Code   RO         4282    x$fpl$fpinit        fz_wv.l(fpinit.o)
    0x08007572   0x08007572   0x00000008   Data   RO         1864    .constdata          stm32h7xx_hal_dma.o
    0x0800757a   0x0800757a   0x00000018   Data   RO         3044    .constdata          stm32h7xx_hal_uart.o
    0x08007592   0x08007592   0x00000010   Data   RO         3415    .constdata          stm32h7xx_hal_uart_ex.o
    0x080075a2   0x080075a2   0x00000010   Data   RO         3524    .constdata          system_stm32h7xx.o
    0x080075b2   0x080075b2   0x00000d4d   Data   RO         3894    .constdata          oled_data.o
    0x080082ff   0x080082ff   0x00000001   PAD
    0x08008300   0x08008300   0x00000020   Data   RO         4417    Region$$Table       anon$$obj.o


    Execution Region RW_IRAM1 (Exec base: 0x20000000, Load base: 0x08008320, Size: 0x00000000, Max: 0x00020000, ABSOLUTE)

    **** No section assigned to this execution region ****


    Execution Region RW_IRAM2 (Exec base: 0x24000000, Load base: 0x08008320, Size: 0x00000de8, Max: 0x00080000, ABSOLUTE)

    Exec Addr    Load Addr    Size         Type   Attr      Idx    E Section Name        Object

    0x24000000   0x08008320   0x00000009   Data   RW         2602    .data               stm32h7xx_hal.o
    0x24000009   0x08008329   0x00000003   PAD
    0x2400000c   0x0800832c   0x00000008   Data   RW         3525    .data               system_stm32h7xx.o
    0x24000014   0x08008334   0x0000000f   Data   RW         3592    .data               oled.o
    0x24000023   0x08008343   0x00000001   PAD
    0x24000024        -       0x000000cc   Zero   RW          231    .bss                i2c.o
    0x240000f0        -       0x00000094   Zero   RW          273    .bss                usart.o
    0x24000184        -       0x00000060   Zero   RW         4221    .bss                c_w.l(libspace.o)
    0x240001e4   0x08008343   0x00000004   PAD
    0x240001e8        -       0x00000800   Zero   RW            2    HEAP                startup_stm32h743xx.o
    0x240009e8        -       0x00000400   Zero   RW            1    STACK               startup_stm32h743xx.o


==============================================================================

Image component sizes


      Code (inc. data)   RO Data    RW Data    ZI Data      Debug   Object Name

        52          4          0          0          0        866   dma.o
        88          4          0          0          0        947   gpio.o
       348         34          0          0        204       1926   i2c.o
       398         30          0          0          0    1231456   main.o
      1394         68          0         15          0       9461   oled.o
         0          0       3405          0          0       1270   oled_data.o
        64         26        664          0       3072        836   startup_stm32h743xx.o
       272         52          0          9          0      23352   stm32h7xx_hal.o
       310         22          0          0          0      40011   stm32h7xx_hal_cortex.o
      7050        142          8          0          0      11538   stm32h7xx_hal_dma.o
       508         52          0          0          0       1564   stm32h7xx_hal_gpio.o
      3742         54          0          0          0      21193   stm32h7xx_hal_i2c.o
       262         10          0          0          0       2706   stm32h7xx_hal_i2c_ex.o
        36          4          0          0          0        922   stm32h7xx_hal_msp.o
        96          6          0          0          0        765   stm32h7xx_hal_pwr_ex.o
      3640        114          0          0          0       6968   stm32h7xx_hal_rcc.o
      5300        108          0          0          0       7349   stm32h7xx_hal_rcc_ex.o
      3552        148         24          0          0      30536   stm32h7xx_hal_uart.o
       360         10         16          0          0       5502   stm32h7xx_hal_uart_ex.o
        98         24          0          0          0       6122   stm32h7xx_it.o
       252         40         16          8          0       1398   system_stm32h7xx.o
       280         22          0          0        148       1882   usart.o

    ----------------------------------------------------------------------
     28124        974       4166         36       3424    1408570   Object Totals
         0          0         32          0          0          0   (incl. Generated)
        22          0          1          4          0          0   (incl. Padding)

    ----------------------------------------------------------------------

      Code (inc. data)   RO Data    RW Data    ZI Data      Debug   Library Member Name

         8          0          0          0          0         68   __main.o
         0          0          0          0          0          0   __rtentry.o
        12          0          0          0          0          0   __rtentry2.o
         6          0          0          0          0          0   __rtentry4.o
        52          8          0          0          0          0   __scatter.o
        26          0          0          0          0          0   __scatter_copy.o
        28          0          0          0          0          0   __scatter_zi.o
        10          0          0          0          0         68   defsig_exit.o
        50          0          0          0          0         88   defsig_general.o
        80         58          0          0          0         76   defsig_rtmem_inner.o
        14          0          0          0          0         80   defsig_rtmem_outer.o
        18          0          0          0          0         80   exit.o
        94          0          0          0          0         80   h1_alloc.o
        52          0          0          0          0         68   h1_extend.o
        78          0          0          0          0         80   h1_free.o
        14          0          0          0          0         84   h1_init.o
         6          0          0          0          0        152   heapauxi.o
         4          0          0          0          0        136   hguard.o
         0          0          0          0          0          0   indicate_semi.o
       138          0          0          0          0        168   init_alloc.o
         2          0          0          0          0          0   libinit.o
        14          0          0          0          0          0   libinit2.o
         2          0          0          0          0          0   libshutdown.o
         2          0          0          0          0          0   libshutdown2.o
         8          4          0          0         96         68   libspace.o
       238          0          0          0          0        100   lludivv7m.o
         0          0          0          0          0          0   maybetermalloc1.o
         8          4          0          0          0         68   rt_heap_descriptor_intlibspace.o
        78          0          0          0          0         80   rt_memclr_w.o
         2          0          0          0          0          0   rtexit.o
        10          0          0          0          0          0   rtexit2.o
       104          0          0          0          0         68   strcmpv7m_pel.o
        12          4          0          0          0         68   sys_exit.o
        74          0          0          0          0         80   sys_stackheap_outer.o
        14          0          0          0          0         76   sys_wrch.o
         2          0          0          0          0         68   use_no_semi.o
        10          0          0          0          0        116   fpinit.o

    ----------------------------------------------------------------------
      1278         78          0          0        100       2020   Library Totals
         8          0          0          0          4          0   (incl. Padding)

    ----------------------------------------------------------------------

      Code (inc. data)   RO Data    RW Data    ZI Data      Debug   Library Name

      1260         78          0          0         96       1904   c_w.l
        10          0          0          0          0        116   fz_wv.l

    ----------------------------------------------------------------------
      1278         78          0          0        100       2020   Library Totals

    ----------------------------------------------------------------------

==============================================================================


      Code (inc. data)   RO Data    RW Data    ZI Data      Debug   

     29402       1052       4166         36       3524    1398702   Grand Totals
     29402       1052       4166         36       3524    1398702   ELF Image Totals
     29402       1052       4166         36          0          0   ROM Totals

==============================================================================

    Total RO  Size (Code + RO Data)                33568 (  32.78kB)
    Total RW  Size (RW Data + ZI Data)              3560 (   3.48kB)
    Total ROM Size (Code + RO Data + RW Data)      33604 (  32.82kB)

==============================================================================

