Component: ARM Compiler 5.06 update 6 (build 750) Tool: armlink [4d35ed]

==============================================================================

Section Cross References

    startup_stm32h743xx.o(STACK) refers (Special) to heapauxi.o(.text) for __use_two_region_memory
    startup_stm32h743xx.o(HEAP) refers (Special) to heapauxi.o(.text) for __use_two_region_memory
    startup_stm32h743xx.o(RESET) refers (Special) to heapauxi.o(.text) for __use_two_region_memory
    startup_stm32h743xx.o(RESET) refers to startup_stm32h743xx.o(STACK) for __initial_sp
    startup_stm32h743xx.o(RESET) refers to startup_stm32h743xx.o(.text) for Reset_Handler
    startup_stm32h743xx.o(RESET) refers to stm32h7xx_it.o(i.NMI_Handler) for NMI_Handler
    startup_stm32h743xx.o(RESET) refers to stm32h7xx_it.o(i.HardFault_Handler) for HardFault_Handler
    startup_stm32h743xx.o(RESET) refers to stm32h7xx_it.o(i.MemManage_Handler) for MemManage_Handler
    startup_stm32h743xx.o(RESET) refers to stm32h7xx_it.o(i.BusFault_Handler) for BusFault_Handler
    startup_stm32h743xx.o(RESET) refers to stm32h7xx_it.o(i.UsageFault_Handler) for UsageFault_Handler
    startup_stm32h743xx.o(RESET) refers to stm32h7xx_it.o(i.SVC_Handler) for SVC_Handler
    startup_stm32h743xx.o(RESET) refers to stm32h7xx_it.o(i.DebugMon_Handler) for DebugMon_Handler
    startup_stm32h743xx.o(RESET) refers to stm32h7xx_it.o(i.PendSV_Handler) for PendSV_Handler
    startup_stm32h743xx.o(RESET) refers to stm32h7xx_it.o(i.SysTick_Handler) for SysTick_Handler
    startup_stm32h743xx.o(RESET) refers to stm32h7xx_it.o(i.DMA1_Stream0_IRQHandler) for DMA1_Stream0_IRQHandler
    startup_stm32h743xx.o(RESET) refers to stm32h7xx_it.o(i.I2C2_EV_IRQHandler) for I2C2_EV_IRQHandler
    startup_stm32h743xx.o(RESET) refers to stm32h7xx_it.o(i.I2C2_ER_IRQHandler) for I2C2_ER_IRQHandler
    startup_stm32h743xx.o(RESET) refers to stm32h7xx_it.o(i.USART1_IRQHandler) for USART1_IRQHandler
    startup_stm32h743xx.o(.text) refers (Special) to heapauxi.o(.text) for __use_two_region_memory
    startup_stm32h743xx.o(.text) refers to system_stm32h7xx.o(i.SystemInit) for SystemInit
    startup_stm32h743xx.o(.text) refers to __main.o(!!!main) for __main
    startup_stm32h743xx.o(.text) refers to startup_stm32h743xx.o(HEAP) for Heap_Mem
    startup_stm32h743xx.o(.text) refers to startup_stm32h743xx.o(STACK) for Stack_Mem
    main.o(i.SystemClock_Config) refers to rt_memclr_w.o(.text) for __aeabi_memclr4
    main.o(i.SystemClock_Config) refers to stm32h7xx_hal_pwr_ex.o(i.HAL_PWREx_ConfigSupply) for HAL_PWREx_ConfigSupply
    main.o(i.SystemClock_Config) refers to stm32h7xx_hal_rcc.o(i.HAL_RCC_OscConfig) for HAL_RCC_OscConfig
    main.o(i.SystemClock_Config) refers to stm32h7xx_hal_rcc.o(i.HAL_RCC_ClockConfig) for HAL_RCC_ClockConfig
    main.o(i.main) refers to stm32h7xx_hal.o(i.HAL_Init) for HAL_Init
    main.o(i.main) refers to main.o(i.SystemClock_Config) for SystemClock_Config
    main.o(i.main) refers to gpio.o(i.MX_GPIO_Init) for MX_GPIO_Init
    main.o(i.main) refers to dma.o(i.MX_DMA_Init) for MX_DMA_Init
    main.o(i.main) refers to i2c.o(i.MX_I2C2_Init) for MX_I2C2_Init
    main.o(i.main) refers to usart.o(i.MX_USART1_UART_Init) for MX_USART1_UART_Init
    main.o(i.main) refers to oled.o(i.OLED_Init) for OLED_Init
    main.o(i.main) refers to oled.o(i.OLED_Test) for OLED_Test
    main.o(i.main) refers to oled.o(i.OLED_Update) for OLED_Update
    main.o(i.main) refers to stm32h7xx_hal.o(i.HAL_Delay) for HAL_Delay
    main.o(i.main) refers to oled.o(i.OLED_Clear) for OLED_Clear
    main.o(i.main) refers to stm32h7xx_hal.o(i.HAL_GetTick) for HAL_GetTick
    main.o(i.main) refers to oled.o(i.OLED_Reverse) for OLED_Reverse
    main.o(i.main) refers to oled.o(i.OLED_ShowNum) for OLED_ShowNum
    main.o(i.main) refers to main.o(.data) for .data
    dma.o(i.MX_DMA_Init) refers to stm32h7xx_hal_cortex.o(i.HAL_NVIC_SetPriority) for HAL_NVIC_SetPriority
    dma.o(i.MX_DMA_Init) refers to stm32h7xx_hal_cortex.o(i.HAL_NVIC_EnableIRQ) for HAL_NVIC_EnableIRQ
    i2c.o(i.HAL_I2C_MspDeInit) refers to stm32h7xx_hal_gpio.o(i.HAL_GPIO_DeInit) for HAL_GPIO_DeInit
    i2c.o(i.HAL_I2C_MspDeInit) refers to stm32h7xx_hal_dma.o(i.HAL_DMA_DeInit) for HAL_DMA_DeInit
    i2c.o(i.HAL_I2C_MspDeInit) refers to stm32h7xx_hal_cortex.o(i.HAL_NVIC_DisableIRQ) for HAL_NVIC_DisableIRQ
    i2c.o(i.HAL_I2C_MspInit) refers to rt_memclr_w.o(.text) for __aeabi_memclr4
    i2c.o(i.HAL_I2C_MspInit) refers to stm32h7xx_hal_rcc_ex.o(i.HAL_RCCEx_PeriphCLKConfig) for HAL_RCCEx_PeriphCLKConfig
    i2c.o(i.HAL_I2C_MspInit) refers to main.o(i.Error_Handler) for Error_Handler
    i2c.o(i.HAL_I2C_MspInit) refers to stm32h7xx_hal_gpio.o(i.HAL_GPIO_Init) for HAL_GPIO_Init
    i2c.o(i.HAL_I2C_MspInit) refers to stm32h7xx_hal_dma.o(i.HAL_DMA_Init) for HAL_DMA_Init
    i2c.o(i.HAL_I2C_MspInit) refers to stm32h7xx_hal_cortex.o(i.HAL_NVIC_SetPriority) for HAL_NVIC_SetPriority
[...]
    i.HAL_I2CEx_EnableFastModePlus           0x080022ec   Section        0  stm32h7xx_hal_i2c_ex.o(i.HAL_I2CEx_EnableFastModePlus)
    i.HAL_I2C_AbortCpltCallback              0x08002314   Section        0  stm32h7xx_hal_i2c.o(i.HAL_I2C_AbortCpltCallback)
    i.HAL_I2C_AddrCallback                   0x08002316   Section        0  stm32h7xx_hal_i2c.o(i.HAL_I2C_AddrCallback)
    i.HAL_I2C_ER_IRQHandler                  0x08002318   Section        0  stm32h7xx_hal_i2c.o(i.HAL_I2C_ER_IRQHandler)
    i.HAL_I2C_EV_IRQHandler                  0x08002380   Section        0  stm32h7xx_hal_i2c.o(i.HAL_I2C_EV_IRQHandler)
    i.HAL_I2C_ErrorCallback                  0x08002390   Section        0  stm32h7xx_hal_i2c.o(i.HAL_I2C_ErrorCallback)
    i.HAL_I2C_Init                           0x08002394   Section        0  stm32h7xx_hal_i2c.o(i.HAL_I2C_Init)
    i.HAL_I2C_ListenCpltCallback             0x08002454   Section        0  stm32h7xx_hal_i2c.o(i.HAL_I2C_ListenCpltCallback)
    i.HAL_I2C_MasterRxCpltCallback           0x08002456   Section        0  stm32h7xx_hal_i2c.o(i.HAL_I2C_MasterRxCpltCallback)
    i.HAL_I2C_MasterTxCpltCallback           0x08002458   Section        0  stm32h7xx_it.o(i.HAL_I2C_MasterTxCpltCallback)
    i.HAL_I2C_Master_Transmit                0x0800247c   Section        0  stm32h7xx_hal_i2c.o(i.HAL_I2C_Master_Transmit)
    i.HAL_I2C_Master_Transmit_DMA            0x080025c8   Section        0  stm32h7xx_hal_i2c.o(i.HAL_I2C_Master_Transmit_DMA)
    i.HAL_I2C_MemRxCpltCallback              0x0800271c   Section        0  stm32h7xx_hal_i2c.o(i.HAL_I2C_MemRxCpltCallback)
    i.HAL_I2C_MemTxCpltCallback              0x0800271e   Section        0  stm32h7xx_hal_i2c.o(i.HAL_I2C_MemTxCpltCallback)
    i.HAL_I2C_MspInit                        0x08002720   Section        0  i2c.o(i.HAL_I2C_MspInit)
    i.HAL_I2C_SlaveRxCpltCallback            0x080027f8   Section        0  stm32h7xx_hal_i2c.o(i.HAL_I2C_SlaveRxCpltCallback)
    i.HAL_I2C_SlaveTxCpltCallback            0x080027fa   Section        0  stm32h7xx_hal_i2c.o(i.HAL_I2C_SlaveTxCpltCallback)
    i.HAL_IncTick                            0x080027fc   Section        0  stm32h7xx_hal.o(i.HAL_IncTick)
    i.HAL_Init                               0x0800280c   Section        0  stm32h7xx_hal.o(i.HAL_Init)
    i.HAL_InitTick                           0x08002868   Section        0  stm32h7xx_hal.o(i.HAL_InitTick)
    i.HAL_MspInit                            0x080028a8   Section        0  stm32h7xx_hal_msp.o(i.HAL_MspInit)
    i.HAL_NVIC_EnableIRQ                     0x080028c4   Section        0  stm32h7xx_hal_cortex.o(i.HAL_NVIC_EnableIRQ)
    i.HAL_NVIC_SetPriority                   0x080028e0   Section        0  stm32h7xx_hal_cortex.o(i.HAL_NVIC_SetPriority)
    i.HAL_NVIC_SetPriorityGrouping           0x08002920   Section        0  stm32h7xx_hal_cortex.o(i.HAL_NVIC_SetPriorityGrouping)
    i.HAL_PWREx_ConfigSupply                 0x08002944   Section        0  stm32h7xx_hal_pwr_ex.o(i.HAL_PWREx_ConfigSupply)
    i.HAL_RCCEx_GetD3PCLK1Freq               0x08002998   Section        0  stm32h7xx_hal_rcc_ex.o(i.HAL_RCCEx_GetD3PCLK1Freq)
    i.HAL_RCCEx_GetPLL2ClockFreq             0x080029bc   Section        0  stm32h7xx_hal_rcc_ex.o(i.HAL_RCCEx_GetPLL2ClockFreq)
    i.HAL_RCCEx_GetPLL3ClockFreq             0x08002b00   Section        0  stm32h7xx_hal_rcc_ex.o(i.HAL_RCCEx_GetPLL3ClockFreq)
    i.HAL_RCCEx_PeriphCLKConfig              0x08002c44   Section        0  stm32h7xx_hal_rcc_ex.o(i.HAL_RCCEx_PeriphCLKConfig)
    i.HAL_RCC_ClockConfig                    0x080035f0   Section        0  stm32h7xx_hal_rcc.o(i.HAL_RCC_ClockConfig)
    i.HAL_RCC_GetHCLKFreq                    0x0800384c   Section        0  stm32h7xx_hal_rcc.o(i.HAL_RCC_GetHCLKFreq)
    i.HAL_RCC_GetPCLK1Freq                   0x08003890   Section        0  stm32h7xx_hal_rcc.o(i.HAL_RCC_GetPCLK1Freq)
    i.HAL_RCC_GetPCLK2Freq                   0x080038b4   Section        0  stm32h7xx_hal_rcc.o(i.HAL_RCC_GetPCLK2Freq)
    i.HAL_RCC_GetSysClockFreq                0x080038d8   Section        0  stm32h7xx_hal_rcc.o(i.HAL_RCC_GetSysClockFreq)
    i.HAL_RCC_OscConfig                      0x08003a10   Section        0  stm32h7xx_hal_rcc.o(i.HAL_RCC_OscConfig)
    i.HAL_SYSTICK_Config                     0x08003f92   Section        0  stm32h7xx_hal_cortex.o(i.HAL_SYSTICK_Config)
    i.HAL_UARTEx_DisableFifoMode             0x08003fb8   Section        0  stm32h7xx_hal_uart_ex.o(i.HAL_UARTEx_DisableFifoMode)
    i.HAL_UARTEx_RxEventCallback             0x08003ff8   Section        0  stm32h7xx_hal_uart.o(i.HAL_UARTEx_RxEventCallback)
    i.HAL_UARTEx_RxFifoFullCallback          0x08003ffa   Section        0  stm32h7xx_hal_uart_ex.o(i.HAL_UARTEx_RxFifoFullCallback)
    i.HAL_UARTEx_SetRxFifoThreshold          0x08003ffc   Section        0  stm32h7xx_hal_uart_ex.o(i.HAL_UARTEx_SetRxFifoThreshold)
    i.HAL_UARTEx_SetTxFifoThreshold          0x08004048   Section        0  stm32h7xx_hal_uart_ex.o(i.HAL_UARTEx_SetTxFifoThreshold)
    i.HAL_UARTEx_TxFifoEmptyCallback         0x08004094   Section        0  stm32h7xx_hal_uart_ex.o(i.HAL_UARTEx_TxFifoEmptyCallback)
    i.HAL_UARTEx_WakeupCallback              0x08004096   Section        0  stm32h7xx_hal_uart_ex.o(i.HAL_UARTEx_WakeupCallback)
    i.HAL_UART_ErrorCallback                 0x08004098   Section        0  stm32h7xx_hal_uart.o(i.HAL_UART_ErrorCallback)
    i.HAL_UART_IRQHandler                    0x0800409c   Section        0  stm32h7xx_hal_uart.o(i.HAL_UART_IRQHandler)
    i.HAL_UART_Init                          0x08004424   Section        0  stm32h7xx_hal_uart.o(i.HAL_UART_Init)
    i.HAL_UART_MspInit                       0x08004490   Section        0  usart.o(i.HAL_UART_MspInit)
    i.HAL_UART_TxCpltCallback                0x08004528   Section        0  stm32h7xx_hal_uart.o(i.HAL_UART_TxCpltCallback)
    i.HardFault_Handler                      0x0800452a   Section        0  stm32h7xx_it.o(i.HardFault_Handler)
    i.I2C2_ER_IRQHandler                     0x0800452c   Section        0  stm32h7xx_it.o(i.I2C2_ER_IRQHandler)
    i.I2C2_EV_IRQHandler                     0x08004538   Section        0  stm32h7xx_it.o(i.I2C2_EV_IRQHandler)
    i.I2C_DMAAbort                           0x08004544   Section        0  stm32h7xx_hal_i2c.o(i.I2C_DMAAbort)
    I2C_DMAAbort                             0x08004545   Thumb Code    20  stm32h7xx_hal_i2c.o(i.I2C_DMAAbort)
    i.I2C_DMAError                           0x08004558   Section        0  stm32h7xx_hal_i2c.o(i.I2C_DMAError)
    I2C_DMAError                             0x08004559   Thumb Code   316  stm32h7xx_hal_i2c.o(i.I2C_DMAError)
    i.I2C_DMAMasterTransmitCplt              0x080046a4   Section        0  stm32h7xx_hal_i2c.o(i.I2C_DMAMasterTransmitCplt)
    I2C_DMAMasterTransmitCplt                0x080046a5   Thumb Code    82  stm32h7xx_hal_i2c.o(i.I2C_DMAMasterTransmitCplt)
    i.I2C_Disable_IRQ                        0x080046f6   Section        0  stm32h7xx_hal_i2c.o(i.I2C_Disable_IRQ)
    I2C_Disable_IRQ                          0x080046f7   Thumb Code    96  stm32h7xx_hal_i2c.o(i.I2C_Disable_IRQ)
    i.I2C_Enable_IRQ                         0x08004758   Section        0  stm32h7xx_hal_i2c.o(i.I2C_Enable_IRQ)
    I2C_Enable_IRQ                           0x08004759   Thumb Code   122  stm32h7xx_hal_i2c.o(i.I2C_Enable_IRQ)
    i.I2C_Flush_TXDR                         0x080047e0   Section        0  stm32h7xx_hal_i2c.o(i.I2C_Flush_TXDR)
    I2C_Flush_TXDR                           0x080047e1   Thumb Code    34  stm32h7xx_hal_i2c.o(i.I2C_Flush_TXDR)
    i.I2C_ITAddrCplt                         0x08004802   Section        0  stm32h7xx_hal_i2c.o(i.I2C_ITAddrCplt)
    I2C_ITAddrCplt                           0x08004803   Thumb Code   148  stm32h7xx_hal_i2c.o(i.I2C_ITAddrCplt)
    i.I2C_ITError                            0x08004898   Section        0  stm32h7xx_hal_i2c.o(i.I2C_ITError)
    I2C_ITError                              0x08004899   Thumb Code   274  stm32h7xx_hal_i2c.o(i.I2C_ITError)
    i.I2C_ITListenCplt                       0x080049b8   Section        0  stm32h7xx_hal_i2c.o(i.I2C_ITListenCplt)
    I2C_ITListenCplt                         0x080049b9   Thumb Code    96  stm32h7xx_hal_i2c.o(i.I2C_ITListenCplt)
    i.I2C_ITMasterCplt                       0x08004a1c   Section        0  stm32h7xx_hal_i2c.o(i.I2C_ITMasterCplt)
    I2C_ITMasterCplt                         0x08004a1d   Thumb Code   234  stm32h7xx_hal_i2c.o(i.I2C_ITMasterCplt)
    i.I2C_ITMasterSeqCplt                    0x08004b10   Section        0  stm32h7xx_hal_i2c.o(i.I2C_ITMasterSeqCplt)
    I2C_ITMasterSeqCplt                      0x08004b11   Thumb Code    80  stm32h7xx_hal_i2c.o(i.I2C_ITMasterSeqCplt)
    i.I2C_ITSlaveCplt                        0x08004b60   Section        0  stm32h7xx_hal_i2c.o(i.I2C_ITSlaveCplt)
    I2C_ITSlaveCplt                          0x08004b61   Thumb Code   552  stm32h7xx_hal_i2c.o(i.I2C_ITSlaveCplt)
    i.I2C_ITSlaveSeqCplt                     0x08004db0   Section        0  stm32h7xx_hal_i2c.o(i.I2C_ITSlaveSeqCplt)
    I2C_ITSlaveSeqCplt                       0x08004db1   Thumb Code   114  stm32h7xx_hal_i2c.o(i.I2C_ITSlaveSeqCplt)
    i.I2C_IsErrorOccurred                    0x08004e24   Section        0  stm32h7xx_hal_i2c.o(i.I2C_IsErrorOccurred)
    I2C_IsErrorOccurred                      0x08004e25   Thumb Code   268  stm32h7xx_hal_i2c.o(i.I2C_IsErrorOccurred)
    i.I2C_Master_ISR_DMA                     0x08004f34   Section        0  stm32h7xx_hal_i2c.o(i.I2C_Master_ISR_DMA)
    I2C_Master_ISR_DMA                       0x08004f35   Thumb Code   268  stm32h7xx_hal_i2c.o(i.I2C_Master_ISR_DMA)
    i.I2C_Master_ISR_IT                      0x08005044   Section        0  stm32h7xx_hal_i2c.o(i.I2C_Master_ISR_IT)
    I2C_Master_ISR_IT                        0x08005045   Thumb Code   300  stm32h7xx_hal_i2c.o(i.I2C_Master_ISR_IT)
    i.I2C_Mem_ISR_DMA                        0x08005174   Section        0  stm32h7xx_hal_i2c.o(i.I2C_Mem_ISR_DMA)
    I2C_Mem_ISR_DMA                          0x08005175   Thumb Code   306  stm32h7xx_hal_i2c.o(i.I2C_Mem_ISR_DMA)
    i.I2C_Slave_ISR_DMA                      0x080052b0   Section        0  stm32h7xx_hal_i2c.o(i.I2C_Slave_ISR_DMA)
    I2C_Slave_ISR_DMA                        0x080052b1   Thumb Code   508  stm32h7xx_hal_i2c.o(i.I2C_Slave_ISR_DMA)
    i.I2C_Slave_ISR_IT                       0x080054bc   Section        0  stm32h7xx_hal_i2c.o(i.I2C_Slave_ISR_IT)
    I2C_Slave_ISR_IT                         0x080054bd   Thumb Code   276  stm32h7xx_hal_i2c.o(i.I2C_Slave_ISR_IT)
    i.I2C_TransferConfig                     0x080055d4   Section        0  stm32h7xx_hal_i2c.o(i.I2C_TransferConfig)
    I2C_TransferConfig                       0x080055d5   Thumb Code    44  stm32h7xx_hal_i2c.o(i.I2C_TransferConfig)
    i.I2C_TreatErrorCallback                 0x08005604   Section        0  stm32h7xx_hal_i2c.o(i.I2C_TreatErrorCallback)
    I2C_TreatErrorCallback                   0x08005605   Thumb Code    42  stm32h7xx_hal_i2c.o(i.I2C_TreatErrorCallback)
    i.I2C_WaitOnFlagUntilTimeout             0x0800562e   Section        0  stm32h7xx_hal_i2c.o(i.I2C_WaitOnFlagUntilTimeout)
    I2C_WaitOnFlagUntilTimeout               0x0800562f   Thumb Code   124  stm32h7xx_hal_i2c.o(i.I2C_WaitOnFlagUntilTimeout)
    i.I2C_WaitOnSTOPFlagUntilTimeout         0x080056aa   Section        0  stm32h7xx_hal_i2c.o(i.I2C_WaitOnSTOPFlagUntilTimeout)
    I2C_WaitOnSTOPFlagUntilTimeout           0x080056ab   Thumb Code    88  stm32h7xx_hal_i2c.o(i.I2C_WaitOnSTOPFlagUntilTimeout)
    i.I2C_WaitOnTXISFlagUntilTimeout         0x08005702   Section        0  stm32h7xx_hal_i2c.o(i.I2C_WaitOnTXISFlagUntilTimeout)
    I2C_WaitOnTXISFlagUntilTimeout           0x08005703   Thumb Code    92  stm32h7xx_hal_i2c.o(i.I2C_WaitOnTXISFlagUntilTimeout)
    i.MX_DMA_Init                            0x08005760   Section        0  dma.o(i.MX_DMA_Init)
    i.MX_GPIO_Init                           0x0800578c   Section        0  gpio.o(i.MX_GPIO_Init)
    i.MX_I2C2_Init                           0x080057c8   Section        0  i2c.o(i.MX_I2C2_Init)
    i.MX_USART1_UART_Init                    0x08005824   Section        0  usart.o(i.MX_USART1_UART_Init)
    i.MemManage_Handler                      0x0800588c   Section        0  stm32h7xx_it.o(i.MemManage_Handler)
    i.NMI_Handler                            0x0800588e   Section        0  stm32h7xx_it.o(i.NMI_Handler)
    i.OLED_Clear                             0x08005890   Section        0  oled.o(i.OLED_Clear)
    i.OLED_ClearArea                         0x080058bc   Section        0  oled.o(i.OLED_ClearArea)
    i.OLED_Init                              0x08005920   Section        0  oled.o(i.OLED_Init)
    i.OLED_Pow                               0x080059c8   Section        0  oled.o(i.OLED_Pow)
    i.OLED_Reverse                           0x080059d8   Section        0  oled.o(i.OLED_Reverse)
    i.OLED_SetCursor                         0x08005a04   Section        0  oled.o(i.OLED_SetCursor)
    i.OLED_ShowChar                          0x08005a28   Section        0  oled.o(i.OLED_ShowChar)
    i.OLED_ShowImage                         0x08005a64   Section        0  oled.o(i.OLED_ShowImage)
    i.OLED_ShowNum                           0x08005b30   Section        0  oled.o(i.OLED_ShowNum)
    i.OLED_Test                              0x08005b78   Section        0  oled.o(i.OLED_Test)
    i.OLED_Transmit_Datas                    0x08005ba4   Section        0  oled.o(i.OLED_Transmit_Datas)
    i.OLED_Update                            0x08005c28   Section        0  oled.o(i.OLED_Update)
    i.OLED_WriteCommand                      0x08005c5c   Section        0  oled.o(i.OLED_WriteCommand)
    i.OLED_WriteData                         0x08005c7c   Section        0  oled.o(i.OLED_WriteData)
    i.PendSV_Handler                         0x08005cb4   Section        0  stm32h7xx_it.o(i.PendSV_Handler)
    i.RCCEx_PLL2_Config                      0x08005cb8   Section        0  stm32h7xx_hal_rcc_ex.o(i.RCCEx_PLL2_Config)
    RCCEx_PLL2_Config                        0x08005cb9   Thumb Code   284  stm32h7xx_hal_rcc_ex.o(i.RCCEx_PLL2_Config)
    i.RCCEx_PLL3_Config                      0x08005dd8   Section        0  stm32h7xx_hal_rcc_ex.o(i.RCCEx_PLL3_Config)
    RCCEx_PLL3_Config                        0x08005dd9   Thumb Code   284  stm32h7xx_hal_rcc_ex.o(i.RCCEx_PLL3_Config)
    i.SVC_Handler                            0x08005ef8   Section        0  stm32h7xx_it.o(i.SVC_Handler)
    i.SysTick_Handler                        0x08005efa   Section        0  stm32h7xx_it.o(i.SysTick_Handler)
    i.SystemClock_Config                     0x08005f00   Section        0  main.o(i.SystemClock_Config)
    i.SystemInit                             0x08005fdc   Section        0  system_stm32h7xx.o(i.SystemInit)
    i.UARTEx_SetNbDataToProcess              0x080060b8   Section        0  stm32h7xx_hal_uart_ex.o(i.UARTEx_SetNbDataToProcess)
    UARTEx_SetNbDataToProcess                0x080060b9   Thumb Code    62  stm32h7xx_hal_uart_ex.o(i.UARTEx_SetNbDataToProcess)
    i.UART_AdvFeatureConfig                  0x080060fc   Section        0  stm32h7xx_hal_uart.o(i.UART_AdvFeatureConfig)
    i.UART_CheckIdleState                    0x080061c4   Section        0  stm32h7xx_hal_uart.o(i.UART_CheckIdleState)
    i.UART_DMAAbortOnError                   0x0800626e   Section        0  stm32h7xx_hal_uart.o(i.UART_DMAAbortOnError)
    UART_DMAAbortOnError                     0x0800626f   Thumb Code    20  stm32h7xx_hal_uart.o(i.UART_DMAAbortOnError)
    i.UART_EndRxTransfer                     0x08006284   Section        0  stm32h7xx_hal_uart.o(i.UART_EndRxTransfer)
    UART_EndRxTransfer                       0x08006285   Thumb Code    78  stm32h7xx_hal_uart.o(i.UART_EndRxTransfer)
    i.UART_SetConfig                         0x080062d8   Section        0  stm32h7xx_hal_uart.o(i.UART_SetConfig)
    i.UART_WaitOnFlagUntilTimeout            0x08006684   Section        0  stm32h7xx_hal_uart.o(i.UART_WaitOnFlagUntilTimeout)
    i.USART1_IRQHandler                      0x08006718   Section        0  stm32h7xx_it.o(i.USART1_IRQHandler)
    i.UsageFault_Handler                     0x08006724   Section        0  stm32h7xx_it.o(i.UsageFault_Handler)
    i.__NVIC_SetPriority                     0x08006726   Section        0  stm32h7xx_hal_cortex.o(i.__NVIC_SetPriority)
    __NVIC_SetPriority                       0x08006727   Thumb Code    34  stm32h7xx_hal_cortex.o(i.__NVIC_SetPriority)
    i.main                                   0x08006748   Section        0  main.o(i.main)
    x$fpl$fpinit                             0x080067f0   Section       10  fpinit.o(x$fpl$fpinit)
    $v0                                      0x080067f0   Number         0  fpinit.o(x$fpl$fpinit)
    .constdata                               0x080067fa   Section        8  stm32h7xx_hal_dma.o(.constdata)
    flagBitshiftOffset                       0x080067fa   Data           8  stm32h7xx_hal_dma.o(.constdata)
    .constdata                               0x08006802   Section       24  stm32h7xx_hal_uart.o(.constdata)
    .constdata                               0x0800681a   Section       16  stm32h7xx_hal_uart_ex.o(.constdata)
    numerator                                0x0800681a   Data           8  stm32h7xx_hal_uart_ex.o(.constdata)
    denominator                              0x08006822   Data           8  stm32h7xx_hal_uart_ex.o(.constdata)
    .constdata                               0x0800682a   Section       16  system_stm32h7xx.o(.constdata)
    .constdata                               0x0800683a   Section     1520  oled_data.o(.constdata)
    .constdata                               0x08006e2a   Section      570  oled_data.o(.constdata)
    .data                                    0x24000000   Section        2  main.o(.data)
    .data                                    0x24000004   Section       12  stm32h7xx_hal.o(.data)
    .data                                    0x24000010   Section        8  system_stm32h7xx.o(.data)
    .data                                    0x24000018   Section       16  oled.o(.data)
    PgEnd                                    0x2400001a   Data           1  oled.o(.data)
    Page                                     0x2400001b   Data           1  oled.o(.data)
    X                                        0x2400001c   Data           1  oled.o(.data)
    .bss                                     0x24000028   Section      204  i2c.o(.bss)
    .bss                                     0x240000f4   Section      148  usart.o(.bss)
    .bss                                     0x24000188   Section       96  libspace.o(.bss)
    HEAP                                     0x240001e8   Section     2048  startup_stm32h743xx.o(HEAP)
    Heap_Mem                                 0x240001e8   Data        2048  startup_stm32h743xx.o(HEAP)
    STACK                                    0x240009e8   Section     1024  startup_stm32h743xx.o(STACK)
    Stack_Mem                                0x240009e8   Data        1024  startup_stm32h743xx.o(STACK)
    __initial_sp                             0x24000de8   Data           0  startup_stm32h743xx.o(STACK)

    Global Symbols

    Symbol Name                              Value     Ov Type        Size  Object(Section)

    BuildAttributes$$THM_ISAv4$E$P$D$K$B$S$7EM$VFPv5_D16$PE$PLD8$A:L22UL41UL21$X:L11$S22US41US21$IEEE1$IW$USESV6$~STKCKD$USESV7$~SHL$OTIME$ROPI$IEEEX$EBA8$UX$STANDARDLIB$REQ8$PRES8$EABIv2 0x00000000   Number         0  anon$$obj.o ABSOLUTE
    __ARM_use_no_argv                        0x00000000   Number         0  main.o ABSOLUTE
    _printf_flags                            0x00000000   Number         0  printf_stubs.o ABSOLUTE
    _printf_return_value                     0x00000000   Number         0  printf_stubs.o ABSOLUTE
    _printf_sizespec                         0x00000000   Number         0  printf_stubs.o ABSOLUTE
    _printf_widthprec                        0x00000000   Number         0  printf_stubs.o ABSOLUTE
    __ARM_exceptions_init                     - Undefined Weak Reference
    __alloca_initialize                       - Undefined Weak Reference
    __arm_preinit_                            - Undefined Weak Reference
    __cpp_initialize__aeabi_                  - Undefined Weak Reference
    __cxa_finalize                            - Undefined Weak Reference
    __sigvec_lookup                           - Undefined Weak Reference
    __user_heap_extent                        - Undefined Weak Reference
    _atexit_init                              - Undefined Weak Reference
    _call_atexit_fns                          - Undefined Weak Reference
    _clock_init                               - Undefined Weak Reference
    _fp_trap_init                             - Undefined Weak Reference
    _fp_trap_shutdown                         - Undefined Weak Reference
    _get_lc_collate                           - Undefined Weak Reference
    _get_lc_monetary                          - Undefined Weak Reference
    _get_lc_time                              - Undefined Weak Reference
    _getenv_init                              - Undefined Weak Reference
    _handle_redirection                       - Undefined Weak Reference
    _initio                                   - Undefined Weak Reference
    _mutex_acquire                            - Undefined Weak Reference
    _mutex_free                               - Undefined Weak Reference
    _mutex_release                            - Undefined Weak Reference
    _printf_mbtowc                            - Undefined Weak Reference
    _printf_wc                                - Undefined Weak Reference
    _rand_init                                - Undefined Weak Reference
    _signal_finish                            - Undefined Weak Reference
    _signal_init                              - Undefined Weak Reference
    _terminateio                              - Undefined Weak Reference
    __Vectors_Size                           0x00000298   Number         0  startup_stm32h743xx.o ABSOLUTE
    __Vectors                                0x08000000   Data           4  startup_stm32h743xx.o(RESET)
    __Vectors_End                            0x08000298   Data           0  startup_stm32h743xx.o(RESET)
    __main                                   0x08000299   Thumb Code     8  __main.o(!!!main)
    __scatterload                            0x080002a1   Thumb Code     0  __scatter.o(!!!scatter)
    __scatterload_rt2                        0x080002a1   Thumb Code    44  __scatter.o(!!!scatter)
    __scatterload_rt2_thumb_only             0x080002a1   Thumb Code     0  __scatter.o(!!!scatter)
    __scatterload_null                       0x080002af   Thumb Code     0  __scatter.o(!!!scatter)
    __scatterload_copy                       0x080002d5   Thumb Code    26  __scatter_copy.o(!!handler_copy)
    __scatterload_zeroinit                   0x080002f1   Thumb Code    28  __scatter_zi.o(!!handler_zi)
    __rt_lib_init                            0x0800030d   Thumb Code     0  libinit.o(.ARM.Collect$$libinit$$00000000)
    __rt_lib_init_fp_1                       0x0800030f   Thumb Code     0  libinit2.o(.ARM.Collect$$libinit$$00000001)
    __rt_lib_init_heap_2                     0x08000313   Thumb Code     0  libinit2.o(.ARM.Collect$$libinit$$00000005)
    __rt_lib_init_preinit_1                  0x08000313   Thumb Code     0  libinit2.o(.ARM.Collect$$libinit$$00000004)
    __rt_lib_init_alloca_1                   0x0800031b   Thumb Code     0  libinit2.o(.ARM.Collect$$libinit$$0000002E)
    __rt_lib_init_argv_1                     0x0800031b   Thumb Code     0  libinit2.o(.ARM.Collect$$libinit$$0000002C)
    __rt_lib_init_atexit_1                   0x0800031b   Thumb Code     0  libinit2.o(.ARM.Collect$$libinit$$0000001B)
    __rt_lib_init_clock_1                    0x0800031b   Thumb Code     0  libinit2.o(.ARM.Collect$$libinit$$00000021)
    __rt_lib_init_cpp_1                      0x0800031b   Thumb Code     0  libinit2.o(.ARM.Collect$$libinit$$00000032)
    __rt_lib_init_exceptions_1               0x0800031b   Thumb Code     0  libinit2.o(.ARM.Collect$$libinit$$00000030)
    __rt_lib_init_fp_trap_1                  0x0800031b   Thumb Code     0  libinit2.o(.ARM.Collect$$libinit$$0000001F)
    __rt_lib_init_getenv_1                   0x0800031b   Thumb Code     0  libinit2.o(.ARM.Collect$$libinit$$00000023)
    __rt_lib_init_heap_1                     0x0800031b   Thumb Code     0  libinit2.o(.ARM.Collect$$libinit$$0000000A)
    __rt_lib_init_lc_collate_1               0x0800031b   Thumb Code     0  libinit2.o(.ARM.Collect$$libinit$$00000011)
    __rt_lib_init_lc_ctype_1                 0x0800031b   Thumb Code     0  libinit2.o(.ARM.Collect$$libinit$$00000013)
    __rt_lib_init_lc_monetary_1              0x0800031b   Thumb Code     0  libinit2.o(.ARM.Collect$$libinit$$00000015)
    __rt_lib_init_lc_numeric_1               0x0800031b   Thumb Code     0  libinit2.o(.ARM.Collect$$libinit$$00000017)
    __rt_lib_init_lc_time_1                  0x0800031b   Thumb Code     0  libinit2.o(.ARM.Collect$$libinit$$00000019)
    __rt_lib_init_rand_1                     0x0800031b   Thumb Code     0  libinit2.o(.ARM.Collect$$libinit$$0000000E)
    __rt_lib_init_return                     0x0800031b   Thumb Code     0  libinit2.o(.ARM.Collect$$libinit$$00000033)
    __rt_lib_init_signal_1                   0x0800031b   Thumb Code     0  libinit2.o(.ARM.Collect$$libinit$$0000001D)
    __rt_lib_init_stdio_1                    0x0800031b   Thumb Code     0  libinit2.o(.ARM.Collect$$libinit$$00000025)
    __rt_lib_init_user_alloc_1               0x0800031b   Thumb Code     0  libinit2.o(.ARM.Collect$$libinit$$0000000C)
    __rt_lib_shutdown                        0x0800031d   Thumb Code     0  libshutdown.o(.ARM.Collect$$libshutdown$$00000000)
    __rt_lib_shutdown_cpp_1                  0x0800031f   Thumb Code     0  libshutdown2.o(.ARM.Collect$$libshutdown$$00000002)
    __rt_lib_shutdown_fp_trap_1              0x0800031f   Thumb Code     0  libshutdown2.o(.ARM.Collect$$libshutdown$$00000007)
    __rt_lib_shutdown_heap_1                 0x0800031f   Thumb Code     0  libshutdown2.o(.ARM.Collect$$libshutdown$$0000000F)
    __rt_lib_shutdown_return                 0x0800031f   Thumb Code     0  libshutdown2.o(.ARM.Collect$$libshutdown$$00000010)
    __rt_lib_shutdown_signal_1               0x0800031f   Thumb Code     0  libshutdown2.o(.ARM.Collect$$libshutdown$$0000000A)
    __rt_lib_shutdown_stdio_1                0x0800031f   Thumb Code     0  libshutdown2.o(.ARM.Collect$$libshutdown$$00000004)
    __rt_lib_shutdown_user_alloc_1           0x0800031f   Thumb Code     0  libshutdown2.o(.ARM.Collect$$libshutdown$$0000000C)
    __rt_entry                               0x08000321   Thumb Code     0  __rtentry.o(.ARM.Collect$$rtentry$$00000000)
    __rt_entry_presh_1                       0x08000321   Thumb Code     0  __rtentry2.o(.ARM.Collect$$rtentry$$00000002)
    __rt_entry_sh                            0x08000321   Thumb Code     0  __rtentry4.o(.ARM.Collect$$rtentry$$00000004)
    __rt_entry_li                            0x08000327   Thumb Code     0  __rtentry2.o(.ARM.Collect$$rtentry$$0000000A)
    __rt_entry_postsh_1                      0x08000327   Thumb Code     0  __rtentry2.o(.ARM.Collect$$rtentry$$00000009)
    __rt_entry_main                          0x0800032b   Thumb Code     0  __rtentry2.o(.ARM.Collect$$rtentry$$0000000D)
    __rt_entry_postli_1                      0x0800032b   Thumb Code     0  __rtentry2.o(.ARM.Collect$$rtentry$$0000000C)
    __rt_exit                                0x08000333   Thumb Code     0  rtexit.o(.ARM.Collect$$rtexit$$00000000)
    __rt_exit_ls                             0x08000335   Thumb Code     0  rtexit2.o(.ARM.Collect$$rtexit$$00000003)
    __rt_exit_prels_1                        0x08000335   Thumb Code     0  rtexit2.o(.ARM.Collect$$rtexit$$00000002)
    __rt_exit_exit                           0x08000339   Thumb Code     0  rtexit2.o(.ARM.Collect$$rtexit$$00000004)
    Reset_Handler                            0x08000341   Thumb Code     8  startup_stm32h743xx.o(.text)
    _maybe_terminate_alloc                   0x08000341   Thumb Code     0  maybetermalloc1.o(.emb_text)
    ADC3_IRQHandler                          0x0800035b   Thumb Code     0  startup_stm32h743xx.o(.text)
    ADC_IRQHandler                           0x0800035b   Thumb Code     0  startup_stm32h743xx.o(.text)
    BDMA_Channel0_IRQHandler                 0x0800035b   Thumb Code     0  startup_stm32h743xx.o(.text)
    BDMA_Channel1_IRQHandler                 0x0800035b   Thumb Code     0  startup_stm32h743xx.o(.text)
    BDMA_Channel2_IRQHandler                 0x0800035b   Thumb Code     0  startup_stm32h743xx.o(.text)
    BDMA_Channel3_IRQHandler                 0x0800035b   Thumb Code     0  startup_stm32h743xx.o(.text)
    BDMA_Channel4_IRQHandler                 0x0800035b   Thumb Code     0  startup_stm32h743xx.o(.text)
    BDMA_Channel5_IRQHandler                 0x0800035b   Thumb Code     0  startup_stm32h743xx.o(.text)
    BDMA_Channel6_IRQHandler                 0x0800035b   Thumb Code     0  startup_stm32h743xx.o(.text)
    BDMA_Channel7_IRQHandler                 0x0800035b   Thumb Code     0  startup_stm32h743xx.o(.text)
    CEC_IRQHandler                           0x0800035b   Thumb Code     0  startup_stm32h743xx.o(.text)
    COMP1_IRQHandler                         0x0800035b   Thumb Code     0  startup_stm32h743xx.o(.text)
    CRS_IRQHandler                           0x0800035b   Thumb Code     0  startup_stm32h743xx.o(.text)
    DCMI_IRQHandler                          0x0800035b   Thumb Code     0  startup_stm32h743xx.o(.text)
    DFSDM1_FLT0_IRQHandler                   0x0800035b   Thumb Code     0  startup_stm32h743xx.o(.text)
    DFSDM1_FLT1_IRQHandler                   0x0800035b   Thumb Code     0  startup_stm32h743xx.o(.text)
    DFSDM1_FLT2_IRQHandler                   0x0800035b   Thumb Code     0  startup_stm32h743xx.o(.text)
    DFSDM1_FLT3_IRQHandler                   0x0800035b   Thumb Code     0  startup_stm32h743xx.o(.text)
    DMA1_Stream1_IRQHandler                  0x0800035b   Thumb Code     0  startup_stm32h743xx.o(.text)
    DMA1_Stream2_IRQHandler                  0x0800035b   Thumb Code     0  startup_stm32h743xx.o(.text)
    DMA1_Stream3_IRQHandler                  0x0800035b   Thumb Code     0  startup_stm32h743xx.o(.text)
    DMA1_Stream4_IRQHandler                  0x0800035b   Thumb Code     0  startup_stm32h743xx.o(.text)
    DMA1_Stream5_IRQHandler                  0x0800035b   Thumb Code     0  startup_stm32h743xx.o(.text)
    DMA1_Stream6_IRQHandler                  0x0800035b   Thumb Code     0  startup_stm32h743xx.o(.text)
    DMA1_Stream7_IRQHandler                  0x0800035b   Thumb Code     0  startup_stm32h743xx.o(.text)
    DMA2D_IRQHandler                         0x0800035b   Thumb Code     0  startup_stm32h743xx.o(.text)
    DMA2_Stream0_IRQHandler                  0x0800035b   Thumb Code     0  startup_stm32h743xx.o(.text)
    DMA2_Stream1_IRQHandler                  0x0800035b   Thumb Code     0  startup_stm32h743xx.o(.text)
    DMA2_Stream2_IRQHandler                  0x0800035b   Thumb Code     0  startup_stm32h743xx.o(.text)
    DMA2_Stream3_IRQHandler                  0x0800035b   Thumb Code     0  startup_stm32h743xx.o(.text)
    DMA2_Stream4_IRQHandler                  0x0800035b   Thumb Code     0  startup_stm32h743xx.o(.text)
    DMA2_Stream5_IRQHandler                  0x0800035b   Thumb Code     0  startup_stm32h743xx.o(.text)
    DMA2_Stream6_IRQHandler                  0x0800035b   Thumb Code     0  startup_stm32h743xx.o(.text)
    DMA2_Stream7_IRQHandler                  0x0800035b   Thumb Code     0  startup_stm32h743xx.o(.text)
    DMAMUX1_OVR_IRQHandler                   0x0800035b   Thumb Code     0  startup_stm32h743xx.o(.text)
    DMAMUX2_OVR_IRQHandler                   0x0800035b   Thumb Code     0  startup_stm32h743xx.o(.text)
    ECC_IRQHandler                           0x0800035b   Thumb Code     0  startup_stm32h743xx.o(.text)
    ETH_IRQHandler                           0x0800035b   Thumb Code     0  startup_stm32h743xx.o(.text)
    ETH_WKUP_IRQHandler                      0x0800035b   Thumb Code     0  startup_stm32h743xx.o(.text)
    EXTI0_IRQHandler                         0x0800035b   Thumb Code     0  startup_stm32h743xx.o(.text)
    EXTI15_10_IRQHandler                     0x0800035b   Thumb Code     0  startup_stm32h743xx.o(.text)
    EXTI1_IRQHandler                         0x0800035b   Thumb Code     0  startup_stm32h743xx.o(.text)
    EXTI2_IRQHandler                         0x0800035b   Thumb Code     0  startup_stm32h743xx.o(.text)
    EXTI3_IRQHandler                         0x0800035b   Thumb Code     0  startup_stm32h743xx.o(.text)
    EXTI4_IRQHandler                         0x0800035b   Thumb Code     0  startup_stm32h743xx.o(.text)
    EXTI9_5_IRQHandler                       0x0800035b   Thumb Code     0  startup_stm32h743xx.o(.text)
    FDCAN1_IT0_IRQHandler                    0x0800035b   Thumb Code     0  startup_stm32h743xx.o(.text)
    FDCAN1_IT1_IRQHandler                    0x0800035b   Thumb Code     0  startup_stm32h743xx.o(.text)
    FDCAN2_IT0_IRQHandler                    0x0800035b   Thumb Code     0  startup_stm32h743xx.o(.text)
    FDCAN2_IT1_IRQHandler                    0x0800035b   Thumb Code     0  startup_stm32h743xx.o(.text)
    FDCAN_CAL_IRQHandler                     0x0800035b   Thumb Code     0  startup_stm32h743xx.o(.text)
    FLASH_IRQHandler                         0x0800035b   Thumb Code     0  startup_stm32h743xx.o(.text)
    FMC_IRQHandler                           0x0800035b   Thumb Code     0  startup_stm32h743xx.o(.text)
    FPU_IRQHandler                           0x0800035b   Thumb Code     0  startup_stm32h743xx.o(.text)
    HRTIM1_FLT_IRQHandler                    0x0800035b   Thumb Code     0  startup_stm32h743xx.o(.text)
    HRTIM1_Master_IRQHandler                 0x0800035b   Thumb Code     0  startup_stm32h743xx.o(.text)
    HRTIM1_TIMA_IRQHandler                   0x0800035b   Thumb Code     0  startup_stm32h743xx.o(.text)
    HRTIM1_TIMB_IRQHandler                   0x0800035b   Thumb Code     0  startup_stm32h743xx.o(.text)
    HRTIM1_TIMC_IRQHandler                   0x0800035b   Thumb Code     0  startup_stm32h743xx.o(.text)
    HRTIM1_TIMD_IRQHandler                   0x0800035b   Thumb Code     0  startup_stm32h743xx.o(.text)
    HRTIM1_TIME_IRQHandler                   0x0800035b   Thumb Code     0  startup_stm32h743xx.o(.text)
    HSEM1_IRQHandler                         0x0800035b   Thumb Code     0  startup_stm32h743xx.o(.text)
    I2C1_ER_IRQHandler                       0x0800035b   Thumb Code     0  startup_stm32h743xx.o(.text)
    I2C1_EV_IRQHandler                       0x0800035b   Thumb Code     0  startup_stm32h743xx.o(.text)
    I2C3_ER_IRQHandler                       0x0800035b   Thumb Code     0  startup_stm32h743xx.o(.text)
    I2C3_EV_IRQHandler                       0x0800035b   Thumb Code     0  startup_stm32h743xx.o(.text)
    I2C4_ER_IRQHandler                       0x0800035b   Thumb Code     0  startup_stm32h743xx.o(.text)
    I2C4_EV_IRQHandler                       0x0800035b   Thumb Code     0  startup_stm32h743xx.o(.text)
    JPEG_IRQHandler                          0x0800035b   Thumb Code     0  startup_stm32h743xx.o(.text)
    LPTIM1_IRQHandler                        0x0800035b   Thumb Code     0  startup_stm32h743xx.o(.text)
    LPTIM2_IRQHandler                        0x0800035b   Thumb Code     0  startup_stm32h743xx.o(.text)
    LPTIM3_IRQHandler                        0x0800035b   Thumb Code     0  startup_stm32h743xx.o(.text)
    LPTIM4_IRQHandler                        0x0800035b   Thumb Code     0  startup_stm32h743xx.o(.text)
    LPTIM5_IRQHandler                        0x0800035b   Thumb Code     0  startup_stm32h743xx.o(.text)
    LPUART1_IRQHandler                       0x0800035b   Thumb Code     0  startup_stm32h743xx.o(.text)
    LTDC_ER_IRQHandler                       0x0800035b   Thumb Code     0  startup_stm32h743xx.o(.text)
    LTDC_IRQHandler                          0x0800035b   Thumb Code     0  startup_stm32h743xx.o(.text)
    MDIOS_IRQHandler                         0x0800035b   Thumb Code     0  startup_stm32h743xx.o(.text)
    MDIOS_WKUP_IRQHandler                    0x0800035b   Thumb Code     0  startup_stm32h743xx.o(.text)
    MDMA_IRQHandler                          0x0800035b   Thumb Code     0  startup_stm32h743xx.o(.text)
    OTG_FS_EP1_IN_IRQHandler                 0x0800035b   Thumb Code     0  startup_stm32h743xx.o(.text)
    OTG_FS_EP1_OUT_IRQHandler                0x0800035b   Thumb Code     0  startup_stm32h743xx.o(.text)
    OTG_FS_IRQHandler                        0x0800035b   Thumb Code     0  startup_stm32h743xx.o(.text)
    OTG_FS_WKUP_IRQHandler                   0x0800035b   Thumb Code     0  startup_stm32h743xx.o(.text)
    OTG_HS_EP1_IN_IRQHandler                 0x0800035b   Thumb Code     0  startup_stm32h743xx.o(.text)
    OTG_HS_EP1_OUT_IRQHandler                0x0800035b   Thumb Code     0  startup_stm32h743xx.o(.text)
    OTG_HS_IRQHandler                        0x0800035b   Thumb Code     0  startup_stm32h743xx.o(.text)
    OTG_HS_WKUP_IRQHandler                   0x0800035b   Thumb Code     0  startup_stm32h743xx.o(.text)
    PVD_AVD_IRQHandler                       0x0800035b   Thumb Code     0  startup_stm32h743xx.o(.text)
    QUADSPI_IRQHandler                       0x0800035b   Thumb Code     0  startup_stm32h743xx.o(.text)
    RCC_IRQHandler                           0x0800035b   Thumb Code     0  startup_stm32h743xx.o(.text)
    RNG_IRQHandler                           0x0800035b   Thumb Code     0  startup_stm32h743xx.o(.text)
    RTC_Alarm_IRQHandler                     0x0800035b   Thumb Code     0  startup_stm32h743xx.o(.text)
    RTC_WKUP_IRQHandler                      0x0800035b   Thumb Code     0  startup_stm32h743xx.o(.text)
    SAI1_IRQHandler                          0x0800035b   Thumb Code     0  startup_stm32h743xx.o(.text)
    SAI2_IRQHandler                          0x0800035b   Thumb Code     0  startup_stm32h743xx.o(.text)
    SAI3_IRQHandler                          0x0800035b   Thumb Code     0  startup_stm32h743xx.o(.text)
    SAI4_IRQHandler                          0x0800035b   Thumb Code     0  startup_stm32h743xx.o(.text)
    SDMMC1_IRQHandler                        0x0800035b   Thumb Code     0  startup_stm32h743xx.o(.text)
    SDMMC2_IRQHandler                        0x0800035b   Thumb Code     0  startup_stm32h743xx.o(.text)
    SPDIF_RX_IRQHandler                      0x0800035b   Thumb Code     0  startup_stm32h743xx.o(.text)
    SPI1_IRQHandler                          0x0800035b   Thumb Code     0  startup_stm32h743xx.o(.text)
    SPI2_IRQHandler                          0x0800035b   Thumb Code     0  startup_stm32h743xx.o(.text)
    SPI3_IRQHandler                          0x0800035b   Thumb Code     0  startup_stm32h743xx.o(.text)
    SPI4_IRQHandler                          0x0800035b   Thumb Code     0  startup_stm32h743xx.o(.text)
    SPI5_IRQHandler                          0x0800035b   Thumb Code     0  startup_stm32h743xx.o(.text)
    SPI6_IRQHandler                          0x0800035b   Thumb Code     0  startup_stm32h743xx.o(.text)
    SWPMI1_IRQHandler                        0x0800035b   Thumb Code     0  startup_stm32h743xx.o(.text)
    TAMP_STAMP_IRQHandler                    0x0800035b   Thumb Code     0  startup_stm32h743xx.o(.text)
    TIM15_IRQHandler                         0x0800035b   Thumb Code     0  startup_stm32h743xx.o(.text)
    TIM16_IRQHandler                         0x0800035b   Thumb Code     0  startup_stm32h743xx.o(.text)
    TIM17_IRQHandler                         0x0800035b   Thumb Code     0  startup_stm32h743xx.o(.text)
    TIM1_BRK_IRQHandler                      0x0800035b   Thumb Code     0  startup_stm32h743xx.o(.text)
    TIM1_CC_IRQHandler                       0x0800035b   Thumb Code     0  startup_stm32h743xx.o(.text)
    TIM1_TRG_COM_IRQHandler                  0x0800035b   Thumb Code     0  startup_stm32h743xx.o(.text)
    TIM1_UP_IRQHandler                       0x0800035b   Thumb Code     0  startup_stm32h743xx.o(.text)
    TIM2_IRQHandler                          0x0800035b   Thumb Code     0  startup_stm32h743xx.o(.text)
    TIM3_IRQHandler                          0x0800035b   Thumb Code     0  startup_stm32h743xx.o(.text)
    TIM4_IRQHandler                          0x0800035b   Thumb Code     0  startup_stm32h743xx.o(.text)
    TIM5_IRQHandler                          0x0800035b   Thumb Code     0  startup_stm32h743xx.o(.text)
    TIM6_DAC_IRQHandler                      0x0800035b   Thumb Code     0  startup_stm32h743xx.o(.text)
    TIM7_IRQHandler                          0x0800035b   Thumb Code     0  startup_stm32h743xx.o(.text)
    TIM8_BRK_TIM12_IRQHandler                0x0800035b   Thumb Code     0  startup_stm32h743xx.o(.text)
    TIM8_CC_IRQHandler                       0x0800035b   Thumb Code     0  startup_stm32h743xx.o(.text)
    TIM8_TRG_COM_TIM14_IRQHandler            0x0800035b   Thumb Code     0  startup_stm32h743xx.o(.text)
    TIM8_UP_TIM13_IRQHandler                 0x0800035b   Thumb Code     0  startup_stm32h743xx.o(.text)
    UART4_IRQHandler                         0x0800035b   Thumb Code     0  startup_stm32h743xx.o(.text)
    UART5_IRQHandler                         0x0800035b   Thumb Code     0  startup_stm32h743xx.o(.text)
    UART7_IRQHandler                         0x0800035b   Thumb Code     0  startup_stm32h743xx.o(.text)
    UART8_IRQHandler                         0x0800035b   Thumb Code     0  startup_stm32h743xx.o(.text)
    USART2_IRQHandler                        0x0800035b   Thumb Code     0  startup_stm32h743xx.o(.text)
    USART3_IRQHandler                        0x0800035b   Thumb Code     0  startup_stm32h743xx.o(.text)
    USART6_IRQHandler                        0x0800035b   Thumb Code     0  startup_stm32h743xx.o(.text)
    WAKEUP_PIN_IRQHandler                    0x0800035b   Thumb Code     0  startup_stm32h743xx.o(.text)
    WWDG_IRQHandler                          0x0800035b   Thumb Code     0  startup_stm32h743xx.o(.text)
    __user_initial_stackheap                 0x0800035d   Thumb Code     0  startup_stm32h743xx.o(.text)
    malloc                                   0x08000381   Thumb Code    94  h1_alloc.o(.text)
    free                                     0x080003df   Thumb Code    78  h1_free.o(.text)
    __aeabi_uldivmod                         0x0800042d   Thumb Code     0  lludivv7m.o(.text)
    _ll_udiv                                 0x0800042d   Thumb Code   238  lludivv7m.o(.text)
    __aeabi_memcpy                           0x0800051b   Thumb Code     0  rt_memcpy_v6.o(.text)
    __rt_memcpy                              0x0800051b   Thumb Code   138  rt_memcpy_v6.o(.text)
    _memcpy_lastbytes                        0x08000581   Thumb Code     0  rt_memcpy_v6.o(.text)
    __aeabi_memclr4                          0x080005a5   Thumb Code     0  rt_memclr_w.o(.text)
    __aeabi_memclr8                          0x080005a5   Thumb Code     0  rt_memclr_w.o(.text)
    __rt_memclr_w                            0x080005a5   Thumb Code    78  rt_memclr_w.o(.text)
    _memset_w                                0x080005a9   Thumb Code     0  rt_memclr_w.o(.text)
    __use_two_region_memory                  0x080005f3   Thumb Code     2  heapauxi.o(.text)
    __rt_heap_escrow                         0x080005f5   Thumb Code     2  heapauxi.o(.text)
    __rt_heap_expand                         0x080005f7   Thumb Code     2  heapauxi.o(.text)
    __rt_heap_descriptor                     0x080005f9   Thumb Code     8  rt_heap_descriptor_intlibspace.o(.text)
    __use_no_heap                            0x08000601   Thumb Code     2  hguard.o(.text)
    __heap$guard                             0x08000603   Thumb Code     2  hguard.o(.text)
    _terminate_user_alloc                    0x08000605   Thumb Code     2  init_alloc.o(.text)
    _init_user_alloc                         0x08000607   Thumb Code     2  init_alloc.o(.text)
    __Heap_Full                              0x08000609   Thumb Code    34  init_alloc.o(.text)
    __Heap_Broken                            0x0800062b   Thumb Code     6  init_alloc.o(.text)
    _init_alloc                              0x08000631   Thumb Code    94  init_alloc.o(.text)
    __Heap_Initialize                        0x0800068f   Thumb Code    10  h1_init.o(.text)
    __Heap_DescSize                          0x08000699   Thumb Code     4  h1_init.o(.text)
    __aeabi_memcpy4                          0x0800069d   Thumb Code     0  rt_memcpy_w.o(.text)
    __aeabi_memcpy8                          0x0800069d   Thumb Code     0  rt_memcpy_w.o(.text)
    __rt_memcpy_w                            0x0800069d   Thumb Code   100  rt_memcpy_w.o(.text)
    _memcpy_lastbytes_aligned                0x080006e5   Thumb Code     0  rt_memcpy_w.o(.text)
    __user_libspace                          0x08000701   Thumb Code     8  libspace.o(.text)
    __user_perproc_libspace                  0x08000701   Thumb Code     0  libspace.o(.text)
    __user_perthread_libspace                0x08000701   Thumb Code     0  libspace.o(.text)
    __Heap_ProvideMemory                     0x08000709   Thumb Code    52  h1_extend.o(.text)
    __rt_SIGRTMEM                            0x0800073d   Thumb Code    14  defsig_rtmem_outer.o(.text)
    __I$use$semihosting                      0x0800074b   Thumb Code     0  use_no_semi.o(.text)
    __use_no_semihosting_swi                 0x0800074b   Thumb Code     2  use_no_semi.o(.text)
    __semihosting_library_function           0x0800074d   Thumb Code     0  indicate_semi.o(.text)
    __user_setup_stackheap                   0x0800074d   Thumb Code    74  sys_stackheap_outer.o(.text)
    exit                                     0x08000797   Thumb Code    18  exit.o(.text)
    __sig_exit                               0x080007a9   Thumb Code    10  defsig_exit.o(.text)
    __rt_SIGRTMEM_inner                      0x080007b5   Thumb Code    22  defsig_rtmem_inner.o(.text)
    _sys_exit                                0x08000805   Thumb Code     8  sys_exit.o(.text)
    __default_signal_display                 0x08000811   Thumb Code    50  defsig_general.o(.text)
    _ttywrch                                 0x08000843   Thumb Code    14  sys_wrch.o(.text)
    BusFault_Handler                         0x08000851   Thumb Code     2  stm32h7xx_it.o(i.BusFault_Handler)
    DMA1_Stream0_IRQHandler                  0x08000855   Thumb Code     6  stm32h7xx_it.o(i.DMA1_Stream0_IRQHandler)
    DebugMon_Handler                         0x08000c99   Thumb Code     2  stm32h7xx_it.o(i.DebugMon_Handler)
    Error_Handler                            0x08000c9b   Thumb Code     4  main.o(i.Error_Handler)
    HAL_DMA_Abort                            0x08000ca1   Thumb Code   836  stm32h7xx_hal_dma.o(i.HAL_DMA_Abort)
    HAL_DMA_Abort_IT                         0x08001001   Thumb Code   602  stm32h7xx_hal_dma.o(i.HAL_DMA_Abort_IT)
    HAL_DMA_GetError                         0x08001285   Thumb Code     4  stm32h7xx_hal_dma.o(i.HAL_DMA_GetError)
    HAL_DMA_GetState                         0x08001289   Thumb Code     6  stm32h7xx_hal_dma.o(i.HAL_DMA_GetState)
    HAL_DMA_IRQHandler                       0x08001291   Thumb Code  1756  stm32h7xx_hal_dma.o(i.HAL_DMA_IRQHandler)
    HAL_DMA_Init                             0x08001979   Thumb Code   926  stm32h7xx_hal_dma.o(i.HAL_DMA_Init)
    HAL_DMA_Start_IT                         0x08001d3d   Thumb Code   628  stm32h7xx_hal_dma.o(i.HAL_DMA_Start_IT)
    HAL_Delay                                0x08001fd9   Thumb Code    32  stm32h7xx_hal.o(i.HAL_Delay)
    HAL_GPIO_Init                            0x08001ffd   Thumb Code   506  stm32h7xx_hal_gpio.o(i.HAL_GPIO_Init)
    HAL_GetREVID                             0x08002229   Thumb Code     8  stm32h7xx_hal.o(i.HAL_GetREVID)
    HAL_GetTick                              0x08002235   Thumb Code     6  stm32h7xx_hal.o(i.HAL_GetTick)
    HAL_I2CEx_ConfigAnalogFilter             0x08002241   Thumb Code    88  stm32h7xx_hal_i2c_ex.o(i.HAL_I2CEx_ConfigAnalogFilter)
    HAL_I2CEx_ConfigDigitalFilter            0x08002299   Thumb Code    84  stm32h7xx_hal_i2c_ex.o(i.HAL_I2CEx_ConfigDigitalFilter)
    HAL_I2CEx_EnableFastModePlus             0x080022ed   Thumb Code    30  stm32h7xx_hal_i2c_ex.o(i.HAL_I2CEx_EnableFastModePlus)
    HAL_I2C_AbortCpltCallback                0x08002315   Thumb Code     2  stm32h7xx_hal_i2c.o(i.HAL_I2C_AbortCpltCallback)
    HAL_I2C_AddrCallback                     0x08002317   Thumb Code     2  stm32h7xx_hal_i2c.o(i.HAL_I2C_AddrCallback)
    HAL_I2C_ER_IRQHandler                    0x08002319   Thumb Code   104  stm32h7xx_hal_i2c.o(i.HAL_I2C_ER_IRQHandler)
    HAL_I2C_EV_IRQHandler                    0x08002381   Thumb Code    16  stm32h7xx_hal_i2c.o(i.HAL_I2C_EV_IRQHandler)
    HAL_I2C_ErrorCallback                    0x08002391   Thumb Code     2  stm32h7xx_hal_i2c.o(i.HAL_I2C_ErrorCallback)
    HAL_I2C_Init                             0x08002395   Thumb Code   186  stm32h7xx_hal_i2c.o(i.HAL_I2C_Init)
    HAL_I2C_ListenCpltCallback               0x08002455   Thumb Code     2  stm32h7xx_hal_i2c.o(i.HAL_I2C_ListenCpltCallback)
    HAL_I2C_MasterRxCpltCallback             0x08002457   Thumb Code     2  stm32h7xx_hal_i2c.o(i.HAL_I2C_MasterRxCpltCallback)
    HAL_I2C_MasterTxCpltCallback             0x08002459   Thumb Code    26  stm32h7xx_it.o(i.HAL_I2C_MasterTxCpltCallback)
    HAL_I2C_Master_Transmit                  0x0800247d   Thumb Code   324  stm32h7xx_hal_i2c.o(i.HAL_I2C_Master_Transmit)
    HAL_I2C_Master_Transmit_DMA              0x080025c9   Thumb Code   316  stm32h7xx_hal_i2c.o(i.HAL_I2C_Master_Transmit_DMA)
    HAL_I2C_MemRxCpltCallback                0x0800271d   Thumb Code     2  stm32h7xx_hal_i2c.o(i.HAL_I2C_MemRxCpltCallback)
    HAL_I2C_MemTxCpltCallback                0x0800271f   Thumb Code     2  stm32h7xx_hal_i2c.o(i.HAL_I2C_MemTxCpltCallback)
    HAL_I2C_MspInit                          0x08002721   Thumb Code   196  i2c.o(i.HAL_I2C_MspInit)
    HAL_I2C_SlaveRxCpltCallback              0x080027f9   Thumb Code     2  stm32h7xx_hal_i2c.o(i.HAL_I2C_SlaveRxCpltCallback)
    HAL_I2C_SlaveTxCpltCallback              0x080027fb   Thumb Code     2  stm32h7xx_hal_i2c.o(i.HAL_I2C_SlaveTxCpltCallback)
    HAL_IncTick                              0x080027fd   Thumb Code    12  stm32h7xx_hal.o(i.HAL_IncTick)
    HAL_Init                                 0x0800280d   Thumb Code    74  stm32h7xx_hal.o(i.HAL_Init)
    HAL_InitTick                             0x08002869   Thumb Code    56  stm32h7xx_hal.o(i.HAL_InitTick)
    HAL_MspInit                              0x080028a9   Thumb Code    22  stm32h7xx_hal_msp.o(i.HAL_MspInit)
    HAL_NVIC_EnableIRQ                       0x080028c5   Thumb Code    26  stm32h7xx_hal_cortex.o(i.HAL_NVIC_EnableIRQ)
    HAL_NVIC_SetPriority                     0x080028e1   Thumb Code    60  stm32h7xx_hal_cortex.o(i.HAL_NVIC_SetPriority)
    HAL_NVIC_SetPriorityGrouping             0x08002921   Thumb Code    28  stm32h7xx_hal_cortex.o(i.HAL_NVIC_SetPriorityGrouping)
    HAL_PWREx_ConfigSupply                   0x08002945   Thumb Code    78  stm32h7xx_hal_pwr_ex.o(i.HAL_PWREx_ConfigSupply)
    HAL_RCCEx_GetD3PCLK1Freq                 0x08002999   Thumb Code    26  stm32h7xx_hal_rcc_ex.o(i.HAL_RCCEx_GetD3PCLK1Freq)
    HAL_RCCEx_GetPLL2ClockFreq               0x080029bd   Thumb Code   296  stm32h7xx_hal_rcc_ex.o(i.HAL_RCCEx_GetPLL2ClockFreq)
    HAL_RCCEx_GetPLL3ClockFreq               0x08002b01   Thumb Code   296  stm32h7xx_hal_rcc_ex.o(i.HAL_RCCEx_GetPLL3ClockFreq)
    HAL_RCCEx_PeriphCLKConfig                0x08002c45   Thumb Code  2472  stm32h7xx_hal_rcc_ex.o(i.HAL_RCCEx_PeriphCLKConfig)
    HAL_RCC_ClockConfig                      0x080035f1   Thumb Code   580  stm32h7xx_hal_rcc.o(i.HAL_RCC_ClockConfig)
    HAL_RCC_GetHCLKFreq                      0x0800384d   Thumb Code    52  stm32h7xx_hal_rcc.o(i.HAL_RCC_GetHCLKFreq)
    HAL_RCC_GetPCLK1Freq                     0x08003891   Thumb Code    26  stm32h7xx_hal_rcc.o(i.HAL_RCC_GetPCLK1Freq)
    HAL_RCC_GetPCLK2Freq                     0x080038b5   Thumb Code    26  stm32h7xx_hal_rcc.o(i.HAL_RCC_GetPCLK2Freq)
    HAL_RCC_GetSysClockFreq                  0x080038d9   Thumb Code   278  stm32h7xx_hal_rcc.o(i.HAL_RCC_GetSysClockFreq)
    HAL_RCC_OscConfig                        0x08003a11   Thumb Code  1410  stm32h7xx_hal_rcc.o(i.HAL_RCC_OscConfig)
    HAL_SYSTICK_Config                       0x08003f93   Thumb Code    38  stm32h7xx_hal_cortex.o(i.HAL_SYSTICK_Config)
    HAL_UARTEx_DisableFifoMode               0x08003fb9   Thumb Code    64  stm32h7xx_hal_uart_ex.o(i.HAL_UARTEx_DisableFifoMode)
    HAL_UARTEx_RxEventCallback               0x08003ff9   Thumb Code     2  stm32h7xx_hal_uart.o(i.HAL_UARTEx_RxEventCallback)
    HAL_UARTEx_RxFifoFullCallback            0x08003ffb   Thumb Code     2  stm32h7xx_hal_uart_ex.o(i.HAL_UARTEx_RxFifoFullCallback)
    HAL_UARTEx_SetRxFifoThreshold            0x08003ffd   Thumb Code    76  stm32h7xx_hal_uart_ex.o(i.HAL_UARTEx_SetRxFifoThreshold)
    HAL_UARTEx_SetTxFifoThreshold            0x08004049   Thumb Code    76  stm32h7xx_hal_uart_ex.o(i.HAL_UARTEx_SetTxFifoThreshold)
    HAL_UARTEx_TxFifoEmptyCallback           0x08004095   Thumb Code     2  stm32h7xx_hal_uart_ex.o(i.HAL_UARTEx_TxFifoEmptyCallback)
    HAL_UARTEx_WakeupCallback                0x08004097   Thumb Code     2  stm32h7xx_hal_uart_ex.o(i.HAL_UARTEx_WakeupCallback)
    HAL_UART_ErrorCallback                   0x08004099   Thumb Code     2  stm32h7xx_hal_uart.o(i.HAL_UART_ErrorCallback)
    HAL_UART_IRQHandler                      0x0800409d   Thumb Code   878  stm32h7xx_hal_uart.o(i.HAL_UART_IRQHandler)
    HAL_UART_Init                            0x08004425   Thumb Code   106  stm32h7xx_hal_uart.o(i.HAL_UART_Init)
    HAL_UART_MspInit                         0x08004491   Thumb Code   138  usart.o(i.HAL_UART_MspInit)
    HAL_UART_TxCpltCallback                  0x08004529   Thumb Code     2  stm32h7xx_hal_uart.o(i.HAL_UART_TxCpltCallback)
    HardFault_Handler                        0x0800452b   Thumb Code     2  stm32h7xx_it.o(i.HardFault_Handler)
    I2C2_ER_IRQHandler                       0x0800452d   Thumb Code     6  stm32h7xx_it.o(i.I2C2_ER_IRQHandler)
    I2C2_EV_IRQHandler                       0x08004539   Thumb Code     6  stm32h7xx_it.o(i.I2C2_EV_IRQHandler)
    MX_DMA_Init                              0x08005761   Thumb Code    40  dma.o(i.MX_DMA_Init)
    MX_GPIO_Init                             0x0800578d   Thumb Code    54  gpio.o(i.MX_GPIO_Init)
    MX_I2C2_Init                             0x080057c9   Thumb Code    78  i2c.o(i.MX_I2C2_Init)
    MX_USART1_UART_Init                      0x08005825   Thumb Code    94  usart.o(i.MX_USART1_UART_Init)
    MemManage_Handler                        0x0800588d   Thumb Code     2  stm32h7xx_it.o(i.MemManage_Handler)
    NMI_Handler                              0x0800588f   Thumb Code     2  stm32h7xx_it.o(i.NMI_Handler)
    OLED_Clear                               0x08005891   Thumb Code    38  oled.o(i.OLED_Clear)
    OLED_ClearArea                           0x080058bd   Thumb Code    94  oled.o(i.OLED_ClearArea)
    OLED_Init                                0x08005921   Thumb Code   164  oled.o(i.OLED_Init)
    OLED_Pow                                 0x080059c9   Thumb Code    14  oled.o(i.OLED_Pow)
    OLED_Reverse                             0x080059d9   Thumb Code    38  oled.o(i.OLED_Reverse)
    OLED_SetCursor                           0x08005a05   Thumb Code    34  oled.o(i.OLED_SetCursor)
    OLED_ShowChar                            0x08005a29   Thumb Code    52  oled.o(i.OLED_ShowChar)
    OLED_ShowImage                           0x08005a65   Thumb Code   200  oled.o(i.OLED_ShowImage)
    OLED_ShowNum                             0x08005b31   Thumb Code    70  oled.o(i.OLED_ShowNum)
    OLED_Test                                0x08005b79   Thumb Code    38  oled.o(i.OLED_Test)
    OLED_Transmit_Datas                      0x08005ba5   Thumb Code   122  oled.o(i.OLED_Transmit_Datas)
    OLED_Update                              0x08005c29   Thumb Code    46  oled.o(i.OLED_Update)
    OLED_WriteCommand                        0x08005c5d   Thumb Code    28  oled.o(i.OLED_WriteCommand)
    OLED_WriteData                           0x08005c7d   Thumb Code    48  oled.o(i.OLED_WriteData)
    PendSV_Handler                           0x08005cb5   Thumb Code     2  stm32h7xx_it.o(i.PendSV_Handler)
    SVC_Handler                              0x08005ef9   Thumb Code     2  stm32h7xx_it.o(i.SVC_Handler)
    SysTick_Handler                          0x08005efb   Thumb Code     4  stm32h7xx_it.o(i.SysTick_Handler)
    SystemClock_Config                       0x08005f01   Thumb Code   208  main.o(i.SystemClock_Config)
    SystemInit                               0x08005fdd   Thumb Code   180  system_stm32h7xx.o(i.SystemInit)
    UART_AdvFeatureConfig                    0x080060fd   Thumb Code   200  stm32h7xx_hal_uart.o(i.UART_AdvFeatureConfig)
    UART_CheckIdleState                      0x080061c5   Thumb Code   170  stm32h7xx_hal_uart.o(i.UART_CheckIdleState)
    UART_SetConfig                           0x080062d9   Thumb Code   876  stm32h7xx_hal_uart.o(i.UART_SetConfig)
    UART_WaitOnFlagUntilTimeout              0x08006685   Thumb Code   148  stm32h7xx_hal_uart.o(i.UART_WaitOnFlagUntilTimeout)
    USART1_IRQHandler                        0x08006719   Thumb Code     6  stm32h7xx_it.o(i.USART1_IRQHandler)
    UsageFault_Handler                       0x08006725   Thumb Code     2  stm32h7xx_it.o(i.UsageFault_Handler)
    main                                     0x08006749   Thumb Code   146  main.o(i.main)
    _fp_init                                 0x080067f1   Thumb Code    10  fpinit.o(x$fpl$fpinit)
    __fplib_config_fpu_vfp                   0x080067f9   Thumb Code     0  fpinit.o(x$fpl$fpinit)
    __fplib_config_pureend_doubles           0x080067f9   Thumb Code     0  fpinit.o(x$fpl$fpinit)
    UARTPrescTable                           0x08006802   Data          24  stm32h7xx_hal_uart.o(.constdata)
    D1CorePrescTable                         0x0800682a   Data          16  system_stm32h7xx.o(.constdata)
    OLED_F8x16                               0x0800683a   Data        1520  oled_data.o(.constdata)
    OLED_F6x8                                0x08006e2a   Data         570  oled_data.o(.constdata)
    Region$$Table$$Base                      0x08007064   Number         0  anon$$obj.o(Region$$Table)
    Region$$Table$$Limit                     0x08007084   Number         0  anon$$obj.o(Region$$Table)
    frame                                    0x24000000   Data           2  main.o(.data)
    uwTickFreq                               0x24000004   Data           1  stm32h7xx_hal.o(.data)
    uwTickPrio                               0x24000008   Data           4  stm32h7xx_hal.o(.data)
    uwTick                                   0x2400000c   Data           4  stm32h7xx_hal.o(.data)
    SystemCoreClock                          0x24000010   Data           4  system_stm32h7xx.o(.data)
    SystemD2Clock                            0x24000014   Data           4  system_stm32h7xx.o(.data)
    PageNum                                  0x24000018   Data           1  oled.o(.data)
    OLED_state                               0x24000019   Data           1  oled.o(.data)
    OLED_Width                               0x2400001d   Data           1  oled.o(.data)
    SendByte_Addr                            0x24000020   Data           4  oled.o(.data)
    OLED_DisplayBuf                          0x24000024   Data           4  oled.o(.data)
    hi2c2                                    0x24000028   Data          84  i2c.o(.bss)
    hdma_i2c2_tx                             0x2400007c   Data         120  i2c.o(.bss)
    huart1                                   0x240000f4   Data         148  usart.o(.bss)
    __libspace_start                         0x24000188   Data          96  libspace.o(.bss)
    __temporary_stack_top$libspace           0x240001e8   Data           0  libspace.o(.bss)



==============================================================================

Memory Map of the image

  Image Entry point : 0x08000299

  Load Region LR_IROM1 (Base: 0x08000000, Size: 0x000070ac, Max: 0x00200000, ABSOLUTE)

    Execution Region ER_IROM1 (Exec base: 0x08000000, Load base: 0x08000000, Size: 0x00007084, Max: 0x00200000, ABSOLUTE)

    Exec Addr    Load Addr    Size         Type   Attr      Idx    E Section Name        Object

    0x08000000   0x08000000   0x00000298   Data   RO            3    RESET               startup_stm32h743xx.o
    0x08000298   0x08000298   0x00000008   Code   RO         3789  * !!!main             c_w.l(__main.o)
    0x080002a0   0x080002a0   0x00000034   Code   RO         4228    !!!scatter          c_w.l(__scatter.o)
    0x080002d4   0x080002d4   0x0000001a   Code   RO         4230    !!handler_copy      c_w.l(__scatter_copy.o)
    0x080002ee   0x080002ee   0x00000002   PAD
    0x080002f0   0x080002f0   0x0000001c   Code   RO         4232    !!handler_zi        c_w.l(__scatter_zi.o)
    0x0800030c   0x0800030c   0x00000002   Code   RO         4162    .ARM.Collect$$libinit$$00000000  c_w.l(libinit.o)
    0x0800030e   0x0800030e   0x00000004   Code   RO         3936    .ARM.Collect$$libinit$$00000001  c_w.l(libinit2.o)
    0x08000312   0x08000312   0x00000000   Code   RO         3939    .ARM.Collect$$libinit$$00000004  c_w.l(libinit2.o)
    0x08000312   0x08000312   0x00000008   Code   RO         3940    .ARM.Collect$$libinit$$00000005  c_w.l(libinit2.o)
    0x0800031a   0x0800031a   0x00000000   Code   RO         3942    .ARM.Collect$$libinit$$0000000A  c_w.l(libinit2.o)
    0x0800031a   0x0800031a   0x00000000   Code   RO         3944    .ARM.Collect$$libinit$$0000000C  c_w.l(libinit2.o)
    0x0800031a   0x0800031a   0x00000000   Code   RO         3946    .ARM.Collect$$libinit$$0000000E  c_w.l(libinit2.o)
    0x0800031a   0x0800031a   0x00000000   Code   RO         3949    .ARM.Collect$$libinit$$00000011  c_w.l(libinit2.o)
    0x0800031a   0x0800031a   0x00000000   Code   RO         3951    .ARM.Collect$$libinit$$00000013  c_w.l(libinit2.o)
    0x0800031a   0x0800031a   0x00000000   Code   RO         3953    .ARM.Collect$$libinit$$00000015  c_w.l(libinit2.o)
    0x0800031a   0x0800031a   0x00000000   Code   RO         3955    .ARM.Collect$$libinit$$00000017  c_w.l(libinit2.o)
    0x0800031a   0x0800031a   0x00000000   Code   RO         3957    .ARM.Collect$$libinit$$00000019  c_w.l(libinit2.o)
    0x0800031a   0x0800031a   0x00000000   Code   RO         3959    .ARM.Collect$$libinit$$0000001B  c_w.l(libinit2.o)
    0x0800031a   0x0800031a   0x00000000   Code   RO         3961    .ARM.Collect$$libinit$$0000001D  c_w.l(libinit2.o)
    0x0800031a   0x0800031a   0x00000000   Code   RO         3963    .ARM.Collect$$libinit$$0000001F  c_w.l(libinit2.o)
    0x0800031a   0x0800031a   0x00000000   Code   RO         3965    .ARM.Collect$$libinit$$00000021  c_w.l(libinit2.o)
    0x0800031a   0x0800031a   0x00000000   Code   RO         3967    .ARM.Collect$$libinit$$00000023  c_w.l(libinit2.o)
    0x0800031a   0x0800031a   0x00000000   Code   RO         3969    .ARM.Collect$$libinit$$00000025  c_w.l(libinit2.o)
    0x0800031a   0x0800031a   0x00000000   Code   RO         3973    .ARM.Collect$$libinit$$0000002C  c_w.l(libinit2.o)
    0x0800031a   0x0800031a   0x00000000   Code   RO         3975    .ARM.Collect$$libinit$$0000002E  c_w.l(libinit2.o)
    0x0800031a   0x0800031a   0x00000000   Code   RO         3977    .ARM.Collect$$libinit$$00000030  c_w.l(libinit2.o)
    0x0800031a   0x0800031a   0x00000000   Code   RO         3979    .ARM.Collect$$libinit$$00000032  c_w.l(libinit2.o)
    0x0800031a   0x0800031a   0x00000002   Code   RO         3980    .ARM.Collect$$libinit$$00000033  c_w.l(libinit2.o)
    0x0800031c   0x0800031c   0x00000002   Code   RO         4225    .ARM.Collect$$libshutdown$$00000000  c_w.l(libshutdown.o)
    0x0800031e   0x0800031e   0x00000000   Code   RO         4183    .ARM.Collect$$libshutdown$$00000002  c_w.l(libshutdown2.o)
    0x0800031e   0x0800031e   0x00000000   Code   RO         4185    .ARM.Collect$$libshutdown$$00000004  c_w.l(libshutdown2.o)
    0x0800031e   0x0800031e   0x00000000   Code   RO         4188    .ARM.Collect$$libshutdown$$00000007  c_w.l(libshutdown2.o)
    0x0800031e   0x0800031e   0x00000000   Code   RO         4191    .ARM.Collect$$libshutdown$$0000000A  c_w.l(libshutdown2.o)
    0x0800031e   0x0800031e   0x00000000   Code   RO         4193    .ARM.Collect$$libshutdown$$0000000C  c_w.l(libshutdown2.o)
    0x0800031e   0x0800031e   0x00000000   Code   RO         4196    .ARM.Collect$$libshutdown$$0000000F  c_w.l(libshutdown2.o)
    0x0800031e   0x0800031e   0x00000002   Code   RO         4197    .ARM.Collect$$libshutdown$$00000010  c_w.l(libshutdown2.o)
    0x08000320   0x08000320   0x00000000   Code   RO         3809    .ARM.Collect$$rtentry$$00000000  c_w.l(__rtentry.o)
    0x08000320   0x08000320   0x00000000   Code   RO         4033    .ARM.Collect$$rtentry$$00000002  c_w.l(__rtentry2.o)
    0x08000320   0x08000320   0x00000006   Code   RO         4045    .ARM.Collect$$rtentry$$00000004  c_w.l(__rtentry4.o)
    0x08000326   0x08000326   0x00000000   Code   RO         4035    .ARM.Collect$$rtentry$$00000009  c_w.l(__rtentry2.o)
    0x08000326   0x08000326   0x00000004   Code   RO         4036    .ARM.Collect$$rtentry$$0000000A  c_w.l(__rtentry2.o)
    0x0800032a   0x0800032a   0x00000000   Code   RO         4038    .ARM.Collect$$rtentry$$0000000C  c_w.l(__rtentry2.o)
    0x0800032a   0x0800032a   0x00000008   Code   RO         4039    .ARM.Collect$$rtentry$$0000000D  c_w.l(__rtentry2.o)
    0x08000332   0x08000332   0x00000002   Code   RO         4167    .ARM.Collect$$rtexit$$00000000  c_w.l(rtexit.o)
    0x08000334   0x08000334   0x00000000   Code   RO         4201    .ARM.Collect$$rtexit$$00000002  c_w.l(rtexit2.o)
    0x08000334   0x08000334   0x00000004   Code   RO         4202    .ARM.Collect$$rtexit$$00000003  c_w.l(rtexit2.o)
    0x08000338   0x08000338   0x00000006   Code   RO         4203    .ARM.Collect$$rtexit$$00000004  c_w.l(rtexit2.o)
    0x0800033e   0x0800033e   0x00000002   PAD
    0x08000340   0x08000340   0x00000000   Code   RO         4056    .emb_text           c_w.l(maybetermalloc1.o)
    0x08000340   0x08000340   0x00000040   Code   RO            4    .text               startup_stm32h743xx.o
    0x08000380   0x08000380   0x0000005e   Code   RO         3719    .text               c_w.l(h1_alloc.o)
    0x080003de   0x080003de   0x0000004e   Code   RO         3721    .text               c_w.l(h1_free.o)
    0x0800042c   0x0800042c   0x000000ee   Code   RO         3777    .text               c_w.l(lludivv7m.o)
    0x0800051a   0x0800051a   0x0000008a   Code   RO         3781    .text               c_w.l(rt_memcpy_v6.o)
    0x080005a4   0x080005a4   0x0000004e   Code   RO         3783    .text               c_w.l(rt_memclr_w.o)
    0x080005f2   0x080005f2   0x00000006   Code   RO         3787    .text               c_w.l(heapauxi.o)
    0x080005f8   0x080005f8   0x00000008   Code   RO         3817    .text               c_w.l(rt_heap_descriptor_intlibspace.o)
    0x08000600   0x08000600   0x00000004   Code   RO         3819    .text               c_w.l(hguard.o)
    0x08000604   0x08000604   0x0000008a   Code   RO         3821    .text               c_w.l(init_alloc.o)
    0x0800068e   0x0800068e   0x0000000e   Code   RO         3825    .text               c_w.l(h1_init.o)
    0x0800069c   0x0800069c   0x00000064   Code   RO         3932    .text               c_w.l(rt_memcpy_w.o)
    0x08000700   0x08000700   0x00000008   Code   RO         4029    .text               c_w.l(libspace.o)
    0x08000708   0x08000708   0x00000034   Code   RO         4058    .text               c_w.l(h1_extend.o)
    0x0800073c   0x0800073c   0x0000000e   Code   RO         4080    .text               c_w.l(defsig_rtmem_outer.o)
    0x0800074a   0x0800074a   0x00000002   Code   RO         4097    .text               c_w.l(use_no_semi.o)
    0x0800074c   0x0800074c   0x00000000   Code   RO         4099    .text               c_w.l(indicate_semi.o)
    0x0800074c   0x0800074c   0x0000004a   Code   RO         4100    .text               c_w.l(sys_stackheap_outer.o)
    0x08000796   0x08000796   0x00000012   Code   RO         4143    .text               c_w.l(exit.o)
    0x080007a8   0x080007a8   0x0000000a   Code   RO         4145    .text               c_w.l(defsig_exit.o)
    0x080007b2   0x080007b2   0x00000002   PAD
    0x080007b4   0x080007b4   0x00000050   Code   RO         4151    .text               c_w.l(defsig_rtmem_inner.o)
    0x08000804   0x08000804   0x0000000c   Code   RO         4165    .text               c_w.l(sys_exit.o)
    0x08000810   0x08000810   0x00000032   Code   RO         4178    .text               c_w.l(defsig_general.o)
    0x08000842   0x08000842   0x0000000e   Code   RO         4198    .text               c_w.l(sys_wrch.o)
    0x08000850   0x08000850   0x00000002   Code   RO          315    i.BusFault_Handler  stm32h7xx_it.o
    0x08000852   0x08000852   0x00000002   PAD
    0x08000854   0x08000854   0x0000000c   Code   RO          316    i.DMA1_Stream0_IRQHandler  stm32h7xx_it.o
    0x08000860   0x08000860   0x000000b4   Code   RO         1769    i.DMA_CalcBaseAndBitshift  stm32h7xx_hal_dma.o
    0x08000914   0x08000914   0x0000009c   Code   RO         1770    i.DMA_CalcDMAMUXChannelBaseAndMask  stm32h7xx_hal_dma.o
    0x080009b0   0x080009b0   0x00000074   Code   RO         1771    i.DMA_CalcDMAMUXRequestGenBaseAndMask  stm32h7xx_hal_dma.o
    0x08000a24   0x08000a24   0x00000054   Code   RO         1772    i.DMA_CheckFifoParam  stm32h7xx_hal_dma.o
    0x08000a78   0x08000a78   0x00000220   Code   RO         1773    i.DMA_SetConfig     stm32h7xx_hal_dma.o
    0x08000c98   0x08000c98   0x00000002   Code   RO          317    i.DebugMon_Handler  stm32h7xx_it.o
    0x08000c9a   0x08000c9a   0x00000004   Code   RO           13    i.Error_Handler     main.o
    0x08000c9e   0x08000c9e   0x00000002   PAD
    0x08000ca0   0x08000ca0   0x00000360   Code   RO         1774    i.HAL_DMA_Abort     stm32h7xx_hal_dma.o
    0x08001000   0x08001000   0x00000284   Code   RO         1775    i.HAL_DMA_Abort_IT  stm32h7xx_hal_dma.o
    0x08001284   0x08001284   0x00000004   Code   RO         1777    i.HAL_DMA_GetError  stm32h7xx_hal_dma.o
    0x08001288   0x08001288   0x00000006   Code   RO         1778    i.HAL_DMA_GetState  stm32h7xx_hal_dma.o
    0x0800128e   0x0800128e   0x00000002   PAD
    0x08001290   0x08001290   0x000006e8   Code   RO         1779    i.HAL_DMA_IRQHandler  stm32h7xx_hal_dma.o
    0x08001978   0x08001978   0x000003c4   Code   RO         1780    i.HAL_DMA_Init      stm32h7xx_hal_dma.o
    0x08001d3c   0x08001d3c   0x0000029c   Code   RO         1784    i.HAL_DMA_Start_IT  stm32h7xx_hal_dma.o
    0x08001fd8   0x08001fd8   0x00000024   Code   RO         2483    i.HAL_Delay         stm32h7xx_hal.o
    0x08001ffc   0x08001ffc   0x0000022c   Code   RO         1622    i.HAL_GPIO_Init     stm32h7xx_hal_gpio.o
    0x08002228   0x08002228   0x0000000c   Code   RO         2494    i.HAL_GetREVID      stm32h7xx_hal.o
    0x08002234   0x08002234   0x0000000c   Code   RO         2495    i.HAL_GetTick       stm32h7xx_hal.o
    0x08002240   0x08002240   0x00000058   Code   RO         1073    i.HAL_I2CEx_ConfigAnalogFilter  stm32h7xx_hal_i2c_ex.o
    0x08002298   0x08002298   0x00000054   Code   RO         1074    i.HAL_I2CEx_ConfigDigitalFilter  stm32h7xx_hal_i2c_ex.o
    0x080022ec   0x080022ec   0x00000028   Code   RO         1077    i.HAL_I2CEx_EnableFastModePlus  stm32h7xx_hal_i2c_ex.o
    0x08002314   0x08002314   0x00000002   Code   RO          601    i.HAL_I2C_AbortCpltCallback  stm32h7xx_hal_i2c.o
    0x08002316   0x08002316   0x00000002   Code   RO          602    i.HAL_I2C_AddrCallback  stm32h7xx_hal_i2c.o
    0x08002318   0x08002318   0x00000068   Code   RO          605    i.HAL_I2C_ER_IRQHandler  stm32h7xx_hal_i2c.o
    0x08002380   0x08002380   0x00000010   Code   RO          606    i.HAL_I2C_EV_IRQHandler  stm32h7xx_hal_i2c.o
    0x08002390   0x08002390   0x00000002   Code   RO          608    i.HAL_I2C_ErrorCallback  stm32h7xx_hal_i2c.o
    0x08002392   0x08002392   0x00000002   PAD
    0x08002394   0x08002394   0x000000c0   Code   RO          612    i.HAL_I2C_Init      stm32h7xx_hal_i2c.o
    0x08002454   0x08002454   0x00000002   Code   RO          614    i.HAL_I2C_ListenCpltCallback  stm32h7xx_hal_i2c.o
    0x08002456   0x08002456   0x00000002   Code   RO          615    i.HAL_I2C_MasterRxCpltCallback  stm32h7xx_hal_i2c.o
    0x08002458   0x08002458   0x00000024   Code   RO          318    i.HAL_I2C_MasterTxCpltCallback  stm32h7xx_it.o
    0x0800247c   0x0800247c   0x0000014c   Code   RO          625    i.HAL_I2C_Master_Transmit  stm32h7xx_hal_i2c.o
    0x080025c8   0x080025c8   0x00000154   Code   RO          626    i.HAL_I2C_Master_Transmit_DMA  stm32h7xx_hal_i2c.o
    0x0800271c   0x0800271c   0x00000002   Code   RO          628    i.HAL_I2C_MemRxCpltCallback  stm32h7xx_hal_i2c.o
    0x0800271e   0x0800271e   0x00000002   Code   RO          629    i.HAL_I2C_MemTxCpltCallback  stm32h7xx_hal_i2c.o
    0x08002720   0x08002720   0x000000d8   Code   RO          232    i.HAL_I2C_MspInit   i2c.o
    0x080027f8   0x080027f8   0x00000002   Code   RO          638    i.HAL_I2C_SlaveRxCpltCallback  stm32h7xx_hal_i2c.o
    0x080027fa   0x080027fa   0x00000002   Code   RO          639    i.HAL_I2C_SlaveTxCpltCallback  stm32h7xx_hal_i2c.o
    0x080027fc   0x080027fc   0x00000010   Code   RO         2501    i.HAL_IncTick       stm32h7xx_hal.o
    0x0800280c   0x0800280c   0x0000005c   Code   RO         2502    i.HAL_Init          stm32h7xx_hal.o
    0x08002868   0x08002868   0x00000040   Code   RO         2503    i.HAL_InitTick      stm32h7xx_hal.o
    0x080028a8   0x080028a8   0x0000001c   Code   RO          424    i.HAL_MspInit       stm32h7xx_hal_msp.o
    0x080028c4   0x080028c4   0x0000001a   Code   RO          456    i.HAL_NVIC_EnableIRQ  stm32h7xx_hal_cortex.o
    0x080028de   0x080028de   0x00000002   PAD
    0x080028e0   0x080028e0   0x00000040   Code   RO          462    i.HAL_NVIC_SetPriority  stm32h7xx_hal_cortex.o
    0x08002920   0x08002920   0x00000024   Code   RO          463    i.HAL_NVIC_SetPriorityGrouping  stm32h7xx_hal_cortex.o
    0x08002944   0x08002944   0x00000054   Code   RO         2223    i.HAL_PWREx_ConfigSupply  stm32h7xx_hal_pwr_ex.o
    0x08002998   0x08002998   0x00000024   Code   RO         1243    i.HAL_RCCEx_GetD3PCLK1Freq  stm32h7xx_hal_rcc_ex.o
    0x080029bc   0x080029bc   0x00000144   Code   RO         1245    i.HAL_RCCEx_GetPLL2ClockFreq  stm32h7xx_hal_rcc_ex.o
    0x08002b00   0x08002b00   0x00000144   Code   RO         1246    i.HAL_RCCEx_GetPLL3ClockFreq  stm32h7xx_hal_rcc_ex.o
    0x08002c44   0x08002c44   0x000009ac   Code   RO         1252    i.HAL_RCCEx_PeriphCLKConfig  stm32h7xx_hal_rcc_ex.o
    0x080035f0   0x080035f0   0x0000025c   Code   RO         1128    i.HAL_RCC_ClockConfig  stm32h7xx_hal_rcc.o
    0x0800384c   0x0800384c   0x00000044   Code   RO         1133    i.HAL_RCC_GetHCLKFreq  stm32h7xx_hal_rcc.o
    0x08003890   0x08003890   0x00000024   Code   RO         1135    i.HAL_RCC_GetPCLK1Freq  stm32h7xx_hal_rcc.o
    0x080038b4   0x080038b4   0x00000024   Code   RO         1136    i.HAL_RCC_GetPCLK2Freq  stm32h7xx_hal_rcc.o
    0x080038d8   0x080038d8   0x00000138   Code   RO         1137    i.HAL_RCC_GetSysClockFreq  stm32h7xx_hal_rcc.o
    0x08003a10   0x08003a10   0x00000582   Code   RO         1140    i.HAL_RCC_OscConfig  stm32h7xx_hal_rcc.o
    0x08003f92   0x08003f92   0x00000026   Code   RO          467    i.HAL_SYSTICK_Config  stm32h7xx_hal_cortex.o
    0x08003fb8   0x08003fb8   0x00000040   Code   RO         3316    i.HAL_UARTEx_DisableFifoMode  stm32h7xx_hal_uart_ex.o
    0x08003ff8   0x08003ff8   0x00000002   Code   RO         2905    i.HAL_UARTEx_RxEventCallback  stm32h7xx_hal_uart.o
    0x08003ffa   0x08003ffa   0x00000002   Code   RO         3324    i.HAL_UARTEx_RxFifoFullCallback  stm32h7xx_hal_uart_ex.o
    0x08003ffc   0x08003ffc   0x0000004c   Code   RO         3325    i.HAL_UARTEx_SetRxFifoThreshold  stm32h7xx_hal_uart_ex.o
    0x08004048   0x08004048   0x0000004c   Code   RO         3326    i.HAL_UARTEx_SetTxFifoThreshold  stm32h7xx_hal_uart_ex.o
    0x08004094   0x08004094   0x00000002   Code   RO         3328    i.HAL_UARTEx_TxFifoEmptyCallback  stm32h7xx_hal_uart_ex.o
    0x08004096   0x08004096   0x00000002   Code   RO         3329    i.HAL_UARTEx_WakeupCallback  stm32h7xx_hal_uart_ex.o
    0x08004098   0x08004098   0x00000002   Code   RO         2921    i.HAL_UART_ErrorCallback  stm32h7xx_hal_uart.o
    0x0800409a   0x0800409a   0x00000002   PAD
    0x0800409c   0x0800409c   0x00000388   Code   RO         2924    i.HAL_UART_IRQHandler  stm32h7xx_hal_uart.o
    0x08004424   0x08004424   0x0000006a   Code   RO         2925    i.HAL_UART_Init     stm32h7xx_hal_uart.o
    0x0800448e   0x0800448e   0x00000002   PAD
    0x08004490   0x08004490   0x00000098   Code   RO          274    i.HAL_UART_MspInit  usart.o
    0x08004528   0x08004528   0x00000002   Code   RO         2937    i.HAL_UART_TxCpltCallback  stm32h7xx_hal_uart.o
    0x0800452a   0x0800452a   0x00000002   Code   RO          319    i.HardFault_Handler  stm32h7xx_it.o
    0x0800452c   0x0800452c   0x0000000c   Code   RO          320    i.I2C2_ER_IRQHandler  stm32h7xx_it.o
    0x08004538   0x08004538   0x0000000c   Code   RO          321    i.I2C2_EV_IRQHandler  stm32h7xx_it.o
    0x08004544   0x08004544   0x00000014   Code   RO          651    i.I2C_DMAAbort      stm32h7xx_hal_i2c.o
    0x08004558   0x08004558   0x0000014c   Code   RO          652    i.I2C_DMAError      stm32h7xx_hal_i2c.o
    0x080046a4   0x080046a4   0x00000052   Code   RO          654    i.I2C_DMAMasterTransmitCplt  stm32h7xx_hal_i2c.o
    0x080046f6   0x080046f6   0x00000060   Code   RO          657    i.I2C_Disable_IRQ   stm32h7xx_hal_i2c.o
    0x08004756   0x08004756   0x00000002   PAD
    0x08004758   0x08004758   0x00000088   Code   RO          658    i.I2C_Enable_IRQ    stm32h7xx_hal_i2c.o
    0x080047e0   0x080047e0   0x00000022   Code   RO          659    i.I2C_Flush_TXDR    stm32h7xx_hal_i2c.o
    0x08004802   0x08004802   0x00000094   Code   RO          660    i.I2C_ITAddrCplt    stm32h7xx_hal_i2c.o
    0x08004896   0x08004896   0x00000002   PAD
    0x08004898   0x08004898   0x00000120   Code   RO          661    i.I2C_ITError       stm32h7xx_hal_i2c.o
    0x080049b8   0x080049b8   0x00000064   Code   RO          662    i.I2C_ITListenCplt  stm32h7xx_hal_i2c.o
    0x08004a1c   0x08004a1c   0x000000f4   Code   RO          663    i.I2C_ITMasterCplt  stm32h7xx_hal_i2c.o
    0x08004b10   0x08004b10   0x00000050   Code   RO          664    i.I2C_ITMasterSeqCplt  stm32h7xx_hal_i2c.o
    0x08004b60   0x08004b60   0x00000250   Code   RO          665    i.I2C_ITSlaveCplt   stm32h7xx_hal_i2c.o
    0x08004db0   0x08004db0   0x00000072   Code   RO          666    i.I2C_ITSlaveSeqCplt  stm32h7xx_hal_i2c.o
    0x08004e22   0x08004e22   0x00000002   PAD
    0x08004e24   0x08004e24   0x00000110   Code   RO          667    i.I2C_IsErrorOccurred  stm32h7xx_hal_i2c.o
    0x08004f34   0x08004f34   0x00000110   Code   RO          668    i.I2C_Master_ISR_DMA  stm32h7xx_hal_i2c.o
    0x08005044   0x08005044   0x00000130   Code   RO          669    i.I2C_Master_ISR_IT  stm32h7xx_hal_i2c.o
    0x08005174   0x08005174   0x0000013c   Code   RO          670    i.I2C_Mem_ISR_DMA   stm32h7xx_hal_i2c.o
    0x080052b0   0x080052b0   0x0000020c   Code   RO          674    i.I2C_Slave_ISR_DMA  stm32h7xx_hal_i2c.o
    0x080054bc   0x080054bc   0x00000118   Code   RO          675    i.I2C_Slave_ISR_IT  stm32h7xx_hal_i2c.o
    0x080055d4   0x080055d4   0x00000030   Code   RO          676    i.I2C_TransferConfig  stm32h7xx_hal_i2c.o
    0x08005604   0x08005604   0x0000002a   Code   RO          677    i.I2C_TreatErrorCallback  stm32h7xx_hal_i2c.o
    0x0800562e   0x0800562e   0x0000007c   Code   RO          678    i.I2C_WaitOnFlagUntilTimeout  stm32h7xx_hal_i2c.o
    0x080056aa   0x080056aa   0x00000058   Code   RO          680    i.I2C_WaitOnSTOPFlagUntilTimeout  stm32h7xx_hal_i2c.o
    0x08005702   0x08005702   0x0000005c   Code   RO          681    i.I2C_WaitOnTXISFlagUntilTimeout  stm32h7xx_hal_i2c.o
    0x0800575e   0x0800575e   0x00000002   PAD
    0x08005760   0x08005760   0x0000002c   Code   RO          207    i.MX_DMA_Init       dma.o
    0x0800578c   0x0800578c   0x0000003c   Code   RO          183    i.MX_GPIO_Init      gpio.o
    0x080057c8   0x080057c8   0x0000005c   Code   RO          233    i.MX_I2C2_Init      i2c.o
    0x08005824   0x08005824   0x00000068   Code   RO          275    i.MX_USART1_UART_Init  usart.o
    0x0800588c   0x0800588c   0x00000002   Code   RO          322    i.MemManage_Handler  stm32h7xx_it.o
    0x0800588e   0x0800588e   0x00000002   Code   RO          323    i.NMI_Handler       stm32h7xx_it.o
    0x08005890   0x08005890   0x0000002c   Code   RO         3471    i.OLED_Clear        oled.o
    0x080058bc   0x080058bc   0x00000064   Code   RO         3472    i.OLED_ClearArea    oled.o
    0x08005920   0x08005920   0x000000a8   Code   RO         3482    i.OLED_Init         oled.o
    0x080059c8   0x080059c8   0x0000000e   Code   RO         3484    i.OLED_Pow          oled.o
    0x080059d6   0x080059d6   0x00000002   PAD
    0x080059d8   0x080059d8   0x0000002c   Code   RO         3486    i.OLED_Reverse      oled.o
    0x08005a04   0x08005a04   0x00000022   Code   RO         3488    i.OLED_SetCursor    oled.o
    0x08005a26   0x08005a26   0x00000002   PAD
    0x08005a28   0x08005a28   0x0000003c   Code   RO         3490    i.OLED_ShowChar     oled.o
    0x08005a64   0x08005a64   0x000000cc   Code   RO         3493    i.OLED_ShowImage    oled.o
    0x08005b30   0x08005b30   0x00000046   Code   RO         3494    i.OLED_ShowNum      oled.o
    0x08005b76   0x08005b76   0x00000002   PAD
    0x08005b78   0x08005b78   0x0000002c   Code   RO         3497    i.OLED_Test         oled.o
    0x08005ba4   0x08005ba4   0x00000084   Code   RO         3498    i.OLED_Transmit_Datas  oled.o
    0x08005c28   0x08005c28   0x00000034   Code   RO         3499    i.OLED_Update       oled.o
    0x08005c5c   0x08005c5c   0x00000020   Code   RO         3501    i.OLED_WriteCommand  oled.o
    0x08005c7c   0x08005c7c   0x00000038   Code   RO         3502    i.OLED_WriteData    oled.o
    0x08005cb4   0x08005cb4   0x00000002   Code   RO          324    i.PendSV_Handler    stm32h7xx_it.o
    0x08005cb6   0x08005cb6   0x00000002   PAD
    0x08005cb8   0x08005cb8   0x00000120   Code   RO         1255    i.RCCEx_PLL2_Config  stm32h7xx_hal_rcc_ex.o
    0x08005dd8   0x08005dd8   0x00000120   Code   RO         1256    i.RCCEx_PLL3_Config  stm32h7xx_hal_rcc_ex.o
    0x08005ef8   0x08005ef8   0x00000002   Code   RO          325    i.SVC_Handler       stm32h7xx_it.o
    0x08005efa   0x08005efa   0x00000004   Code   RO          326    i.SysTick_Handler   stm32h7xx_it.o
    0x08005efe   0x08005efe   0x00000002   PAD
    0x08005f00   0x08005f00   0x000000dc   Code   RO           14    i.SystemClock_Config  main.o
    0x08005fdc   0x08005fdc   0x000000dc   Code   RO         3435    i.SystemInit        system_stm32h7xx.o
    0x080060b8   0x080060b8   0x00000044   Code   RO         3330    i.UARTEx_SetNbDataToProcess  stm32h7xx_hal_uart_ex.o
    0x080060fc   0x080060fc   0x000000c8   Code   RO         2939    i.UART_AdvFeatureConfig  stm32h7xx_hal_uart.o
    0x080061c4   0x080061c4   0x000000aa   Code   RO         2940    i.UART_CheckIdleState  stm32h7xx_hal_uart.o
    0x0800626e   0x0800626e   0x00000014   Code   RO         2941    i.UART_DMAAbortOnError  stm32h7xx_hal_uart.o
    0x08006282   0x08006282   0x00000002   PAD
    0x08006284   0x08006284   0x00000054   Code   RO         2951    i.UART_EndRxTransfer  stm32h7xx_hal_uart.o
    0x080062d8   0x080062d8   0x000003ac   Code   RO         2957    i.UART_SetConfig    stm32h7xx_hal_uart.o
    0x08006684   0x08006684   0x00000094   Code   RO         2964    i.UART_WaitOnFlagUntilTimeout  stm32h7xx_hal_uart.o
    0x08006718   0x08006718   0x0000000c   Code   RO          327    i.USART1_IRQHandler  stm32h7xx_it.o
    0x08006724   0x08006724   0x00000002   Code   RO          328    i.UsageFault_Handler  stm32h7xx_it.o
    0x08006726   0x08006726   0x00000022   Code   RO          469    i.__NVIC_SetPriority  stm32h7xx_hal_cortex.o
    0x08006748   0x08006748   0x000000a8   Code   RO           15    i.main              main.o
    0x080067f0   0x080067f0   0x0000000a   Code   RO         4091    x$fpl$fpinit        fz_wv.l(fpinit.o)
    0x080067fa   0x080067fa   0x00000008   Data   RO         1786    .constdata          stm32h7xx_hal_dma.o
    0x08006802   0x08006802   0x00000018   Data   RO         2965    .constdata          stm32h7xx_hal_uart.o
    0x0800681a   0x0800681a   0x00000010   Data   RO         3331    .constdata          stm32h7xx_hal_uart_ex.o
    0x0800682a   0x0800682a   0x00000010   Data   RO         3436    .constdata          system_stm32h7xx.o
    0x0800683a   0x0800683a   0x000005f0   Data   RO         3697    .constdata          oled_data.o
    0x08006e2a   0x08006e2a   0x0000023a   Data   RO         3698    .constdata          oled_data.o
    0x08007064   0x08007064   0x00000020   Data   RO         4226    Region$$Table       anon$$obj.o


    Execution Region RW_IRAM1 (Exec base: 0x20000000, Load base: 0x08007084, Size: 0x00000000, Max: 0x00020000, ABSOLUTE)

    **** No section assigned to this execution region ****


    Execution Region RW_IRAM2 (Exec base: 0x24000000, Load base: 0x08007084, Size: 0x00000de8, Max: 0x00080000, ABSOLUTE)

    Exec Addr    Load Addr    Size         Type   Attr      Idx    E Section Name        Object

    0x24000000   0x08007084   0x00000002   Data   RW           16    .data               main.o
    0x24000002   0x08007086   0x00000002   PAD
    0x24000004   0x08007088   0x0000000c   Data   RW         2524    .data               stm32h7xx_hal.o
    0x24000010   0x08007094   0x00000008   Data   RW         3437    .data               system_stm32h7xx.o
    0x24000018   0x0800709c   0x00000010   Data   RW         3504    .data               oled.o
    0x24000028        -       0x000000cc   Zero   RW          234    .bss                i2c.o
    0x240000f4        -       0x00000094   Zero   RW          276    .bss                usart.o
    0x24000188        -       0x00000060   Zero   RW         4030    .bss                c_w.l(libspace.o)
    0x240001e8        -       0x00000800   Zero   RW            2    HEAP                startup_stm32h743xx.o
    0x240009e8        -       0x00000400   Zero   RW            1    STACK               startup_stm32h743xx.o


==============================================================================

Image component sizes


      Code (inc. data)   RO Data    RW Data    ZI Data      Debug   Object Name

        44          4          0          0          0        866   dma.o
        60          6          0          0          0        911   gpio.o
       308         34          0          0        204       1922   i2c.o
       392         34          0          2          0    1240520   main.o
      1054         68          0         16          0      10576   oled.o
         0          0       2090          0          0       1288   oled_data.o
        64         26        664          0       3072        828   startup_stm32h743xx.o
       232         44          0         12          0      23284   stm32h7xx_hal.o
       198         12          0          0          0      39519   stm32h7xx_hal_cortex.o
      5998        246          8          0          0      12892   stm32h7xx_hal_dma.o
       556         50          0          0          0       1624   stm32h7xx_hal_gpio.o
      5630        182          0          0          0      33194   stm32h7xx_hal_i2c.o
       212         10          0          0          0       2698   stm32h7xx_hal_i2c_ex.o
        28          6          0          0          0        898   stm32h7xx_hal_msp.o
        84          6          0          0          0        773   stm32h7xx_hal_pwr_ex.o
      2466        102          0          0          0       7056   stm32h7xx_hal_rcc.o
      3736        118          0          0          0       7777   stm32h7xx_hal_rcc_ex.o
      2578        138         24          0          0      29768   stm32h7xx_hal_uart.o
       290          6         16          0          0       5398   stm32h7xx_hal_uart_ex.o
       104         34          0          0          0       7007   stm32h7xx_it.o
       220         40         16          8          0       1458   system_stm32h7xx.o
       256         24          0          0        148       1874   usart.o

    ----------------------------------------------------------------------
     24544       1190       2850         40       3424    1432131   Object Totals
         0          0         32          0          0          0   (incl. Generated)
        34          0          0          2          0          0   (incl. Padding)

    ----------------------------------------------------------------------

      Code (inc. data)   RO Data    RW Data    ZI Data      Debug   Library Member Name

         8          0          0          0          0         68   __main.o
         0          0          0          0          0          0   __rtentry.o
        12          0          0          0          0          0   __rtentry2.o
         6          0          0          0          0          0   __rtentry4.o
        52          8          0          0          0          0   __scatter.o
        26          0          0          0          0          0   __scatter_copy.o
        28          0          0          0          0          0   __scatter_zi.o
        10          0          0          0          0         68   defsig_exit.o
        50          0          0          0          0         88   defsig_general.o
        80         58          0          0          0         76   defsig_rtmem_inner.o
        14          0          0          0          0         80   defsig_rtmem_outer.o
        18          0          0          0          0         80   exit.o
        94          0          0          0          0         80   h1_alloc.o
        52          0          0          0          0         68   h1_extend.o
        78          0          0          0          0         80   h1_free.o
        14          0          0          0          0         84   h1_init.o
         6          0          0          0          0        152   heapauxi.o
         4          0          0          0          0        136   hguard.o
         0          0          0          0          0          0   indicate_semi.o
       138          0          0          0          0        168   init_alloc.o
         2          0          0          0          0          0   libinit.o
        14          0          0          0          0          0   libinit2.o
         2          0          0          0          0          0   libshutdown.o
         2          0          0          0          0          0   libshutdown2.o
         8          4          0          0         96         68   libspace.o
       238          0          0          0          0        100   lludivv7m.o
         0          0          0          0          0          0   maybetermalloc1.o
         8          4          0          0          0         68   rt_heap_descriptor_intlibspace.o
        78          0          0          0          0         80   rt_memclr_w.o
       138          0          0          0          0         68   rt_memcpy_v6.o
       100          0          0          0          0         80   rt_memcpy_w.o
         2          0          0          0          0          0   rtexit.o
        10          0          0          0          0          0   rtexit2.o
        12          4          0          0          0         68   sys_exit.o
        74          0          0          0          0         80   sys_stackheap_outer.o
        14          0          0          0          0         76   sys_wrch.o
         2          0          0          0          0         68   use_no_semi.o
        10          0          0          0          0        116   fpinit.o

    ----------------------------------------------------------------------
      1410         78          0          0         96       2100   Library Totals
         6          0          0          0          0          0   (incl. Padding)

    ----------------------------------------------------------------------

      Code (inc. data)   RO Data    RW Data    ZI Data      Debug   Library Name

      1394         78          0          0         96       1984   c_w.l
        10          0          0          0          0        116   fz_wv.l

    ----------------------------------------------------------------------
      1410         78          0          0         96       2100   Library Totals

    ----------------------------------------------------------------------

==============================================================================


      Code (inc. data)   RO Data    RW Data    ZI Data      Debug   

     25954       1268       2850         40       3520    1420591   Grand Totals
     25954       1268       2850         40       3520    1420591   ELF Image Totals
     25954       1268       2850         40          0          0   ROM Totals

==============================================================================

    Total RO  Size (Code + RO Data)                28804 (  28.13kB)
    Total RW  Size (RW Data + ZI Data)              3560 (   3.48kB)
    Total ROM Size (Code + RO Data + RW Data)      28844 (  28.17kB)

==============================================================================

